#-----------------------------------------------------------
# Vivado Lab Edition v2025.2 (64-bit)
# SW Build 6299465 on Fri Nov 14 21:19:43 MST 2025
# 
# 
# Start of session at: Sat May 30 18:19:50 2026
# Process ID         : 2474874
# Current directory  : /home/hwkim/Desktop/pccxai-private/v002-kv260-deploy-20260527
# Command line       : vivado_lab -mode batch -source debug/vivado_ila_capture.tcl
# Log file           : /home/hwkim/Desktop/pccxai-private/v002-kv260-deploy-20260527/vivado_lab.log
# Journal file       : /home/hwkim/Desktop/pccxai-private/v002-kv260-deploy-20260527/vivado_lab.jou
# Running On         : hwkim-Swift-SF314-42
# Platform           : Ubuntu
# Operating System   : Ubuntu 24.04.4 LTS
# Processor Detail   : AMD Ryzen 5 4500U with Radeon Graphics
# CPU Frequency      : 3664.158 MHz
# CPU Physical cores : 6
# CPU Logical cores  : 6
# Host memory        : 13459 MB
# Swap memory        : 32767 MB
# Total Virtual      : 46227 MB
# Available Virtual  : 33928 MB
#-----------------------------------------------------------
source debug/vivado_ila_capture.tcl
