[05:07:09.716 +  0.007s] =============================================================
[05:07:09.716 +  0.007s]   stage1_weight_ingress_smoke — HP0/HP1 INT4 weight ingress
[05:07:09.716 +  0.007s] =============================================================
[05:07:09.716 +  0.007s] [BANNER] argv: ['debug/stage1_weight_ingress_smoke.py']
[05:07:09.716 +  0.008s] [BANNER] cwd:  /home/ubuntu/pccx-gemma-deploy
[05:07:09.716 +  0.008s] [BANNER] uid:  0
[05:07:09.716 +  0.008s] [BANNER] python: 3.10.12 (/usr/bin/python3)
[05:07:09.716 +  0.008s] ==========================
[05:07:09.717 +  0.008s]   dmesg safety pre-check
[05:07:09.717 +  0.008s] ==========================
[05:07:09.768 +  0.059s] [dmesg] [Wed Jun  3 04:29:34 2026] OF: overlay: WARNING: memory leak will occur if overlay removed, property: /__symbols__/pccx_npu_uio
[05:07:09.768 +  0.060s] [dmesg] [Wed Jun  3 04:29:36 2026] OF: overlay: WARNING: memory leak will occur if overlay removed, property: /fpga-full/firmware-name
[05:07:09.769 +  0.060s] [dmesg] [Wed Jun  3 04:29:36 2026] OF: overlay: WARNING: memory leak will occur if overlay removed, property: /fpga-full/resets
[05:07:09.769 +  0.060s] [dmesg] [Wed Jun  3 04:29:36 2026] OF: overlay: WARNING: memory leak will occur if overlay removed, property: /__symbols__/pccx_npu_uio
[05:07:09.769 +  0.060s] [dmesg] [Wed Jun  3 04:29:39 2026] OF: overlay: WARNING: memory leak will occur if overlay removed, property: /fpga-full/firmware-name
[05:07:09.769 +  0.060s] [dmesg] [Wed Jun  3 04:29:39 2026] OF: overlay: WARNING: memory leak will occur if overlay removed, property: /fpga-full/resets
[05:07:09.769 +  0.060s] [dmesg] [Wed Jun  3 04:29:39 2026] OF: overlay: WARNING: memory leak will occur if overlay removed, property: /__symbols__/pccx_npu_uio
[05:07:09.769 +  0.060s] [dmesg] [Wed Jun  3 04:29:41 2026] OF: overlay: WARNING: memory leak will occur if overlay removed, property: /fpga-full/firmware-name
[05:07:09.769 +  0.060s] [dmesg] [Wed Jun  3 04:29:41 2026] OF: overlay: WARNING: memory leak will occur if overlay removed, property: /fpga-full/resets
[05:07:09.769 +  0.060s] [dmesg] [Wed Jun  3 04:29:41 2026] OF: overlay: WARNING: memory leak will occur if overlay removed, property: /__symbols__/pccx_npu_uio
[05:07:09.769 +  0.060s] [dmesg] [Wed Jun  3 04:29:44 2026] OF: overlay: WARNING: memory leak will occur if overlay removed, property: /fpga-full/firmware-name
[05:07:09.769 +  0.060s] [dmesg] [Wed Jun  3 04:29:44 2026] OF: overlay: WARNING: memory leak will occur if overlay removed, property: /fpga-full/resets
[05:07:09.769 +  0.061s] [dmesg] [Wed Jun  3 04:29:44 2026] OF: overlay: WARNING: memory leak will occur if overlay removed, property: /__symbols__/pccx_npu_uio
[05:07:09.769 +  0.061s] [dmesg] [Wed Jun  3 04:29:46 2026] OF: overlay: WARNING: memory leak will occur if overlay removed, property: /fpga-full/firmware-name
[05:07:09.769 +  0.061s] [dmesg] [Wed Jun  3 04:29:46 2026] OF: overlay: WARNING: memory leak will occur if overlay removed, property: /fpga-full/resets
[05:07:09.769 +  0.061s] [dmesg] [Wed Jun  3 04:29:46 2026] OF: overlay: WARNING: memory leak will occur if overlay removed, property: /__symbols__/pccx_npu_uio
[05:07:09.769 +  0.061s] [dmesg] [Wed Jun  3 04:29:49 2026] OF: overlay: WARNING: memory leak will occur if overlay removed, property: /fpga-full/firmware-name
[05:07:09.770 +  0.061s] [dmesg] [Wed Jun  3 04:29:49 2026] OF: overlay: WARNING: memory leak will occur if overlay removed, property: /fpga-full/resets
[05:07:09.770 +  0.061s] [dmesg] [Wed Jun  3 04:29:49 2026] OF: overlay: WARNING: memory leak will occur if overlay removed, property: /__symbols__/pccx_npu_uio
[05:07:09.770 +  0.061s] [dmesg] [Wed Jun  3 04:29:51 2026] OF: overlay: WARNING: memory leak will occur if overlay removed, property: /fpga-full/firmware-name
[05:07:09.770 +  0.061s] [dmesg] [Wed Jun  3 04:29:51 2026] OF: overlay: WARNING: memory leak will occur if overlay removed, property: /fpga-full/resets
[05:07:09.770 +  0.061s] [dmesg] [Wed Jun  3 04:29:51 2026] OF: overlay: WARNING: memory leak will occur if overlay removed, property: /__symbols__/pccx_npu_uio
[05:07:09.770 +  0.061s] [dmesg] [Wed Jun  3 04:29:54 2026] OF: overlay: WARNING: memory leak will occur if overlay removed, property: /fpga-full/firmware-name
[05:07:09.770 +  0.061s] [dmesg] [Wed Jun  3 04:29:54 2026] OF: overlay: WARNING: memory leak will occur if overlay removed, property: /fpga-full/resets
[05:07:09.770 +  0.061s] [dmesg] [Wed Jun  3 04:29:54 2026] OF: overlay: WARNING: memory leak will occur if overlay removed, property: /__symbols__/pccx_npu_uio
[05:07:09.770 +  0.061s] [dmesg] [Wed Jun  3 04:29:56 2026] OF: overlay: WARNING: memory leak will occur if overlay removed, property: /fpga-full/firmware-name
[05:07:09.770 +  0.061s] [dmesg] [Wed Jun  3 04:29:56 2026] OF: overlay: WARNING: memory leak will occur if overlay removed, property: /fpga-full/resets
[05:07:09.770 +  0.061s] [dmesg] [Wed Jun  3 04:29:56 2026] OF: overlay: WARNING: memory leak will occur if overlay removed, property: /__symbols__/pccx_npu_uio
[05:07:09.770 +  0.062s] [dmesg] [Wed Jun  3 04:29:59 2026] OF: overlay: WARNING: memory leak will occur if overlay removed, property: /fpga-full/firmware-name
[05:07:09.770 +  0.062s] [dmesg] [Wed Jun  3 04:29:59 2026] OF: overlay: WARNING: memory leak will occur if overlay removed, property: /fpga-full/resets
[05:07:09.770 +  0.062s] [dmesg] [Wed Jun  3 04:29:59 2026] OF: overlay: WARNING: memory leak will occur if overlay removed, property: /__symbols__/pccx_npu_uio
[05:07:09.770 +  0.062s] [dmesg] [Wed Jun  3 04:30:01 2026] OF: overlay: WARNING: memory leak will occur if overlay removed, property: /fpga-full/firmware-name
[05:07:09.770 +  0.062s] [dmesg] [Wed Jun  3 04:30:01 2026] OF: overlay: WARNING: memory leak will occur if overlay removed, property: /fpga-full/resets
[05:07:09.771 +  0.062s] [dmesg] [Wed Jun  3 04:30:01 2026] OF: overlay: WARNING: memory leak will occur if overlay removed, property: /__symbols__/pccx_npu_uio
[05:07:09.771 +  0.062s] [dmesg] [Wed Jun  3 04:30:04 2026] OF: overlay: WARNING: memory leak will occur if overlay removed, property: /fpga-full/firmware-name
[05:07:09.771 +  0.062s] [dmesg] [Wed Jun  3 04:30:04 2026] OF: overlay: WARNING: memory leak will occur if overlay removed, property: /fpga-full/resets
[05:07:09.771 +  0.062s] [dmesg] [Wed Jun  3 04:30:04 2026] OF: overlay: WARNING: memory leak will occur if overlay removed, property: /__symbols__/pccx_npu_uio
[05:07:09.771 +  0.062s] [dmesg] [Wed Jun  3 04:30:06 2026] OF: overlay: WARNING: memory leak will occur if overlay removed, property: /fpga-full/firmware-name
[05:07:09.771 +  0.062s] [dmesg] [Wed Jun  3 04:30:06 2026] OF: overlay: WARNING: memory leak will occur if overlay removed, property: /fpga-full/resets
[05:07:09.771 +  0.062s] [dmesg] [Wed Jun  3 04:30:06 2026] OF: overlay: WARNING: memory leak will occur if overlay removed, property: /__symbols__/pccx_npu_uio
[05:07:09.771 +  0.063s] [SAFETY] dmesg looks clean (no AXI bus error / SError in tail).
[05:07:09.771 +  0.063s] =============================
[05:07:09.772 +  0.063s]   xmutil reload pccx_npu_bd
[05:07:09.772 +  0.063s] =============================
[05:07:09.828 +  0.119s] [BIT] bitstream md5 = 2abbbae6b3333739ec6ab45e06532cd6 (== expected v28 reverify 20260603T034200Z)
[05:07:09.828 +  0.119s] [XMUTIL] running: xmutil unloadapp
[05:07:10.213 +  0.504s] [xmutil/unloadapp] remove from slot 0 returns: 0 (Ok)
[05:07:10.213 +  0.504s] [XMUTIL] running: xmutil loadapp pccx_npu_bd
[05:07:10.736 +  1.027s] [xmutil/loadapp] pccx_npu_bd: loaded to slot 0
[05:07:12.238 +  2.529s] [XMUTIL] /sys/class/uio/uio4/name = 'pccx-npu'
[05:07:12.293 +  2.584s] [BIT] bitstream md5 = 2abbbae6b3333739ec6ab45e06532cd6 (== expected v28 reverify 20260603T034200Z)
[05:07:12.293 +  2.584s] ========================
[05:07:12.293 +  2.584s]   payload construction
[05:07:12.293 +  2.584s] ========================
[05:07:12.304 +  2.595s] beats=64 bytes_per_lane_stream=1024
[05:07:12.304 +  2.595s] upper beat0 lanes=[-8, -7, -6, -5, -4, -3, -2, -1, 0, 1, 2, 3, 4, 5, 6, 7, -8, -7, -6, -5, -4, -3, -2, -1, 0, 1, 2, 3, 4, 5, 6, 7]
[05:07:12.304 +  2.595s] lower beat0 lanes=[7, 6, 5, 4, 3, 2, 1, 0, -1, -2, -3, -4, -5, -6, -7, -8, 7, 6, 5, 4, 3, 2, 1, 0, -1, -2, -3, -4, -5, -6, -7, -8]
[05:07:12.304 +  2.595s] upper beat0 little-endian hex=98badcfe1032547698badcfe10325476
[05:07:12.304 +  2.595s] lower beat0 little-endian hex=67452301efcdab8967452301efcdab89
[05:07:12.304 +  2.595s] ==================
[05:07:12.304 +  2.595s]   CMA allocation
[05:07:12.304 +  2.595s] ==================
[05:07:12.305 +  2.596s] [CMA] CMA OK: va=0xffff9ec7f000 phys=0x0375b0000 size=0x1000 fd=4
[05:07:12.305 +  2.597s] [CMA] CMA OK: va=0xffff9ec53000 phys=0x0375b1000 size=0x1000 fd=6
[05:07:12.306 +  2.597s] upper phys=0x0375b0000 lower phys=0x0375b1000
[05:07:12.308 +  2.599s] [DUMP] --- cmdsts snapshot: before HP0/HP1 paired issue ---
[05:07:12.308 +  2.600s] [DUMP]        hp0 @0xA000_1000: flags=0x00000005 [cmd_empty=1 cmd_full=0 sts_empty=1 sts_full=0 err_sticky=0x0] cmd_lvl=0 sts_lvl=0
[05:07:12.308 +  2.600s] [DUMP]        hp1 @0xA000_2000: flags=0x00000005 [cmd_empty=1 cmd_full=0 sts_empty=1 sts_full=0 err_sticky=0x0] cmd_lvl=0 sts_lvl=0
[05:07:12.308 +  2.600s] [DUMP]        hp2 @0xA000_3000: flags=0x00000005 [cmd_empty=1 cmd_full=0 sts_empty=1 sts_full=0 err_sticky=0x0] cmd_lvl=0 sts_lvl=0
[05:07:12.309 +  2.600s] [DUMP]        hp3 @0xA000_4000: flags=0x00000005 [cmd_empty=1 cmd_full=0 sts_empty=1 sts_full=0 err_sticky=0x0] cmd_lvl=0 sts_lvl=0
[05:07:12.309 +  2.600s] [DUMP]   acp_fmap @0xA000_5000: flags=0x00000005 [cmd_empty=1 cmd_full=0 sts_empty=1 sts_full=0 err_sticky=0x0] cmd_lvl=0 sts_lvl=0
[05:07:12.309 +  2.600s] [DUMP] acp_result @0xA000_6000: flags=0x00000005 [cmd_empty=1 cmd_full=0 sts_empty=1 sts_full=0 err_sticky=0x0] cmd_lvl=0 sts_lvl=0
[05:07:12.309 +  2.600s] ========================
[05:07:12.309 +  2.600s]   paired HP0/HP1 issue
[05:07:12.309 +  2.600s] ========================
[05:07:12.309 +  2.601s] issued hp0 token=0x0 hp1 token=0x1
[05:07:12.310 +  2.601s] [HP0] 0x00000080 tag=0x0 OKAY=1 err=- bytes=0 eof=0
[05:07:12.310 +  2.601s] [HP1] 0x00000081 tag=0x1 OKAY=1 err=- bytes=0 eof=0
[05:07:12.310 +  2.601s] [DUMP] --- cmdsts snapshot: after HP0/HP1 paired issue ---
[05:07:12.310 +  2.601s] [DUMP]        hp0 @0xA000_1000: flags=0x00000001 [cmd_empty=1 cmd_full=0 sts_empty=0 sts_full=0 err_sticky=0x0] cmd_lvl=0 sts_lvl=2
[05:07:12.310 +  2.601s] [DUMP]        hp1 @0xA000_2000: flags=0x00000001 [cmd_empty=1 cmd_full=0 sts_empty=0 sts_full=0 err_sticky=0x0] cmd_lvl=0 sts_lvl=2
[05:07:12.310 +  2.601s] [DUMP]        hp2 @0xA000_3000: flags=0x00000005 [cmd_empty=1 cmd_full=0 sts_empty=1 sts_full=0 err_sticky=0x0] cmd_lvl=0 sts_lvl=0
[05:07:12.310 +  2.602s] [DUMP]        hp3 @0xA000_4000: flags=0x00000005 [cmd_empty=1 cmd_full=0 sts_empty=1 sts_full=0 err_sticky=0x0] cmd_lvl=0 sts_lvl=0
[05:07:12.310 +  2.602s] [DUMP]   acp_fmap @0xA000_5000: flags=0x00000005 [cmd_empty=1 cmd_full=0 sts_empty=1 sts_full=0 err_sticky=0x0] cmd_lvl=0 sts_lvl=0
[05:07:12.310 +  2.602s] [DUMP] acp_result @0xA000_6000: flags=0x00000005 [cmd_empty=1 cmd_full=0 sts_empty=1 sts_full=0 err_sticky=0x0] cmd_lvl=0 sts_lvl=0
[05:07:12.311 +  2.602s] ==================
[05:07:12.311 +  2.602s]   cleanup reload
[05:07:12.311 +  2.602s] ==================
[05:07:12.311 +  2.602s] =============================
[05:07:12.311 +  2.602s]   xmutil reload pccx_npu_bd
[05:07:12.311 +  2.602s] =============================
[05:07:12.366 +  2.657s] [BIT] bitstream md5 = 2abbbae6b3333739ec6ab45e06532cd6 (== expected v28 reverify 20260603T034200Z)
[05:07:12.366 +  2.657s] [XMUTIL] running: xmutil unloadapp
[05:07:12.728 +  3.019s] [xmutil/unloadapp] remove from slot 0 returns: 0 (Ok)
[05:07:12.728 +  3.019s] [XMUTIL] running: xmutil loadapp pccx_npu_bd
[05:07:13.251 +  3.542s] [xmutil/loadapp] pccx_npu_bd: loaded to slot 0
[05:07:14.753 +  5.044s] [XMUTIL] /sys/class/uio/uio4/name = 'pccx-npu'
[05:07:14.807 +  5.099s] [BIT] bitstream md5 = 2abbbae6b3333739ec6ab45e06532cd6 (== expected v28 reverify 20260603T034200Z)
[05:07:14.808 +  5.099s] [RESULT] RESULT: PASS_WEIGHT_INGRESS
