[06:18:20.108 +  0.006s] =============================================================
[06:18:20.108 +  0.006s]   stage1_weight_ingress_smoke — HP0/HP1 INT4 weight ingress
[06:18:20.108 +  0.006s] =============================================================
[06:18:20.108 +  0.006s] [BANNER] argv: ['debug/stage1_weight_ingress_smoke.py']
[06:18:20.108 +  0.006s] [BANNER] cwd:  /home/ubuntu/pccx-gemma-deploy
[06:18:20.108 +  0.006s] [BANNER] uid:  0
[06:18:20.108 +  0.006s] [BANNER] python: 3.10.12 (/usr/bin/python3)
[06:18:20.109 +  0.007s] ==========================
[06:18:20.109 +  0.007s]   dmesg safety pre-check
[06:18:20.109 +  0.007s] ==========================
[06:18:20.158 +  0.056s] [dmesg] [Wed Jun  3 04:29:39 2026] OF: overlay: WARNING: memory leak will occur if overlay removed, property: /__symbols__/pccx_npu_uio
[06:18:20.158 +  0.056s] [dmesg] [Wed Jun  3 04:29:41 2026] OF: overlay: WARNING: memory leak will occur if overlay removed, property: /fpga-full/firmware-name
[06:18:20.158 +  0.056s] [dmesg] [Wed Jun  3 04:29:41 2026] OF: overlay: WARNING: memory leak will occur if overlay removed, property: /fpga-full/resets
[06:18:20.158 +  0.056s] [dmesg] [Wed Jun  3 04:29:41 2026] OF: overlay: WARNING: memory leak will occur if overlay removed, property: /__symbols__/pccx_npu_uio
[06:18:20.158 +  0.056s] [dmesg] [Wed Jun  3 04:29:44 2026] OF: overlay: WARNING: memory leak will occur if overlay removed, property: /fpga-full/firmware-name
[06:18:20.158 +  0.057s] [dmesg] [Wed Jun  3 04:29:44 2026] OF: overlay: WARNING: memory leak will occur if overlay removed, property: /fpga-full/resets
[06:18:20.159 +  0.057s] [dmesg] [Wed Jun  3 04:29:44 2026] OF: overlay: WARNING: memory leak will occur if overlay removed, property: /__symbols__/pccx_npu_uio
[06:18:20.159 +  0.057s] [dmesg] [Wed Jun  3 04:29:46 2026] OF: overlay: WARNING: memory leak will occur if overlay removed, property: /fpga-full/firmware-name
[06:18:20.159 +  0.057s] [dmesg] [Wed Jun  3 04:29:46 2026] OF: overlay: WARNING: memory leak will occur if overlay removed, property: /fpga-full/resets
[06:18:20.159 +  0.057s] [dmesg] [Wed Jun  3 04:29:46 2026] OF: overlay: WARNING: memory leak will occur if overlay removed, property: /__symbols__/pccx_npu_uio
[06:18:20.159 +  0.057s] [dmesg] [Wed Jun  3 04:29:49 2026] OF: overlay: WARNING: memory leak will occur if overlay removed, property: /fpga-full/firmware-name
[06:18:20.159 +  0.057s] [dmesg] [Wed Jun  3 04:29:49 2026] OF: overlay: WARNING: memory leak will occur if overlay removed, property: /fpga-full/resets
[06:18:20.159 +  0.057s] [dmesg] [Wed Jun  3 04:29:49 2026] OF: overlay: WARNING: memory leak will occur if overlay removed, property: /__symbols__/pccx_npu_uio
[06:18:20.159 +  0.057s] [dmesg] [Wed Jun  3 04:29:51 2026] OF: overlay: WARNING: memory leak will occur if overlay removed, property: /fpga-full/firmware-name
[06:18:20.159 +  0.057s] [dmesg] [Wed Jun  3 04:29:51 2026] OF: overlay: WARNING: memory leak will occur if overlay removed, property: /fpga-full/resets
[06:18:20.159 +  0.057s] [dmesg] [Wed Jun  3 04:29:51 2026] OF: overlay: WARNING: memory leak will occur if overlay removed, property: /__symbols__/pccx_npu_uio
[06:18:20.159 +  0.057s] [dmesg] [Wed Jun  3 04:29:54 2026] OF: overlay: WARNING: memory leak will occur if overlay removed, property: /fpga-full/firmware-name
[06:18:20.159 +  0.057s] [dmesg] [Wed Jun  3 04:29:54 2026] OF: overlay: WARNING: memory leak will occur if overlay removed, property: /fpga-full/resets
[06:18:20.159 +  0.057s] [dmesg] [Wed Jun  3 04:29:54 2026] OF: overlay: WARNING: memory leak will occur if overlay removed, property: /__symbols__/pccx_npu_uio
[06:18:20.159 +  0.057s] [dmesg] [Wed Jun  3 04:29:56 2026] OF: overlay: WARNING: memory leak will occur if overlay removed, property: /fpga-full/firmware-name
[06:18:20.159 +  0.057s] [dmesg] [Wed Jun  3 04:29:56 2026] OF: overlay: WARNING: memory leak will occur if overlay removed, property: /fpga-full/resets
[06:18:20.159 +  0.057s] [dmesg] [Wed Jun  3 04:29:56 2026] OF: overlay: WARNING: memory leak will occur if overlay removed, property: /__symbols__/pccx_npu_uio
[06:18:20.159 +  0.058s] [dmesg] [Wed Jun  3 04:29:59 2026] OF: overlay: WARNING: memory leak will occur if overlay removed, property: /fpga-full/firmware-name
[06:18:20.160 +  0.058s] [dmesg] [Wed Jun  3 04:29:59 2026] OF: overlay: WARNING: memory leak will occur if overlay removed, property: /fpga-full/resets
[06:18:20.160 +  0.058s] [dmesg] [Wed Jun  3 04:29:59 2026] OF: overlay: WARNING: memory leak will occur if overlay removed, property: /__symbols__/pccx_npu_uio
[06:18:20.160 +  0.058s] [dmesg] [Wed Jun  3 04:30:01 2026] OF: overlay: WARNING: memory leak will occur if overlay removed, property: /fpga-full/firmware-name
[06:18:20.160 +  0.058s] [dmesg] [Wed Jun  3 04:30:01 2026] OF: overlay: WARNING: memory leak will occur if overlay removed, property: /fpga-full/resets
[06:18:20.160 +  0.058s] [dmesg] [Wed Jun  3 04:30:01 2026] OF: overlay: WARNING: memory leak will occur if overlay removed, property: /__symbols__/pccx_npu_uio
[06:18:20.160 +  0.058s] [dmesg] [Wed Jun  3 04:30:04 2026] OF: overlay: WARNING: memory leak will occur if overlay removed, property: /fpga-full/firmware-name
[06:18:20.160 +  0.058s] [dmesg] [Wed Jun  3 04:30:04 2026] OF: overlay: WARNING: memory leak will occur if overlay removed, property: /fpga-full/resets
[06:18:20.160 +  0.058s] [dmesg] [Wed Jun  3 04:30:04 2026] OF: overlay: WARNING: memory leak will occur if overlay removed, property: /__symbols__/pccx_npu_uio
[06:18:20.160 +  0.058s] [dmesg] [Wed Jun  3 04:30:06 2026] OF: overlay: WARNING: memory leak will occur if overlay removed, property: /fpga-full/firmware-name
[06:18:20.160 +  0.058s] [dmesg] [Wed Jun  3 04:30:06 2026] OF: overlay: WARNING: memory leak will occur if overlay removed, property: /fpga-full/resets
[06:18:20.160 +  0.058s] [dmesg] [Wed Jun  3 04:30:06 2026] OF: overlay: WARNING: memory leak will occur if overlay removed, property: /__symbols__/pccx_npu_uio
[06:18:20.160 +  0.058s] [dmesg] [Wed Jun  3 05:07:09 2026] OF: overlay: WARNING: memory leak will occur if overlay removed, property: /fpga-full/firmware-name
[06:18:20.160 +  0.058s] [dmesg] [Wed Jun  3 05:07:09 2026] OF: overlay: WARNING: memory leak will occur if overlay removed, property: /fpga-full/resets
[06:18:20.160 +  0.058s] [dmesg] [Wed Jun  3 05:07:09 2026] OF: overlay: WARNING: memory leak will occur if overlay removed, property: /__symbols__/pccx_npu_uio
[06:18:20.160 +  0.058s] [dmesg] [Wed Jun  3 05:07:12 2026] OF: overlay: WARNING: memory leak will occur if overlay removed, property: /fpga-full/firmware-name
[06:18:20.160 +  0.058s] [dmesg] [Wed Jun  3 05:07:12 2026] OF: overlay: WARNING: memory leak will occur if overlay removed, property: /fpga-full/resets
[06:18:20.160 +  0.058s] [dmesg] [Wed Jun  3 05:07:12 2026] OF: overlay: WARNING: memory leak will occur if overlay removed, property: /__symbols__/pccx_npu_uio
[06:18:20.161 +  0.059s] [SAFETY] dmesg looks clean (no AXI bus error / SError in tail).
[06:18:20.161 +  0.059s] =============================
[06:18:20.161 +  0.059s]   xmutil reload pccx_npu_bd
[06:18:20.161 +  0.059s] =============================
[06:18:20.216 +  0.114s] [BIT] bitstream md5 = 2abbbae6b3333739ec6ab45e06532cd6 (== expected v28 reverify 20260603T034200Z)
[06:18:20.216 +  0.114s] [XMUTIL] running: xmutil unloadapp
[06:18:20.584 +  0.482s] [xmutil/unloadapp] remove from slot 0 returns: 0 (Ok)
[06:18:20.584 +  0.482s] [XMUTIL] running: xmutil loadapp pccx_npu_bd
[06:18:21.108 +  1.006s] [xmutil/loadapp] pccx_npu_bd: loaded to slot 0
[06:18:22.610 +  2.508s] [XMUTIL] /sys/class/uio/uio4/name = 'pccx-npu'
[06:18:22.665 +  2.563s] [BIT] bitstream md5 = 2abbbae6b3333739ec6ab45e06532cd6 (== expected v28 reverify 20260603T034200Z)
[06:18:22.665 +  2.563s] ========================
[06:18:22.665 +  2.563s]   payload construction
[06:18:22.665 +  2.563s] ========================
[06:18:22.676 +  2.574s] beats=64 bytes_per_lane_stream=1024
[06:18:22.676 +  2.574s] upper beat0 lanes=[-8, -7, -6, -5, -4, -3, -2, -1, 0, 1, 2, 3, 4, 5, 6, 7, -8, -7, -6, -5, -4, -3, -2, -1, 0, 1, 2, 3, 4, 5, 6, 7]
[06:18:22.676 +  2.574s] lower beat0 lanes=[7, 6, 5, 4, 3, 2, 1, 0, -1, -2, -3, -4, -5, -6, -7, -8, 7, 6, 5, 4, 3, 2, 1, 0, -1, -2, -3, -4, -5, -6, -7, -8]
[06:18:22.676 +  2.574s] upper beat0 little-endian hex=98badcfe1032547698badcfe10325476
[06:18:22.676 +  2.574s] lower beat0 little-endian hex=67452301efcdab8967452301efcdab89
[06:18:22.676 +  2.575s] ==================
[06:18:22.677 +  2.575s]   CMA allocation
[06:18:22.677 +  2.575s] ==================
[06:18:22.677 +  2.575s] [CMA] CMA OK: va=0xffff9973b000 phys=0x0375b0000 size=0x1000 fd=4
[06:18:22.678 +  2.576s] [CMA] CMA OK: va=0xffff9970f000 phys=0x0375b1000 size=0x1000 fd=6
[06:18:22.678 +  2.576s] upper phys=0x0375b0000 lower phys=0x0375b1000
[06:18:22.680 +  2.578s] [DUMP] --- cmdsts snapshot: before HP0/HP1 paired issue ---
[06:18:22.681 +  2.579s] [DUMP]        hp0 @0xA000_1000: flags=0x00000005 [cmd_empty=1 cmd_full=0 sts_empty=1 sts_full=0 err_sticky=0x0] cmd_lvl=0 sts_lvl=0
[06:18:22.681 +  2.579s] [DUMP]        hp1 @0xA000_2000: flags=0x00000005 [cmd_empty=1 cmd_full=0 sts_empty=1 sts_full=0 err_sticky=0x0] cmd_lvl=0 sts_lvl=0
[06:18:22.681 +  2.579s] [DUMP]        hp2 @0xA000_3000: flags=0x00000005 [cmd_empty=1 cmd_full=0 sts_empty=1 sts_full=0 err_sticky=0x0] cmd_lvl=0 sts_lvl=0
[06:18:22.681 +  2.579s] [DUMP]        hp3 @0xA000_4000: flags=0x00000005 [cmd_empty=1 cmd_full=0 sts_empty=1 sts_full=0 err_sticky=0x0] cmd_lvl=0 sts_lvl=0
[06:18:22.681 +  2.579s] [DUMP]   acp_fmap @0xA000_5000: flags=0x00000005 [cmd_empty=1 cmd_full=0 sts_empty=1 sts_full=0 err_sticky=0x0] cmd_lvl=0 sts_lvl=0
[06:18:22.681 +  2.579s] [DUMP] acp_result @0xA000_6000: flags=0x00000005 [cmd_empty=1 cmd_full=0 sts_empty=1 sts_full=0 err_sticky=0x0] cmd_lvl=0 sts_lvl=0
[06:18:22.681 +  2.579s] ========================
[06:18:22.681 +  2.579s]   paired HP0/HP1 issue
[06:18:22.681 +  2.579s] ========================
[06:18:22.682 +  2.580s] issued hp0 token=0x0 hp1 token=0x1
[06:18:22.682 +  2.580s] [HP0] 0x00000080 tag=0x0 OKAY=1 err=- bytes=0 eof=0
[06:18:22.682 +  2.580s] [HP1] 0x00000081 tag=0x1 OKAY=1 err=- bytes=0 eof=0
[06:18:22.682 +  2.580s] [POP] STS_POP[0] = 0x00000080 tag=0x0 OKAY=1 err=- bytes=0 eof=0
[06:18:22.682 +  2.580s] [POP] STS_POP[1] = 0x00000080 tag=0x0 OKAY=1 err=- bytes=0 eof=0
[06:18:22.682 +  2.580s] [POP] STS_POP[0] = 0x00000081 tag=0x1 OKAY=1 err=- bytes=0 eof=0
[06:18:22.682 +  2.580s] [POP] STS_POP[1] = 0x00000081 tag=0x1 OKAY=1 err=- bytes=0 eof=0
[06:18:22.682 +  2.580s] [HP0] hp0 status payloads checked=3
[06:18:22.682 +  2.581s] [HP1] hp1 status payloads checked=3
[06:18:22.683 +  2.581s] [DUMP] --- cmdsts snapshot: after HP0/HP1 paired issue ---
[06:18:22.683 +  2.581s] [DUMP]        hp0 @0xA000_1000: flags=0x00000005 [cmd_empty=1 cmd_full=0 sts_empty=1 sts_full=0 err_sticky=0x0] cmd_lvl=0 sts_lvl=0
[06:18:22.683 +  2.581s] [DUMP]        hp1 @0xA000_2000: flags=0x00000005 [cmd_empty=1 cmd_full=0 sts_empty=1 sts_full=0 err_sticky=0x0] cmd_lvl=0 sts_lvl=0
[06:18:22.683 +  2.581s] [DUMP]        hp2 @0xA000_3000: flags=0x00000005 [cmd_empty=1 cmd_full=0 sts_empty=1 sts_full=0 err_sticky=0x0] cmd_lvl=0 sts_lvl=0
[06:18:22.683 +  2.581s] [DUMP]        hp3 @0xA000_4000: flags=0x00000005 [cmd_empty=1 cmd_full=0 sts_empty=1 sts_full=0 err_sticky=0x0] cmd_lvl=0 sts_lvl=0
[06:18:22.683 +  2.581s] [DUMP]   acp_fmap @0xA000_5000: flags=0x00000005 [cmd_empty=1 cmd_full=0 sts_empty=1 sts_full=0 err_sticky=0x0] cmd_lvl=0 sts_lvl=0
[06:18:22.683 +  2.581s] [DUMP] acp_result @0xA000_6000: flags=0x00000005 [cmd_empty=1 cmd_full=0 sts_empty=1 sts_full=0 err_sticky=0x0] cmd_lvl=0 sts_lvl=0
[06:18:22.684 +  2.582s] ==================
[06:18:22.684 +  2.582s]   cleanup reload
[06:18:22.684 +  2.582s] ==================
[06:18:22.684 +  2.582s] =============================
[06:18:22.684 +  2.582s]   xmutil reload pccx_npu_bd
[06:18:22.684 +  2.582s] =============================
[06:18:22.737 +  2.636s] [BIT] bitstream md5 = 2abbbae6b3333739ec6ab45e06532cd6 (== expected v28 reverify 20260603T034200Z)
[06:18:22.738 +  2.636s] [XMUTIL] running: xmutil unloadapp
[06:18:23.096 +  2.994s] [xmutil/unloadapp] remove from slot 0 returns: 0 (Ok)
[06:18:23.096 +  2.994s] [XMUTIL] running: xmutil loadapp pccx_npu_bd
[06:18:23.619 +  3.517s] [xmutil/loadapp] pccx_npu_bd: loaded to slot 0
[06:18:25.121 +  5.020s] [XMUTIL] /sys/class/uio/uio4/name = 'pccx-npu'
[06:18:25.175 +  5.073s] [BIT] bitstream md5 = 2abbbae6b3333739ec6ab45e06532cd6 (== expected v28 reverify 20260603T034200Z)
[06:18:25.175 +  5.073s] [RESULT] RESULT: PASS_WEIGHT_INGRESS
