[09:47:02.837 +  0.020s] =======================================================================
[09:47:02.837 +  0.020s]   dbg_step_03 — cmdsts_acp_fmap SINGLE CMD_PUSH — canonical ACP stall
[09:47:02.837 +  0.020s] =======================================================================
[09:47:02.837 +  0.020s] [BANNER] argv: ['debug/dbg_step_03_cmdsts_single_acp.py']
[09:47:02.837 +  0.020s] [BANNER] cwd:  /home/ubuntu/pccx-gemma-deploy
[09:47:02.837 +  0.020s] [BANNER] uid:  0
[09:47:02.838 +  0.021s] [BANNER] python: 3.10.12 (/usr/bin/python3)
[09:47:02.920 +  0.103s] [BIT] bitstream md5 = 1c4f2f5a62e7f3ec6d48aa59063403df (UNEXPECTED — log it!)
[09:47:02.927 +  0.110s] [UIO] opening NPU UIO at /dev/uio4
[09:47:02.927 +  0.110s] [UIO] mmap OK: path=/dev/uio4 size=0x10000 fd=3
[09:47:02.927 +  0.110s] ========================================
[09:47:02.927 +  0.110s]   pre snapshot — all 6 cmdsts channels
[09:47:02.927 +  0.110s] ========================================
[09:47:02.927 +  0.111s] [DUMP] --- cmdsts snapshot: pre-push ---
[09:47:02.928 +  0.111s] [DUMP]        hp0 @0xA000_1000: flags=0x00000005 [cmd_empty=1 cmd_full=0 sts_empty=1 sts_full=0 err_sticky=0x0] cmd_lvl=0 sts_lvl=0
[09:47:02.928 +  0.111s] [DUMP]        hp1 @0xA000_2000: flags=0x00000005 [cmd_empty=1 cmd_full=0 sts_empty=1 sts_full=0 err_sticky=0x0] cmd_lvl=0 sts_lvl=0
[09:47:02.928 +  0.111s] [DUMP]        hp2 @0xA000_3000: flags=0x00000005 [cmd_empty=1 cmd_full=0 sts_empty=1 sts_full=0 err_sticky=0x0] cmd_lvl=0 sts_lvl=0
[09:47:02.928 +  0.111s] [DUMP]        hp3 @0xA000_4000: flags=0x00000005 [cmd_empty=1 cmd_full=0 sts_empty=1 sts_full=0 err_sticky=0x0] cmd_lvl=0 sts_lvl=0
[09:47:02.929 +  0.112s] [DUMP]   acp_fmap @0xA000_5000: flags=0x00000005 [cmd_empty=1 cmd_full=0 sts_empty=1 sts_full=0 err_sticky=0x0] cmd_lvl=0 sts_lvl=0
[09:47:02.929 +  0.112s] [DUMP] acp_result @0xA000_6000: flags=0x00000005 [cmd_empty=1 cmd_full=0 sts_empty=1 sts_full=0 err_sticky=0x0] cmd_lvl=0 sts_lvl=0
[09:47:02.929 +  0.112s] ===========================================
[09:47:02.929 +  0.112s]   allocate CMA buffer for DataMover SADDR
[09:47:02.929 +  0.112s] ===========================================
[09:47:02.933 +  0.116s] [CMA] CMA OK: va=0xffff8f51e000 phys=0x0375b0000 size=0x1000 fd=6
[09:47:02.934 +  0.117s] [ADDR] DM SADDR = 0x375b0000
[09:47:02.934 +  0.117s] ===================================
[09:47:02.934 +  0.117s]   push 1 cmd onto cmdsts_acp_fmap
[09:47:02.934 +  0.117s] ===================================
[09:47:02.934 +  0.117s] [PUSH] push cmd →   acp_fmap: addr=0x375b0000 btt=256 drr=0 eof=1 tag=0
[09:47:02.934 +  0.117s] [PUSH]   CMD_LO=0x40800100 CMD_HI=0x375b0000 CMD_EXT=0x00
[09:47:02.935 +  0.118s] ================================
[09:47:02.935 +  0.118s]   post-push immediate snapshot
[09:47:02.935 +  0.118s] ================================
[09:47:02.935 +  0.118s] [POST]   immediate: flags=0x00000005 [cmd_empty=1 cmd_full=0 sts_empty=1 sts_full=0 err_sticky=0x0] cmd_lvl=0 sts_lvl=0
[09:47:02.935 +  0.118s] [POST]   → DataMover popped the cmd instantly (cmd_ready=1)
[09:47:02.935 +  0.118s] ==========================================================
[09:47:02.935 +  0.119s]   poll cmdsts_acp_fmap for status (every 0.25s for 3.0s)
[09:47:02.936 +  0.119s] ==========================================================
[09:47:02.936 +  0.119s] [POLL]   acp_fmap @0xA000_5000: flags=0x00000005 [cmd_empty=1 cmd_full=0 sts_empty=1 sts_full=0 err_sticky=0x0] cmd_lvl=0 sts_lvl=0
