[12:54:36.029 +  0.006s] =====================================================================
[12:54:36.030 +  0.006s]   board_post_gemm_small64_probe — no-reload Stage0 probe after GEMM
[12:54:36.030 +  0.006s] =====================================================================
[12:54:36.030 +  0.006s] [BANNER] argv: ['debug/board_post_gemm_small64_probe.py']
[12:54:36.030 +  0.006s] [BANNER] cwd:  /home/ubuntu/pccx-gemma-deploy
[12:54:36.030 +  0.006s] [BANNER] uid:  0
[12:54:36.030 +  0.006s] [BANNER] python: 3.10.12 (/usr/bin/python3)
[12:54:36.031 +  0.007s] [CMA] CMA OK: va=0xffff93867000 phys=0x0375b0000 size=0x1000 fd=4
[12:54:36.031 +  0.008s] [CMA] CMA OK: va=0xffff9381a000 phys=0x0375b1000 size=0x1000 fd=6
[12:54:36.031 +  0.008s] [WARN] src: mmap.flush ignored: [Errno 22] Invalid argument
[12:54:36.031 +  0.008s] [WARN] dst: mmap.flush ignored: [Errno 22] Invalid argument
[12:54:36.032 +  0.008s] src_phys=0x0375b0000 dst_phys=0x0375b1000
[12:54:36.034 +  0.010s] [NPU] pre-status: 0x0000000000008000 busy=0 done=0 top=0x2000 mem=0x0000
[12:54:36.034 +  0.011s] [DUMP] --- cmdsts snapshot: post-gemm small64: before probe ---
[12:54:36.034 +  0.011s] [DUMP]        hp0 @0xA000_1000: flags=0x00000005 [cmd_empty=1 cmd_full=0 sts_empty=1 sts_full=0 err_sticky=0x0] cmd_lvl=0 sts_lvl=0
[12:54:36.034 +  0.011s] [DUMP]        hp1 @0xA000_2000: flags=0x00000005 [cmd_empty=1 cmd_full=0 sts_empty=1 sts_full=0 err_sticky=0x0] cmd_lvl=0 sts_lvl=0
[12:54:36.034 +  0.011s] [DUMP]        hp2 @0xA000_3000: flags=0x00000005 [cmd_empty=1 cmd_full=0 sts_empty=1 sts_full=0 err_sticky=0x0] cmd_lvl=0 sts_lvl=0
[12:54:36.035 +  0.011s] [DUMP]        hp3 @0xA000_4000: flags=0x00000005 [cmd_empty=1 cmd_full=0 sts_empty=1 sts_full=0 err_sticky=0x0] cmd_lvl=0 sts_lvl=0
[12:54:36.035 +  0.011s] [DUMP]   acp_fmap @0xA000_5000: flags=0x00000005 [cmd_empty=1 cmd_full=0 sts_empty=1 sts_full=0 err_sticky=0x0] cmd_lvl=0 sts_lvl=0
[12:54:36.035 +  0.011s] [DUMP] acp_result @0xA000_6000: flags=0x00000005 [cmd_empty=1 cmd_full=0 sts_empty=1 sts_full=0 err_sticky=0x0] cmd_lvl=0 sts_lvl=0
[12:54:36.035 +  0.011s] ===============================
[12:54:36.035 +  0.011s]   shape[2] = 32 BF16 elements
[12:54:36.035 +  0.012s] ===============================
[12:54:36.085 +  0.062s] [NPU] after shape: 0x0000000000008002 busy=0 done=1 top=0x2000 mem=0x0000
[12:54:36.085 +  0.062s] ======================
[12:54:36.085 +  0.062s]   host -> L2 small64
[12:54:36.085 +  0.062s] ======================
[12:54:36.086 +  0.062s] [DM] acp_fmap issued token=0x5 length=64
[12:54:36.086 +  0.062s] [acp_fmap] 0x00000085 tag=0x5 OKAY=1 err=- bytes=0 eof=0
[12:54:36.086 +  0.062s] [POP] STS_POP[0] = 0x00000085 tag=0x5 OKAY=1 err=- bytes=0 eof=0
[12:54:36.086 +  0.063s] [POP] STS_POP[1] = 0x00000085 tag=0x5 OKAY=1 err=- bytes=0 eof=0
[12:54:36.086 +  0.063s] ======================
[12:54:36.086 +  0.063s]   L2 -> host small64
[12:54:36.086 +  0.063s] ======================
[12:54:36.086 +  0.063s] [DM] acp_result issued token=0x6 length=64
[12:54:36.087 +  0.063s] [acp_result] 0x00000086 tag=0x6 OKAY=1 err=- bytes=0 eof=0
[12:54:36.087 +  0.063s] [RESULT] got=30373e454c535a61686f767d848b9299a0a7aeb5bcc3cad1d8dfe6edf4fb020910171e252c333a41484f565d646b727980878e959ca3aab1b8bfc6cdd4dbe2e9
[12:54:36.087 +  0.063s] [RESULT] exp=30373e454c535a61686f767d848b9299a0a7aeb5bcc3cad1d8dfe6edf4fb020910171e252c333a41484f565d646b727980878e959ca3aab1b8bfc6cdd4dbe2e9
[12:54:36.087 +  0.063s] [DUMP] --- cmdsts snapshot: post-gemm small64: after probe ---
[12:54:36.087 +  0.063s] [DUMP]        hp0 @0xA000_1000: flags=0x00000005 [cmd_empty=1 cmd_full=0 sts_empty=1 sts_full=0 err_sticky=0x0] cmd_lvl=0 sts_lvl=0
[12:54:36.087 +  0.064s] [DUMP]        hp1 @0xA000_2000: flags=0x00000005 [cmd_empty=1 cmd_full=0 sts_empty=1 sts_full=0 err_sticky=0x0] cmd_lvl=0 sts_lvl=0
[12:54:36.087 +  0.064s] [DUMP]        hp2 @0xA000_3000: flags=0x00000005 [cmd_empty=1 cmd_full=0 sts_empty=1 sts_full=0 err_sticky=0x0] cmd_lvl=0 sts_lvl=0
[12:54:36.087 +  0.064s] [DUMP]        hp3 @0xA000_4000: flags=0x00000005 [cmd_empty=1 cmd_full=0 sts_empty=1 sts_full=0 err_sticky=0x0] cmd_lvl=0 sts_lvl=0
[12:54:36.087 +  0.064s] [DUMP]   acp_fmap @0xA000_5000: flags=0x00000005 [cmd_empty=1 cmd_full=0 sts_empty=1 sts_full=0 err_sticky=0x0] cmd_lvl=0 sts_lvl=0
[12:54:36.088 +  0.064s] [DUMP] acp_result @0xA000_6000: flags=0x00000005 [cmd_empty=1 cmd_full=0 sts_empty=1 sts_full=0 err_sticky=0x0] cmd_lvl=0 sts_lvl=0
[12:54:36.088 +  0.064s] [RESULT] RESULT: PASS_POST_GEMM_STAGE0_SMALL64
