[07:37:32.397 +  0.016s] =======================================================================
[07:37:32.398 +  0.016s]   board_v28_repeated_stage0_reset_diag — fresh/no-reload/fresh Stage0
[07:37:32.398 +  0.016s] =======================================================================
[07:37:32.398 +  0.016s] [BANNER] argv: ['board_v28_repeated_stage0_reset_diag.py']
[07:37:32.398 +  0.016s] [BANNER] cwd:  /tmp/pccx-v29-debug
[07:37:32.398 +  0.016s] [BANNER] uid:  0
[07:37:32.398 +  0.016s] [BANNER] python: 3.10.12 (/usr/bin/python3)
[07:37:32.398 +  0.017s] [SETUP] result_dir=/tmp/pccx-v29-debug/results/board_v28_repeated_stage0_20260603T073732Z
[07:37:32.398 +  0.017s] =====================================
[07:37:32.399 +  0.017s]   phase A: fresh reload then Stage0
[07:37:32.399 +  0.017s] =====================================
[07:37:32.399 +  0.017s] =============================
[07:37:32.399 +  0.017s]   xmutil reload pccx_npu_bd
[07:37:32.399 +  0.017s] =============================
[07:37:32.452 +  0.071s] [BIT] bitstream md5 = 06fcc0d825ee8ffdb782d098131cf6b7 (== expected v29 instalign 20260603T064753Z)
[07:37:32.452 +  0.071s] [XMUTIL] running: xmutil unloadapp
[07:37:32.812 +  0.431s] [xmutil/unloadapp] remove from slot 0 returns: 0 (Ok)
[07:37:32.813 +  0.431s] [XMUTIL] running: xmutil loadapp pccx_npu_bd
[07:37:33.336 +  0.954s] [xmutil/loadapp] pccx_npu_bd: loaded to slot 0
[07:37:34.838 +  2.456s] [XMUTIL] /sys/class/uio/uio4/name = 'pccx-npu'
[07:37:34.893 +  2.511s] [BIT] bitstream md5 = 06fcc0d825ee8ffdb782d098131cf6b7 (== expected v29 instalign 20260603T064753Z)
[07:37:34.893 +  2.511s] [RUN] running Stage0: phase_a_fresh_reload_stage0
[07:37:38.488 +  6.106s] [phase_a_fresh_reload_stage0] 
[07:37:38.488 +  6.107s] [phase_a_fresh_reload_stage0] [Step 3] MEMCPY HOST -> L2 (shape_ptr_addr=0)
[07:37:38.488 +  6.107s] [phase_a_fresh_reload_stage0]   word=0x2802000000000000
[07:37:38.488 +  6.107s] [phase_a_fresh_reload_stage0]   acp_fmap tag=0x0
[07:37:38.488 +  6.107s] [phase_a_fresh_reload_stage0]     t=0ms NPU: 0x0000000000008001 busy=1 done=0 top=0x2000 mem=0x0000
[07:37:38.488 +  6.107s] [phase_a_fresh_reload_stage0]     t=125ms NPU: 0x0000000000008001 busy=1 done=0 top=0x2000 mem=0x0000
[07:37:38.488 +  6.107s] [phase_a_fresh_reload_stage0]     t=250ms NPU: 0x0000000000008001 busy=1 done=0 top=0x2000 mem=0x0000
[07:37:38.488 +  6.107s] [phase_a_fresh_reload_stage0]     t=500ms NPU: 0x0000000000008001 busy=1 done=0 top=0x2000 mem=0x0000
[07:37:38.489 +  6.107s] [phase_a_fresh_reload_stage0]     t=975ms NPU: 0x0000000000008001 busy=1 done=0 top=0x2000 mem=0x0000
[07:37:38.489 +  6.107s] [phase_a_fresh_reload_stage0]   acp_fmap mover status: 0x80
[07:37:38.489 +  6.107s] [phase_a_fresh_reload_stage0] 
[07:37:38.489 +  6.107s] [phase_a_fresh_reload_stage0] [Step 4] MEMCPY L2 -> HOST (shape_ptr_addr=1)
[07:37:38.489 +  6.107s] [phase_a_fresh_reload_stage0]   word=0x2400000100000002
[07:37:38.489 +  6.107s] [phase_a_fresh_reload_stage0]   acp_result tag=0x1
[07:37:38.489 +  6.107s] [phase_a_fresh_reload_stage0]     t=0ms NPU: 0x0000000000008001 busy=1 done=0 top=0x2000 mem=0x0000
[07:37:38.489 +  6.107s] [phase_a_fresh_reload_stage0]     t=125ms NPU: 0x0000000000008001 busy=1 done=0 top=0x2000 mem=0x0000
[07:37:38.489 +  6.107s] [phase_a_fresh_reload_stage0]     t=250ms NPU: 0x0000000000008001 busy=1 done=0 top=0x2000 mem=0x0000
[07:37:38.489 +  6.107s] [phase_a_fresh_reload_stage0]     t=500ms NPU: 0x0000000000008001 busy=1 done=0 top=0x2000 mem=0x0000
[07:37:38.489 +  6.108s] [phase_a_fresh_reload_stage0]     t=975ms NPU: 0x0000000000008001 busy=1 done=0 top=0x2000 mem=0x0000
[07:37:38.489 +  6.108s] [phase_a_fresh_reload_stage0]   acp_result mover status: 0x81
[07:37:38.489 +  6.108s] [phase_a_fresh_reload_stage0] 
[07:37:38.489 +  6.108s] [phase_a_fresh_reload_stage0]   A: 504343582d53544147452d302d56342d4d454d4350592d574954482d53484150
[07:37:38.489 +  6.108s] [phase_a_fresh_reload_stage0]   B: 504343582d53544147452d302d56342d4d454d4350592d574954482d53484150
[07:37:38.489 +  6.108s] [phase_a_fresh_reload_stage0] RESULT: PASS
[07:37:38.489 +  6.108s] [RUN] phase_a_fresh_reload_stage0 rc=0 log=/tmp/pccx-v29-debug/results/board_v28_repeated_stage0_20260603T073732Z/phase_a_fresh_reload_stage0.log
[07:37:38.490 +  6.108s] ============================================
[07:37:38.490 +  6.108s]   phase B: immediate Stage0 without reload
[07:37:38.490 +  6.108s] ============================================
[07:37:38.490 +  6.108s] [RUN] running Stage0: phase_b_no_reload_stage0
[07:37:41.374 +  8.993s] [phase_b_no_reload_stage0] 
[07:37:41.375 +  8.993s] [phase_b_no_reload_stage0] [Step 3] MEMCPY HOST -> L2 (shape_ptr_addr=0)
[07:37:41.375 +  8.993s] [phase_b_no_reload_stage0]   word=0x2802000000000000
[07:37:41.375 +  8.993s] [phase_b_no_reload_stage0]   acp_fmap tag=0x0
[07:37:41.375 +  8.993s] [phase_b_no_reload_stage0]     t=0ms NPU: 0x0000000000008001 busy=1 done=0 top=0x2000 mem=0x0000
[07:37:41.375 +  8.993s] [phase_b_no_reload_stage0]     t=125ms NPU: 0x0000000000008001 busy=1 done=0 top=0x2000 mem=0x0000
[07:37:41.375 +  8.993s] [phase_b_no_reload_stage0]     t=250ms NPU: 0x0000000000008001 busy=1 done=0 top=0x2000 mem=0x0000
[07:37:41.375 +  8.993s] [phase_b_no_reload_stage0]     t=500ms NPU: 0x0000000000008001 busy=1 done=0 top=0x2000 mem=0x0000
[07:37:41.375 +  8.993s] [phase_b_no_reload_stage0]     t=975ms NPU: 0x0000000000008001 busy=1 done=0 top=0x2000 mem=0x0000
[07:37:41.375 +  8.993s] [phase_b_no_reload_stage0]   acp_fmap mover status: 0x80
[07:37:41.375 +  8.993s] [phase_b_no_reload_stage0] 
[07:37:41.375 +  8.993s] [phase_b_no_reload_stage0] [Step 4] MEMCPY L2 -> HOST (shape_ptr_addr=1)
[07:37:41.375 +  8.994s] [phase_b_no_reload_stage0]   word=0x2400000100000002
[07:37:41.375 +  8.994s] [phase_b_no_reload_stage0]   acp_result tag=0x1
[07:37:41.375 +  8.994s] [phase_b_no_reload_stage0]     t=0ms NPU: 0x0000000000008001 busy=1 done=0 top=0x2000 mem=0x0000
[07:37:41.375 +  8.994s] [phase_b_no_reload_stage0]     t=125ms NPU: 0x0000000000008001 busy=1 done=0 top=0x2000 mem=0x0000
[07:37:41.375 +  8.994s] [phase_b_no_reload_stage0]     t=250ms NPU: 0x0000000000008001 busy=1 done=0 top=0x2000 mem=0x0000
[07:37:41.375 +  8.994s] [phase_b_no_reload_stage0]     t=500ms NPU: 0x0000000000008001 busy=1 done=0 top=0x2000 mem=0x0000
[07:37:41.375 +  8.994s] [phase_b_no_reload_stage0]     t=975ms NPU: 0x0000000000008001 busy=1 done=0 top=0x2000 mem=0x0000
[07:37:41.376 +  8.994s] [phase_b_no_reload_stage0]   acp_result mover status: 0x81
[07:37:41.376 +  8.994s] [phase_b_no_reload_stage0] 
[07:37:41.376 +  8.994s] [phase_b_no_reload_stage0]   A: 504343582d53544147452d302d56342d4d454d4350592d574954482d53484150
[07:37:41.376 +  8.994s] [phase_b_no_reload_stage0]   B: 504343582d53544147452d302d56342d4d454d4350592d574954482d53484150
[07:37:41.376 +  8.994s] [phase_b_no_reload_stage0] RESULT: PASS
[07:37:41.376 +  8.994s] [RUN] phase_b_no_reload_stage0 rc=0 log=/tmp/pccx-v29-debug/results/board_v28_repeated_stage0_20260603T073732Z/phase_b_no_reload_stage0.log
[07:37:41.376 +  8.994s] =====================================
[07:37:41.376 +  8.994s]   phase C: reload again then Stage0
[07:37:41.376 +  8.994s] =====================================
[07:37:41.376 +  8.994s] =============================
[07:37:41.376 +  8.995s]   xmutil reload pccx_npu_bd
[07:37:41.376 +  8.995s] =============================
[07:37:41.431 +  9.049s] [BIT] bitstream md5 = 06fcc0d825ee8ffdb782d098131cf6b7 (== expected v29 instalign 20260603T064753Z)
[07:37:41.431 +  9.049s] [XMUTIL] running: xmutil unloadapp
[07:37:41.785 +  9.403s] [xmutil/unloadapp] remove from slot 0 returns: 0 (Ok)
[07:37:41.785 +  9.403s] [XMUTIL] running: xmutil loadapp pccx_npu_bd
[07:37:42.310 +  9.929s] [xmutil/loadapp] pccx_npu_bd: loaded to slot 0
[07:37:43.812 + 11.431s] [XMUTIL] /sys/class/uio/uio4/name = 'pccx-npu'
[07:37:43.867 + 11.485s] [BIT] bitstream md5 = 06fcc0d825ee8ffdb782d098131cf6b7 (== expected v29 instalign 20260603T064753Z)
[07:37:43.867 + 11.485s] [RUN] running Stage0: phase_c_fresh_reload_stage0
[07:37:46.750 + 14.369s] [phase_c_fresh_reload_stage0] 
[07:37:46.751 + 14.369s] [phase_c_fresh_reload_stage0] [Step 3] MEMCPY HOST -> L2 (shape_ptr_addr=0)
[07:37:46.751 + 14.369s] [phase_c_fresh_reload_stage0]   word=0x2802000000000000
[07:37:46.751 + 14.369s] [phase_c_fresh_reload_stage0]   acp_fmap tag=0x0
[07:37:46.751 + 14.369s] [phase_c_fresh_reload_stage0]     t=0ms NPU: 0x0000000000008001 busy=1 done=0 top=0x2000 mem=0x0000
[07:37:46.751 + 14.369s] [phase_c_fresh_reload_stage0]     t=125ms NPU: 0x0000000000008001 busy=1 done=0 top=0x2000 mem=0x0000
[07:37:46.751 + 14.369s] [phase_c_fresh_reload_stage0]     t=250ms NPU: 0x0000000000008001 busy=1 done=0 top=0x2000 mem=0x0000
[07:37:46.751 + 14.369s] [phase_c_fresh_reload_stage0]     t=500ms NPU: 0x0000000000008001 busy=1 done=0 top=0x2000 mem=0x0000
[07:37:46.751 + 14.369s] [phase_c_fresh_reload_stage0]     t=975ms NPU: 0x0000000000008001 busy=1 done=0 top=0x2000 mem=0x0000
[07:37:46.751 + 14.369s] [phase_c_fresh_reload_stage0]   acp_fmap mover status: 0x80
[07:37:46.751 + 14.370s] [phase_c_fresh_reload_stage0] 
[07:37:46.751 + 14.370s] [phase_c_fresh_reload_stage0] [Step 4] MEMCPY L2 -> HOST (shape_ptr_addr=1)
[07:37:46.751 + 14.370s] [phase_c_fresh_reload_stage0]   word=0x2400000100000002
[07:37:46.751 + 14.370s] [phase_c_fresh_reload_stage0]   acp_result tag=0x1
[07:37:46.751 + 14.370s] [phase_c_fresh_reload_stage0]     t=0ms NPU: 0x0000000000008001 busy=1 done=0 top=0x2000 mem=0x0000
[07:37:46.751 + 14.370s] [phase_c_fresh_reload_stage0]     t=125ms NPU: 0x0000000000008001 busy=1 done=0 top=0x2000 mem=0x0000
[07:37:46.751 + 14.370s] [phase_c_fresh_reload_stage0]     t=250ms NPU: 0x0000000000008001 busy=1 done=0 top=0x2000 mem=0x0000
[07:37:46.752 + 14.370s] [phase_c_fresh_reload_stage0]     t=500ms NPU: 0x0000000000008001 busy=1 done=0 top=0x2000 mem=0x0000
[07:37:46.752 + 14.370s] [phase_c_fresh_reload_stage0]     t=975ms NPU: 0x0000000000008001 busy=1 done=0 top=0x2000 mem=0x0000
[07:37:46.752 + 14.370s] [phase_c_fresh_reload_stage0]   acp_result mover status: 0x81
[07:37:46.752 + 14.370s] [phase_c_fresh_reload_stage0] 
[07:37:46.752 + 14.370s] [phase_c_fresh_reload_stage0]   A: 504343582d53544147452d302d56342d4d454d4350592d574954482d53484150
[07:37:46.752 + 14.370s] [phase_c_fresh_reload_stage0]   B: 504343582d53544147452d302d56342d4d454d4350592d574954482d53484150
[07:37:46.752 + 14.370s] [phase_c_fresh_reload_stage0] RESULT: PASS
[07:37:46.752 + 14.370s] [RUN] phase_c_fresh_reload_stage0 rc=0 log=/tmp/pccx-v29-debug/results/board_v28_repeated_stage0_20260603T073732Z/phase_c_fresh_reload_stage0.log
[07:37:46.752 + 14.371s] [SUMMARY] summary=/tmp/pccx-v29-debug/results/board_v28_repeated_stage0_20260603T073732Z/SUMMARY.csv
[07:37:46.752 + 14.371s] ===========
[07:37:46.752 + 14.371s]   verdict
[07:37:46.753 + 14.371s] ===========
[07:37:46.753 + 14.371s] [VERDICT] PASS: Stage0 repeated cleanly in this run
