[12:16:17.687 +  0.026s] ==========================
[12:16:17.688 +  0.026s]   dmesg safety pre-check
[12:16:17.688 +  0.026s] ==========================
[12:16:17.710 +  0.049s] [dmesg] [Wed Jun  3 07:38:26 2026] OF: overlay: WARNING: memory leak will occur if overlay removed, property: /__symbols__/pccx_npu_uio
[12:16:17.710 +  0.049s] [dmesg] [Wed Jun  3 07:39:38 2026] OF: overlay: WARNING: memory leak will occur if overlay removed, property: /fpga-full/firmware-name
[12:16:17.711 +  0.049s] [dmesg] [Wed Jun  3 07:39:38 2026] OF: overlay: WARNING: memory leak will occur if overlay removed, property: /fpga-full/resets
[12:16:17.711 +  0.049s] [dmesg] [Wed Jun  3 07:39:38 2026] OF: overlay: WARNING: memory leak will occur if overlay removed, property: /__symbols__/pccx_npu_uio
[12:16:17.711 +  0.049s] [dmesg] [Wed Jun  3 09:11:16 2026] OF: overlay: WARNING: memory leak will occur if overlay removed, property: /fpga-full/firmware-name
[12:16:17.711 +  0.049s] [dmesg] [Wed Jun  3 09:11:16 2026] OF: overlay: WARNING: memory leak will occur if overlay removed, property: /fpga-full/resets
[12:16:17.711 +  0.049s] [dmesg] [Wed Jun  3 09:11:16 2026] OF: overlay: WARNING: memory leak will occur if overlay removed, property: /__symbols__/pccx_npu_uio
[12:16:17.711 +  0.049s] [dmesg] [Wed Jun  3 09:12:36 2026] OF: overlay: WARNING: memory leak will occur if overlay removed, property: /fpga-full/firmware-name
[12:16:17.711 +  0.049s] [dmesg] [Wed Jun  3 09:12:36 2026] OF: overlay: WARNING: memory leak will occur if overlay removed, property: /fpga-full/resets
[12:16:17.711 +  0.049s] [dmesg] [Wed Jun  3 09:12:36 2026] OF: overlay: WARNING: memory leak will occur if overlay removed, property: /__symbols__/pccx_npu_uio
[12:16:17.711 +  0.049s] [dmesg] [Wed Jun  3 09:12:48 2026] OF: overlay: WARNING: memory leak will occur if overlay removed, property: /fpga-full/firmware-name
[12:16:17.711 +  0.049s] [dmesg] [Wed Jun  3 09:12:48 2026] OF: overlay: WARNING: memory leak will occur if overlay removed, property: /fpga-full/resets
[12:16:17.711 +  0.049s] [dmesg] [Wed Jun  3 09:12:48 2026] OF: overlay: WARNING: memory leak will occur if overlay removed, property: /__symbols__/pccx_npu_uio
[12:16:17.711 +  0.049s] [dmesg] [Wed Jun  3 09:13:10 2026] OF: overlay: WARNING: memory leak will occur if overlay removed, property: /fpga-full/firmware-name
[12:16:17.711 +  0.049s] [dmesg] [Wed Jun  3 09:13:10 2026] OF: overlay: WARNING: memory leak will occur if overlay removed, property: /fpga-full/resets
[12:16:17.711 +  0.050s] [dmesg] [Wed Jun  3 09:13:10 2026] OF: overlay: WARNING: memory leak will occur if overlay removed, property: /__symbols__/pccx_npu_uio
[12:16:17.711 +  0.050s] [dmesg] [Wed Jun  3 09:13:12 2026] OF: overlay: WARNING: memory leak will occur if overlay removed, property: /fpga-full/firmware-name
[12:16:17.711 +  0.050s] [dmesg] [Wed Jun  3 09:13:13 2026] OF: overlay: WARNING: memory leak will occur if overlay removed, property: /fpga-full/resets
[12:16:17.712 +  0.050s] [dmesg] [Wed Jun  3 09:13:13 2026] OF: overlay: WARNING: memory leak will occur if overlay removed, property: /__symbols__/pccx_npu_uio
[12:16:17.712 +  0.050s] [dmesg] [Wed Jun  3 09:14:18 2026] OF: overlay: WARNING: memory leak will occur if overlay removed, property: /fpga-full/firmware-name
[12:16:17.712 +  0.050s] [dmesg] [Wed Jun  3 09:14:18 2026] OF: overlay: WARNING: memory leak will occur if overlay removed, property: /fpga-full/resets
[12:16:17.712 +  0.050s] [dmesg] [Wed Jun  3 09:14:18 2026] OF: overlay: WARNING: memory leak will occur if overlay removed, property: /__symbols__/pccx_npu_uio
[12:16:17.712 +  0.050s] [dmesg] [Wed Jun  3 11:19:51 2026] OF: overlay: WARNING: memory leak will occur if overlay removed, property: /fpga-full/firmware-name
[12:16:17.712 +  0.050s] [dmesg] [Wed Jun  3 11:19:51 2026] OF: overlay: WARNING: memory leak will occur if overlay removed, property: /fpga-full/resets
[12:16:17.712 +  0.050s] [dmesg] [Wed Jun  3 11:19:51 2026] OF: overlay: WARNING: memory leak will occur if overlay removed, property: /__symbols__/pccx_npu_uio
[12:16:17.712 +  0.050s] [dmesg] [Wed Jun  3 11:20:56 2026] OF: overlay: WARNING: memory leak will occur if overlay removed, property: /fpga-full/firmware-name
[12:16:17.712 +  0.050s] [dmesg] [Wed Jun  3 11:20:56 2026] OF: overlay: WARNING: memory leak will occur if overlay removed, property: /fpga-full/resets
[12:16:17.712 +  0.050s] [dmesg] [Wed Jun  3 11:20:56 2026] OF: overlay: WARNING: memory leak will occur if overlay removed, property: /__symbols__/pccx_npu_uio
[12:16:17.712 +  0.050s] [dmesg] [Wed Jun  3 11:21:15 2026] OF: overlay: WARNING: memory leak will occur if overlay removed, property: /fpga-full/firmware-name
[12:16:17.712 +  0.050s] [dmesg] [Wed Jun  3 11:21:15 2026] OF: overlay: WARNING: memory leak will occur if overlay removed, property: /fpga-full/resets
[12:16:17.712 +  0.050s] [dmesg] [Wed Jun  3 11:21:15 2026] OF: overlay: WARNING: memory leak will occur if overlay removed, property: /__symbols__/pccx_npu_uio
[12:16:17.712 +  0.050s] [dmesg] [Wed Jun  3 11:21:18 2026] OF: overlay: WARNING: memory leak will occur if overlay removed, property: /fpga-full/firmware-name
[12:16:17.712 +  0.051s] [dmesg] [Wed Jun  3 11:21:18 2026] OF: overlay: WARNING: memory leak will occur if overlay removed, property: /fpga-full/resets
[12:16:17.712 +  0.051s] [dmesg] [Wed Jun  3 11:21:18 2026] OF: overlay: WARNING: memory leak will occur if overlay removed, property: /__symbols__/pccx_npu_uio
[12:16:17.712 +  0.051s] [dmesg] [Wed Jun  3 11:22:05 2026] OF: overlay: WARNING: memory leak will occur if overlay removed, property: /fpga-full/firmware-name
[12:16:17.713 +  0.051s] [dmesg] [Wed Jun  3 11:22:05 2026] OF: overlay: WARNING: memory leak will occur if overlay removed, property: /fpga-full/resets
[12:16:17.713 +  0.051s] [dmesg] [Wed Jun  3 11:22:05 2026] OF: overlay: WARNING: memory leak will occur if overlay removed, property: /__symbols__/pccx_npu_uio
[12:16:17.713 +  0.051s] [dmesg] [Wed Jun  3 11:22:45 2026] OF: overlay: WARNING: memory leak will occur if overlay removed, property: /fpga-full/firmware-name
[12:16:17.713 +  0.051s] [dmesg] [Wed Jun  3 11:22:45 2026] OF: overlay: WARNING: memory leak will occur if overlay removed, property: /fpga-full/resets
[12:16:17.713 +  0.051s] [dmesg] [Wed Jun  3 11:22:45 2026] OF: overlay: WARNING: memory leak will occur if overlay removed, property: /__symbols__/pccx_npu_uio
[12:16:17.713 +  0.052s] [SAFETY] dmesg looks clean (no AXI bus error / SError in tail).
[12:16:17.713 +  0.052s] ==============================================================
[12:16:17.714 +  0.052s]   stage1_gemm_silicon — nonzero_weight_activity: HP0=1 HP1=1
[12:16:17.714 +  0.052s] ==============================================================
[12:16:17.714 +  0.052s] [BANNER] argv: ['debug/stage1_gemm_silicon.py', '--single-nonzero']
[12:16:17.714 +  0.052s] [BANNER] cwd:  /home/ubuntu/pccx-gemma-deploy
[12:16:17.714 +  0.052s] [BANNER] uid:  0
[12:16:17.714 +  0.052s] [BANNER] python: 3.10.12 (/usr/bin/python3)
[12:16:17.714 +  0.052s] =============================
[12:16:17.714 +  0.052s]   xmutil reload pccx_npu_bd
[12:16:17.714 +  0.052s] =============================
[12:16:17.768 +  0.106s] [BIT] bitstream md5 = 89e3c4e238c30cf02db537fd232dc5d3 (== expected v31 stage1_gemm 20260603T103103Z)
[12:16:17.768 +  0.106s] [XMUTIL] running: xmutil unloadapp
[12:16:18.149 +  0.488s] [xmutil/unloadapp] remove from slot 0 returns: 0 (Ok)
[12:16:18.150 +  0.488s] [XMUTIL] running: xmutil loadapp pccx_npu_bd
[12:16:18.672 +  1.010s] [xmutil/loadapp] pccx_npu_bd: loaded to slot 0
[12:16:20.174 +  2.513s] [XMUTIL] /sys/class/uio/uio4/name = 'pccx-npu'
[12:16:20.229 +  2.567s] [BIT] bitstream md5 = 89e3c4e238c30cf02db537fd232dc5d3 (== expected v31 stage1_gemm 20260603T103103Z)
[12:16:20.238 +  2.577s] ==================
[12:16:20.238 +  2.577s]   CMA allocation
[12:16:20.238 +  2.577s] ==================
[12:16:20.239 +  2.577s] [CMA] CMA OK: va=0xffff834df000 phys=0x0375b0000 size=0x1000 fd=4
[12:16:20.240 +  2.578s] [CMA] CMA OK: va=0xffff834b3000 phys=0x0375b1000 size=0x1000 fd=6
[12:16:20.240 +  2.578s] [CMA] CMA OK: va=0xffff834af000 phys=0x0375b4000 size=0x4000 fd=8
[12:16:20.240 +  2.579s] [CMA] CMA OK: va=0xffff834ab000 phys=0x0375b8000 size=0x4000 fd=10
[12:16:20.241 +  2.579s] fmap_phys=0x0375b0000 result_phys=0x0375b1000
[12:16:20.241 +  2.579s] hp0_phys=0x0375b4000 hp1_phys=0x0375b8000
[12:16:20.241 +  2.579s] fmap bytes=4096 result bytes=64 hp bytes=16384
[12:16:20.243 +  2.581s] [DUMP] --- cmdsts snapshot: nonzero_weight_activity: before setup ---
[12:16:20.243 +  2.582s] [DUMP]        hp0 @0xA000_1000: flags=0x00000005 [cmd_empty=1 cmd_full=0 sts_empty=1 sts_full=0 err_sticky=0x0] cmd_lvl=0 sts_lvl=0
[12:16:20.243 +  2.582s] [DUMP]        hp1 @0xA000_2000: flags=0x00000005 [cmd_empty=1 cmd_full=0 sts_empty=1 sts_full=0 err_sticky=0x0] cmd_lvl=0 sts_lvl=0
[12:16:20.244 +  2.582s] [DUMP]        hp2 @0xA000_3000: flags=0x00000005 [cmd_empty=1 cmd_full=0 sts_empty=1 sts_full=0 err_sticky=0x0] cmd_lvl=0 sts_lvl=0
[12:16:20.244 +  2.582s] [DUMP]        hp3 @0xA000_4000: flags=0x00000005 [cmd_empty=1 cmd_full=0 sts_empty=1 sts_full=0 err_sticky=0x0] cmd_lvl=0 sts_lvl=0
[12:16:20.244 +  2.582s] [DUMP]   acp_fmap @0xA000_5000: flags=0x00000005 [cmd_empty=1 cmd_full=0 sts_empty=1 sts_full=0 err_sticky=0x0] cmd_lvl=0 sts_lvl=0
[12:16:20.244 +  2.582s] [DUMP] acp_result @0xA000_6000: flags=0x00000005 [cmd_empty=1 cmd_full=0 sts_empty=1 sts_full=0 err_sticky=0x0] cmd_lvl=0 sts_lvl=0
[12:16:20.244 +  2.582s] ===============
[12:16:20.244 +  2.582s]   shape setup
[12:16:20.244 +  2.582s] ===============
[12:16:20.294 +  2.633s] [NPU] after fmap shape: 0x0000000000008002 busy=0 done=1 top=0x2000 mem=0x0000
[12:16:20.345 +  2.683s] [NPU] after result shape: 0x0000000000008002 busy=0 done=1 top=0x2000 mem=0x0000
[12:16:20.345 +  2.683s] ===================
[12:16:20.345 +  2.683s]   host -> L2 fmap
[12:16:20.345 +  2.683s] ===================
[12:16:20.345 +  2.683s] [DM] acp_fmap issued token=0x0 length=4096
[12:16:20.345 +  2.684s] [acp_fmap] 0x00000080 tag=0x0 OKAY=1 err=- bytes=0 eof=0
[12:16:20.345 +  2.684s] ====================
[12:16:20.345 +  2.684s]   poison result L2
[12:16:20.346 +  2.684s] ====================
[12:16:20.346 +  2.684s] [DM] acp_fmap issued token=0x1 length=64
