deploy_ts=20260603T091106Z
ff45a44649569212a912cf524da26ac3390b93b7e321303a6a629ccb8ddde0d7  new-bits/pccx_npu_bd_v30_dualmac_20260603T082506Z.bit.bin
2f2259e2409afa4ac50a7e6a1fa71004cb8d4fd6ba5de956d541d9a37971a46c  new-bits/pccx_npu_bd_v30_dualmac_20260603T082506Z.dtbo
a13dbd0a508de4656c3ba22aa9f8a41494a5082bcd585589fc366a56cc5ba1c1  new-bits/pccx_npu_bd_v30_dualmac_20260603T082506Z.shell.json
2e1f77c51882aeaddde9c6074f00f4e0  new-bits/pccx_npu_bd_v30_dualmac_20260603T082506Z.bit.bin
remote_before
kria
Wed Jun  3 09:11:11 UTC 2026
06fcc0d825ee8ffdb782d098131cf6b7  /lib/firmware/xilinx/pccx_npu_bd/pccx_npu_bd.bit.bin
8da8b7a2b58497d8adfdfd6998274d78ea50763397a083281eb6459d9ede871d  /lib/firmware/xilinx/pccx_npu_bd/pccx_npu_bd.bit.bin
unload_current
remove from slot 0 returns: 0 (Ok)
staged_hashes
2e1f77c51882aeaddde9c6074f00f4e0  /lib/firmware/xilinx/pccx_npu_bd/pccx_npu_bd.bit.bin
ff45a44649569212a912cf524da26ac3390b93b7e321303a6a629ccb8ddde0d7  /lib/firmware/xilinx/pccx_npu_bd/pccx_npu_bd.bit.bin
2f2259e2409afa4ac50a7e6a1fa71004cb8d4fd6ba5de956d541d9a37971a46c  /lib/firmware/xilinx/pccx_npu_bd/pccx_npu_bd.dtbo
a13dbd0a508de4656c3ba22aa9f8a41494a5082bcd585589fc366a56cc5ba1c1  /lib/firmware/xilinx/pccx_npu_bd/shell.json
load_v30
pccx_npu_bd: loaded to slot 0
pccx-npu
crw------- 1 root root 237, 4 Jun  3 09:11 /dev/uio4
2e1f77c51882aeaddde9c6074f00f4e0  /lib/firmware/xilinx/pccx_npu_bd/pccx_npu_bd.bit.bin
ff45a44649569212a912cf524da26ac3390b93b7e321303a6a629ccb8ddde0d7  /lib/firmware/xilinx/pccx_npu_bd/pccx_npu_bd.bit.bin
deploy_log=debug/results/board_v30_dualmac_deploy_20260603T091106Z.log
50edc517ee49e492577abd7b6c80ad5019e1f5de71a8a1b129cfcd27787c49fa  debug/results/board_v30_dualmac_deploy_20260603T091106Z.log
