7dc1d6004aff1159cfd44ca987156561fbda0c850fc919575cf814a969d27db2  /lib/firmware/xilinx/pccx_npu_bd/pccx_npu_bd.bit.bin
89e3c4e238c30cf02db537fd232dc5d3  /lib/firmware/xilinx/pccx_npu_bd/pccx_npu_bd.bit.bin
[11:21:15.511 +  0.006s] =============================================================
[11:21:15.512 +  0.006s]   stage1_weight_ingress_smoke — HP0/HP1 INT4 weight ingress
[11:21:15.512 +  0.006s] =============================================================
[11:21:15.512 +  0.006s] [BANNER] argv: ['debug/stage1_weight_ingress_smoke.py']
[11:21:15.512 +  0.006s] [BANNER] cwd:  /home/ubuntu/pccx-gemma-deploy
[11:21:15.512 +  0.006s] [BANNER] uid:  0
[11:21:15.512 +  0.006s] [BANNER] python: 3.10.12 (/usr/bin/python3)
[11:21:15.512 +  0.007s] ==========================
[11:21:15.512 +  0.007s]   dmesg safety pre-check
[11:21:15.512 +  0.007s] ==========================
[11:21:15.534 +  0.029s] [dmesg] [Wed Jun  3 07:36:33 2026] OF: overlay: WARNING: memory leak will occur if overlay removed, property: /__symbols__/pccx_npu_uio
[11:21:15.534 +  0.029s] [dmesg] [Wed Jun  3 07:37:32 2026] OF: overlay: WARNING: memory leak will occur if overlay removed, property: /fpga-full/firmware-name
[11:21:15.535 +  0.029s] [dmesg] [Wed Jun  3 07:37:32 2026] OF: overlay: WARNING: memory leak will occur if overlay removed, property: /fpga-full/resets
[11:21:15.535 +  0.029s] [dmesg] [Wed Jun  3 07:37:32 2026] OF: overlay: WARNING: memory leak will occur if overlay removed, property: /__symbols__/pccx_npu_uio
[11:21:15.535 +  0.029s] [dmesg] [Wed Jun  3 07:37:41 2026] OF: overlay: WARNING: memory leak will occur if overlay removed, property: /fpga-full/firmware-name
[11:21:15.535 +  0.029s] [dmesg] [Wed Jun  3 07:37:41 2026] OF: overlay: WARNING: memory leak will occur if overlay removed, property: /fpga-full/resets
[11:21:15.535 +  0.029s] [dmesg] [Wed Jun  3 07:37:41 2026] OF: overlay: WARNING: memory leak will occur if overlay removed, property: /__symbols__/pccx_npu_uio
[11:21:15.535 +  0.029s] [dmesg] [Wed Jun  3 07:38:24 2026] OF: overlay: WARNING: memory leak will occur if overlay removed, property: /fpga-full/firmware-name
[11:21:15.535 +  0.029s] [dmesg] [Wed Jun  3 07:38:24 2026] OF: overlay: WARNING: memory leak will occur if overlay removed, property: /fpga-full/resets
[11:21:15.535 +  0.029s] [dmesg] [Wed Jun  3 07:38:24 2026] OF: overlay: WARNING: memory leak will occur if overlay removed, property: /__symbols__/pccx_npu_uio
[11:21:15.535 +  0.030s] [dmesg] [Wed Jun  3 07:38:26 2026] OF: overlay: WARNING: memory leak will occur if overlay removed, property: /fpga-full/firmware-name
[11:21:15.535 +  0.030s] [dmesg] [Wed Jun  3 07:38:26 2026] OF: overlay: WARNING: memory leak will occur if overlay removed, property: /fpga-full/resets
[11:21:15.535 +  0.030s] [dmesg] [Wed Jun  3 07:38:26 2026] OF: overlay: WARNING: memory leak will occur if overlay removed, property: /__symbols__/pccx_npu_uio
[11:21:15.535 +  0.030s] [dmesg] [Wed Jun  3 07:39:38 2026] OF: overlay: WARNING: memory leak will occur if overlay removed, property: /fpga-full/firmware-name
[11:21:15.535 +  0.030s] [dmesg] [Wed Jun  3 07:39:38 2026] OF: overlay: WARNING: memory leak will occur if overlay removed, property: /fpga-full/resets
[11:21:15.535 +  0.030s] [dmesg] [Wed Jun  3 07:39:38 2026] OF: overlay: WARNING: memory leak will occur if overlay removed, property: /__symbols__/pccx_npu_uio
[11:21:15.535 +  0.030s] [dmesg] [Wed Jun  3 09:11:16 2026] OF: overlay: WARNING: memory leak will occur if overlay removed, property: /fpga-full/firmware-name
[11:21:15.535 +  0.030s] [dmesg] [Wed Jun  3 09:11:16 2026] OF: overlay: WARNING: memory leak will occur if overlay removed, property: /fpga-full/resets
[11:21:15.535 +  0.030s] [dmesg] [Wed Jun  3 09:11:16 2026] OF: overlay: WARNING: memory leak will occur if overlay removed, property: /__symbols__/pccx_npu_uio
[11:21:15.536 +  0.030s] [dmesg] [Wed Jun  3 09:12:36 2026] OF: overlay: WARNING: memory leak will occur if overlay removed, property: /fpga-full/firmware-name
[11:21:15.536 +  0.030s] [dmesg] [Wed Jun  3 09:12:36 2026] OF: overlay: WARNING: memory leak will occur if overlay removed, property: /fpga-full/resets
[11:21:15.536 +  0.030s] [dmesg] [Wed Jun  3 09:12:36 2026] OF: overlay: WARNING: memory leak will occur if overlay removed, property: /__symbols__/pccx_npu_uio
[11:21:15.536 +  0.030s] [dmesg] [Wed Jun  3 09:12:48 2026] OF: overlay: WARNING: memory leak will occur if overlay removed, property: /fpga-full/firmware-name
[11:21:15.536 +  0.030s] [dmesg] [Wed Jun  3 09:12:48 2026] OF: overlay: WARNING: memory leak will occur if overlay removed, property: /fpga-full/resets
[11:21:15.536 +  0.030s] [dmesg] [Wed Jun  3 09:12:48 2026] OF: overlay: WARNING: memory leak will occur if overlay removed, property: /__symbols__/pccx_npu_uio
[11:21:15.536 +  0.030s] [dmesg] [Wed Jun  3 09:13:10 2026] OF: overlay: WARNING: memory leak will occur if overlay removed, property: /fpga-full/firmware-name
[11:21:15.536 +  0.030s] [dmesg] [Wed Jun  3 09:13:10 2026] OF: overlay: WARNING: memory leak will occur if overlay removed, property: /fpga-full/resets
[11:21:15.536 +  0.031s] [dmesg] [Wed Jun  3 09:13:10 2026] OF: overlay: WARNING: memory leak will occur if overlay removed, property: /__symbols__/pccx_npu_uio
[11:21:15.536 +  0.031s] [dmesg] [Wed Jun  3 09:13:12 2026] OF: overlay: WARNING: memory leak will occur if overlay removed, property: /fpga-full/firmware-name
[11:21:15.536 +  0.031s] [dmesg] [Wed Jun  3 09:13:13 2026] OF: overlay: WARNING: memory leak will occur if overlay removed, property: /fpga-full/resets
[11:21:15.536 +  0.031s] [dmesg] [Wed Jun  3 09:13:13 2026] OF: overlay: WARNING: memory leak will occur if overlay removed, property: /__symbols__/pccx_npu_uio
[11:21:15.536 +  0.031s] [dmesg] [Wed Jun  3 09:14:18 2026] OF: overlay: WARNING: memory leak will occur if overlay removed, property: /fpga-full/firmware-name
[11:21:15.536 +  0.031s] [dmesg] [Wed Jun  3 09:14:18 2026] OF: overlay: WARNING: memory leak will occur if overlay removed, property: /fpga-full/resets
[11:21:15.536 +  0.031s] [dmesg] [Wed Jun  3 09:14:18 2026] OF: overlay: WARNING: memory leak will occur if overlay removed, property: /__symbols__/pccx_npu_uio
[11:21:15.536 +  0.031s] [dmesg] [Wed Jun  3 11:19:51 2026] OF: overlay: WARNING: memory leak will occur if overlay removed, property: /fpga-full/firmware-name
[11:21:15.536 +  0.031s] [dmesg] [Wed Jun  3 11:19:51 2026] OF: overlay: WARNING: memory leak will occur if overlay removed, property: /fpga-full/resets
[11:21:15.537 +  0.031s] [dmesg] [Wed Jun  3 11:19:51 2026] OF: overlay: WARNING: memory leak will occur if overlay removed, property: /__symbols__/pccx_npu_uio
[11:21:15.537 +  0.031s] [dmesg] [Wed Jun  3 11:20:56 2026] OF: overlay: WARNING: memory leak will occur if overlay removed, property: /fpga-full/firmware-name
[11:21:15.537 +  0.031s] [dmesg] [Wed Jun  3 11:20:56 2026] OF: overlay: WARNING: memory leak will occur if overlay removed, property: /fpga-full/resets
[11:21:15.537 +  0.031s] [dmesg] [Wed Jun  3 11:20:56 2026] OF: overlay: WARNING: memory leak will occur if overlay removed, property: /__symbols__/pccx_npu_uio
[11:21:15.537 +  0.032s] [SAFETY] dmesg looks clean (no AXI bus error / SError in tail).
[11:21:15.537 +  0.032s] =============================
[11:21:15.537 +  0.032s]   xmutil reload pccx_npu_bd
[11:21:15.537 +  0.032s] =============================
[11:21:15.592 +  0.086s] [BIT] bitstream md5 = 89e3c4e238c30cf02db537fd232dc5d3 (UNEXPECTED - log it!)
[11:21:15.592 +  0.086s] [XMUTIL] running: xmutil unloadapp
[11:21:15.947 +  0.442s] [xmutil/unloadapp] remove from slot 0 returns: 0 (Ok)
[11:21:15.948 +  0.442s] [XMUTIL] running: xmutil loadapp pccx_npu_bd
[11:21:16.467 +  0.962s] [xmutil/loadapp] pccx_npu_bd: loaded to slot 0
[11:21:17.970 +  2.464s] [XMUTIL] /sys/class/uio/uio4/name = 'pccx-npu'
[11:21:18.024 +  2.519s] [BIT] bitstream md5 = 89e3c4e238c30cf02db537fd232dc5d3 (UNEXPECTED - log it!)
[11:21:18.025 +  2.519s] ========================
[11:21:18.025 +  2.519s]   payload construction
[11:21:18.025 +  2.519s] ========================
[11:21:18.035 +  2.530s] beats=64 bytes_per_lane_stream=1024
[11:21:18.035 +  2.530s] upper beat0 lanes=[-8, -7, -6, -5, -4, -3, -2, -1, 0, 1, 2, 3, 4, 5, 6, 7, -8, -7, -6, -5, -4, -3, -2, -1, 0, 1, 2, 3, 4, 5, 6, 7]
[11:21:18.035 +  2.530s] lower beat0 lanes=[7, 6, 5, 4, 3, 2, 1, 0, -1, -2, -3, -4, -5, -6, -7, -8, 7, 6, 5, 4, 3, 2, 1, 0, -1, -2, -3, -4, -5, -6, -7, -8]
[11:21:18.035 +  2.530s] upper beat0 little-endian hex=98badcfe1032547698badcfe10325476
[11:21:18.035 +  2.530s] lower beat0 little-endian hex=67452301efcdab8967452301efcdab89
[11:21:18.036 +  2.530s] ==================
[11:21:18.036 +  2.530s]   CMA allocation
[11:21:18.036 +  2.530s] ==================
[11:21:18.036 +  2.531s] [CMA] CMA OK: va=0xffffbb259000 phys=0x0375b0000 size=0x1000 fd=4
[11:21:18.037 +  2.531s] [CMA] CMA OK: va=0xffffbb20c000 phys=0x0375b1000 size=0x1000 fd=6
[11:21:18.037 +  2.532s] upper phys=0x0375b0000 lower phys=0x0375b1000
[11:21:18.039 +  2.534s] [DUMP] --- cmdsts snapshot: before HP0/HP1 paired issue ---
[11:21:18.039 +  2.534s] [DUMP]        hp0 @0xA000_1000: flags=0x00000005 [cmd_empty=1 cmd_full=0 sts_empty=1 sts_full=0 err_sticky=0x0] cmd_lvl=0 sts_lvl=0
[11:21:18.039 +  2.534s] [DUMP]        hp1 @0xA000_2000: flags=0x00000005 [cmd_empty=1 cmd_full=0 sts_empty=1 sts_full=0 err_sticky=0x0] cmd_lvl=0 sts_lvl=0
[11:21:18.040 +  2.534s] [DUMP]        hp2 @0xA000_3000: flags=0x00000005 [cmd_empty=1 cmd_full=0 sts_empty=1 sts_full=0 err_sticky=0x0] cmd_lvl=0 sts_lvl=0
[11:21:18.040 +  2.534s] [DUMP]        hp3 @0xA000_4000: flags=0x00000005 [cmd_empty=1 cmd_full=0 sts_empty=1 sts_full=0 err_sticky=0x0] cmd_lvl=0 sts_lvl=0
[11:21:18.040 +  2.534s] [DUMP]   acp_fmap @0xA000_5000: flags=0x00000005 [cmd_empty=1 cmd_full=0 sts_empty=1 sts_full=0 err_sticky=0x0] cmd_lvl=0 sts_lvl=0
[11:21:18.040 +  2.534s] [DUMP] acp_result @0xA000_6000: flags=0x00000005 [cmd_empty=1 cmd_full=0 sts_empty=1 sts_full=0 err_sticky=0x0] cmd_lvl=0 sts_lvl=0
[11:21:18.040 +  2.535s] ========================
[11:21:18.040 +  2.535s]   paired HP0/HP1 issue
[11:21:18.040 +  2.535s] ========================
[11:21:18.040 +  2.535s] issued hp0 token=0x0 hp1 token=0x1
[11:21:18.041 +  2.535s] [HP0] 0x00000080 tag=0x0 OKAY=1 err=- bytes=0 eof=0
[11:21:18.041 +  2.535s] [HP1] 0x00000081 tag=0x1 OKAY=1 err=- bytes=0 eof=0
[11:21:18.041 +  2.535s] [POP] STS_POP[0] = 0x00000080 tag=0x0 OKAY=1 err=- bytes=0 eof=0
[11:21:18.041 +  2.535s] [POP] STS_POP[1] = 0x00000080 tag=0x0 OKAY=1 err=- bytes=0 eof=0
[11:21:18.041 +  2.536s] [POP] STS_POP[0] = 0x00000081 tag=0x1 OKAY=1 err=- bytes=0 eof=0
[11:21:18.041 +  2.536s] [POP] STS_POP[1] = 0x00000081 tag=0x1 OKAY=1 err=- bytes=0 eof=0
[11:21:18.041 +  2.536s] [HP0] hp0 status payloads checked=3
[11:21:18.041 +  2.536s] [HP1] hp1 status payloads checked=3
[11:21:18.041 +  2.536s] [DUMP] --- cmdsts snapshot: after HP0/HP1 paired issue ---
[11:21:18.042 +  2.536s] [DUMP]        hp0 @0xA000_1000: flags=0x00000005 [cmd_empty=1 cmd_full=0 sts_empty=1 sts_full=0 err_sticky=0x0] cmd_lvl=0 sts_lvl=0
[11:21:18.042 +  2.536s] [DUMP]        hp1 @0xA000_2000: flags=0x00000005 [cmd_empty=1 cmd_full=0 sts_empty=1 sts_full=0 err_sticky=0x0] cmd_lvl=0 sts_lvl=0
[11:21:18.042 +  2.536s] [DUMP]        hp2 @0xA000_3000: flags=0x00000005 [cmd_empty=1 cmd_full=0 sts_empty=1 sts_full=0 err_sticky=0x0] cmd_lvl=0 sts_lvl=0
[11:21:18.042 +  2.536s] [DUMP]        hp3 @0xA000_4000: flags=0x00000005 [cmd_empty=1 cmd_full=0 sts_empty=1 sts_full=0 err_sticky=0x0] cmd_lvl=0 sts_lvl=0
[11:21:18.042 +  2.537s] [DUMP]   acp_fmap @0xA000_5000: flags=0x00000005 [cmd_empty=1 cmd_full=0 sts_empty=1 sts_full=0 err_sticky=0x0] cmd_lvl=0 sts_lvl=0
[11:21:18.042 +  2.537s] [DUMP] acp_result @0xA000_6000: flags=0x00000005 [cmd_empty=1 cmd_full=0 sts_empty=1 sts_full=0 err_sticky=0x0] cmd_lvl=0 sts_lvl=0
[11:21:18.042 +  2.537s] ==================
[11:21:18.042 +  2.537s]   cleanup reload
[11:21:18.043 +  2.537s] ==================
[11:21:18.043 +  2.537s] =============================
[11:21:18.043 +  2.537s]   xmutil reload pccx_npu_bd
[11:21:18.043 +  2.537s] =============================
[11:21:18.097 +  2.592s] [BIT] bitstream md5 = 89e3c4e238c30cf02db537fd232dc5d3 (UNEXPECTED - log it!)
[11:21:18.097 +  2.592s] [XMUTIL] running: xmutil unloadapp
[11:21:18.448 +  2.943s] [xmutil/unloadapp] remove from slot 0 returns: 0 (Ok)
[11:21:18.448 +  2.943s] [XMUTIL] running: xmutil loadapp pccx_npu_bd
[11:21:18.969 +  3.463s] [xmutil/loadapp] pccx_npu_bd: loaded to slot 0
[11:21:20.471 +  4.965s] [XMUTIL] /sys/class/uio/uio4/name = 'pccx-npu'
[11:21:20.525 +  5.020s] [BIT] bitstream md5 = 89e3c4e238c30cf02db537fd232dc5d3 (UNEXPECTED - log it!)
[11:21:20.526 +  5.020s] [RESULT] RESULT: PASS_WEIGHT_INGRESS
