[02:16:01.597 +  0.027s] ===============================================================================
[02:16:01.597 +  0.027s]   stage1_gemm_l2_overwrite_probe — sentinel L2 result overwrite discriminator
[02:16:01.598 +  0.027s] ===============================================================================
[02:16:01.598 +  0.027s] [BANNER] argv: ['debug/stage1_gemm_l2_overwrite_probe.py']
[02:16:01.598 +  0.027s] [BANNER] cwd:  /home/ubuntu/pccx-gemma-deploy
[02:16:01.598 +  0.027s] [BANNER] uid:  0
[02:16:01.598 +  0.027s] [BANNER] python: 3.10.12 (/usr/bin/python3)
[02:16:01.598 +  0.028s] ==========================
[02:16:01.598 +  0.028s]   dmesg safety pre-check
[02:16:01.598 +  0.028s] ==========================
[02:16:01.629 +  0.059s] [dmesg] [Wed Jun  3 18:04:43 2026] OF: overlay: WARNING: memory leak will occur if overlay removed, property: /fpga-full/resets
[02:16:01.630 +  0.059s] [dmesg] [Wed Jun  3 18:04:43 2026] OF: overlay: WARNING: memory leak will occur if overlay removed, property: /__symbols__/pccx_npu_uio
[02:16:01.630 +  0.059s] [dmesg] [Wed Jun  3 18:04:45 2026] OF: overlay: WARNING: memory leak will occur if overlay removed, property: /fpga-full/firmware-name
[02:16:01.630 +  0.059s] [dmesg] [Wed Jun  3 18:04:45 2026] OF: overlay: WARNING: memory leak will occur if overlay removed, property: /fpga-full/resets
[02:16:01.630 +  0.059s] [dmesg] [Wed Jun  3 18:04:45 2026] OF: overlay: WARNING: memory leak will occur if overlay removed, property: /__symbols__/pccx_npu_uio
[02:16:01.630 +  0.059s] [dmesg] [Wed Jun  3 18:04:48 2026] OF: overlay: WARNING: memory leak will occur if overlay removed, property: /fpga-full/firmware-name
[02:16:01.630 +  0.059s] [dmesg] [Wed Jun  3 18:04:48 2026] OF: overlay: WARNING: memory leak will occur if overlay removed, property: /fpga-full/resets
[02:16:01.630 +  0.060s] [dmesg] [Wed Jun  3 18:04:48 2026] OF: overlay: WARNING: memory leak will occur if overlay removed, property: /__symbols__/pccx_npu_uio
[02:16:01.630 +  0.060s] [dmesg] [Wed Jun  3 18:06:40 2026] OF: overlay: WARNING: memory leak will occur if overlay removed, property: /fpga-full/firmware-name
[02:16:01.630 +  0.060s] [dmesg] [Wed Jun  3 18:06:40 2026] OF: overlay: WARNING: memory leak will occur if overlay removed, property: /fpga-full/resets
[02:16:01.630 +  0.060s] [dmesg] [Wed Jun  3 18:06:40 2026] OF: overlay: WARNING: memory leak will occur if overlay removed, property: /__symbols__/pccx_npu_uio
[02:16:01.630 +  0.060s] [dmesg] [Wed Jun  3 18:09:11 2026] OF: overlay: WARNING: memory leak will occur if overlay removed, property: /fpga-full/firmware-name
[02:16:01.630 +  0.060s] [dmesg] [Wed Jun  3 18:09:11 2026] OF: overlay: WARNING: memory leak will occur if overlay removed, property: /fpga-full/resets
[02:16:01.630 +  0.060s] [dmesg] [Wed Jun  3 18:09:11 2026] OF: overlay: WARNING: memory leak will occur if overlay removed, property: /__symbols__/pccx_npu_uio
[02:16:01.630 +  0.060s] [dmesg] [Wed Jun  3 18:12:22 2026] OF: overlay: WARNING: memory leak will occur if overlay removed, property: /fpga-full/firmware-name
[02:16:01.630 +  0.060s] [dmesg] [Wed Jun  3 18:12:22 2026] OF: overlay: WARNING: memory leak will occur if overlay removed, property: /fpga-full/resets
[02:16:01.630 +  0.060s] [dmesg] [Wed Jun  3 18:12:22 2026] OF: overlay: WARNING: memory leak will occur if overlay removed, property: /__symbols__/pccx_npu_uio
[02:16:01.630 +  0.060s] [dmesg] [Wed Jun  3 18:12:24 2026] OF: overlay: WARNING: memory leak will occur if overlay removed, property: /fpga-full/firmware-name
[02:16:01.631 +  0.060s] [dmesg] [Wed Jun  3 18:12:24 2026] OF: overlay: WARNING: memory leak will occur if overlay removed, property: /fpga-full/resets
[02:16:01.631 +  0.060s] [dmesg] [Wed Jun  3 18:12:24 2026] OF: overlay: WARNING: memory leak will occur if overlay removed, property: /__symbols__/pccx_npu_uio
[02:16:01.631 +  0.060s] [dmesg] [Wed Jun  3 18:15:47 2026] OF: overlay: WARNING: memory leak will occur if overlay removed, property: /fpga-full/firmware-name
[02:16:01.631 +  0.060s] [dmesg] [Wed Jun  3 18:15:47 2026] OF: overlay: WARNING: memory leak will occur if overlay removed, property: /fpga-full/resets
[02:16:01.631 +  0.060s] [dmesg] [Wed Jun  3 18:15:47 2026] OF: overlay: WARNING: memory leak will occur if overlay removed, property: /__symbols__/pccx_npu_uio
[02:16:01.631 +  0.060s] [dmesg] [Wed Jun  3 18:23:43 2026] OF: overlay: WARNING: memory leak will occur if overlay removed, property: /fpga-full/firmware-name
[02:16:01.631 +  0.060s] [dmesg] [Wed Jun  3 18:23:43 2026] OF: overlay: WARNING: memory leak will occur if overlay removed, property: /fpga-full/resets
[02:16:01.631 +  0.061s] [dmesg] [Wed Jun  3 18:23:43 2026] OF: overlay: WARNING: memory leak will occur if overlay removed, property: /__symbols__/pccx_npu_uio
[02:16:01.631 +  0.061s] [dmesg] [Thu Jun  4 00:00:09 2026] audit: type=1400 audit(1780531210.195:52): apparmor="DENIED" operation="capable" profile="/usr/sbin/cupsd" pid=75038 comm="cupsd" capability=12  capname="net_admin"
[02:16:01.631 +  0.061s] [dmesg] [Thu Jun  4 00:00:09 2026] audit: type=1400 audit(1780531210.311:53): apparmor="DENIED" operation="capable" profile="/usr/sbin/cups-browsed" pid=75040 comm="cups-browsed" capability=23  capname="sys_nice"
[02:16:01.631 +  0.061s] [dmesg] [Thu Jun  4 01:12:16 2026] OF: overlay: WARNING: memory leak will occur if overlay removed, property: /fpga-full/firmware-name
[02:16:01.631 +  0.061s] [dmesg] [Thu Jun  4 01:12:16 2026] OF: overlay: WARNING: memory leak will occur if overlay removed, property: /fpga-full/resets
[02:16:01.631 +  0.061s] [dmesg] [Thu Jun  4 01:12:16 2026] OF: overlay: WARNING: memory leak will occur if overlay removed, property: /__symbols__/pccx_npu_uio
[02:16:01.631 +  0.061s] [dmesg] [Thu Jun  4 01:13:11 2026] OF: overlay: WARNING: memory leak will occur if overlay removed, property: /fpga-full/firmware-name
[02:16:01.631 +  0.061s] [dmesg] [Thu Jun  4 01:13:11 2026] OF: overlay: WARNING: memory leak will occur if overlay removed, property: /fpga-full/resets
[02:16:01.631 +  0.061s] [dmesg] [Thu Jun  4 01:13:11 2026] OF: overlay: WARNING: memory leak will occur if overlay removed, property: /__symbols__/pccx_npu_uio
[02:16:01.631 +  0.061s] [dmesg] [Thu Jun  4 02:15:06 2026] OF: overlay: WARNING: memory leak will occur if overlay removed, property: /fpga-full/firmware-name
[02:16:01.631 +  0.061s] [dmesg] [Thu Jun  4 02:15:06 2026] OF: overlay: WARNING: memory leak will occur if overlay removed, property: /fpga-full/resets
[02:16:01.632 +  0.061s] [dmesg] [Thu Jun  4 02:15:06 2026] OF: overlay: WARNING: memory leak will occur if overlay removed, property: /__symbols__/pccx_npu_uio
[02:16:01.632 +  0.061s] [dmesg] [Thu Jun  4 02:15:43 2026] OF: overlay: WARNING: memory leak will occur if overlay removed, property: /fpga-full/firmware-name
[02:16:01.632 +  0.061s] [dmesg] [Thu Jun  4 02:15:43 2026] OF: overlay: WARNING: memory leak will occur if overlay removed, property: /fpga-full/resets
[02:16:01.632 +  0.061s] [dmesg] [Thu Jun  4 02:15:43 2026] OF: overlay: WARNING: memory leak will occur if overlay removed, property: /__symbols__/pccx_npu_uio
[02:16:01.632 +  0.062s] [SAFETY] dmesg looks clean (no AXI bus error / SError in tail).
[02:16:01.632 +  0.062s] =============================
[02:16:01.632 +  0.062s]   xmutil reload pccx_npu_bd
[02:16:01.632 +  0.062s] =============================
[02:16:01.688 +  0.118s] [BIT] bitstream md5 = b24ec5ddbddb325d48fc7cb08d01a8f2 (UNEXPECTED - log it!)
[02:16:01.688 +  0.118s] [XMUTIL] running: xmutil unloadapp
[02:16:02.068 +  0.498s] [xmutil/unloadapp] remove from slot 0 returns: 0 (Ok)
[02:16:02.068 +  0.498s] [XMUTIL] running: xmutil loadapp pccx_npu_bd
[02:16:02.600 +  1.030s] [xmutil/loadapp] pccx_npu_bd: loaded to slot 0
[02:16:04.102 +  2.532s] [XMUTIL] /sys/class/uio/uio4/name = 'pccx-npu'
[02:16:04.157 +  2.587s] [BIT] bitstream md5 = b24ec5ddbddb325d48fc7cb08d01a8f2 (UNEXPECTED - log it!)
[02:16:04.167 +  2.596s] ==================
[02:16:04.167 +  2.596s]   CMA allocation
[02:16:04.167 +  2.596s] ==================
[02:16:04.168 +  2.598s] [CMA] CMA OK: va=0xffff8a491000 phys=0x0375b0000 size=0x1000 fd=4
[02:16:04.169 +  2.598s] [CMA] CMA OK: va=0xffff8a465000 phys=0x0375b1000 size=0x1000 fd=6
[02:16:04.169 +  2.599s] [CMA] CMA OK: va=0xffff8a461000 phys=0x0375b4000 size=0x4000 fd=8
[02:16:04.170 +  2.599s] [CMA] CMA OK: va=0xffff8a45d000 phys=0x0375b8000 size=0x4000 fd=10
[02:16:04.170 +  2.600s] fmap_phys=0x0375b0000 result_phys=0x0375b1000
[02:16:04.170 +  2.600s] hp0_phys=0x0375b4000 hp1_phys=0x0375b8000
[02:16:04.172 +  2.602s] [DUMP] --- cmdsts snapshot: before setup ---
[02:16:04.173 +  2.602s] [DUMP]        hp0 @0xA000_1000: flags=0x00000005 [cmd_empty=1 cmd_full=0 sts_empty=1 sts_full=0 err_sticky=0x0] cmd_lvl=0 sts_lvl=0
[02:16:04.173 +  2.602s] [DUMP]        hp1 @0xA000_2000: flags=0x00000005 [cmd_empty=1 cmd_full=0 sts_empty=1 sts_full=0 err_sticky=0x0] cmd_lvl=0 sts_lvl=0
[02:16:04.173 +  2.602s] [DUMP]        hp2 @0xA000_3000: flags=0x00000005 [cmd_empty=1 cmd_full=0 sts_empty=1 sts_full=0 err_sticky=0x0] cmd_lvl=0 sts_lvl=0
[02:16:04.173 +  2.603s] [DUMP]        hp3 @0xA000_4000: flags=0x00000005 [cmd_empty=1 cmd_full=0 sts_empty=1 sts_full=0 err_sticky=0x0] cmd_lvl=0 sts_lvl=0
[02:16:04.173 +  2.603s] [DUMP]   acp_fmap @0xA000_5000: flags=0x00000005 [cmd_empty=1 cmd_full=0 sts_empty=1 sts_full=0 err_sticky=0x0] cmd_lvl=0 sts_lvl=0
[02:16:04.173 +  2.603s] [DUMP] acp_result @0xA000_6000: flags=0x00000005 [cmd_empty=1 cmd_full=0 sts_empty=1 sts_full=0 err_sticky=0x0] cmd_lvl=0 sts_lvl=0
[02:16:04.173 +  2.603s] ===============
[02:16:04.173 +  2.603s]   shape setup
[02:16:04.173 +  2.603s] ===============
[02:16:04.224 +  2.653s] [NPU] after fmap shape: 0x0000000000008002 busy=0 done=1 top=0x2000 mem=0x0000
[02:16:04.274 +  2.704s] [NPU] after result shape: 0x0000000000008042 busy=0 done=1 top=0x2010 mem=0x0000
[02:16:04.274 +  2.704s] ==============================
[02:16:04.274 +  2.704s]   prefill RESULT_L2 sentinel
[02:16:04.274 +  2.704s] ==============================
[02:16:04.274 +  2.704s] [DM] prefill_result_l2 issued token=0x0 length=64
[02:16:04.274 +  2.704s] [prefill_result_l2] 0x00000080 tag=0x0 OKAY=1 err=- bytes=0 eof=0
[02:16:04.275 +  2.704s] [POP] STS_POP[0] = 0x00000080 tag=0x0 OKAY=1 err=- bytes=0 eof=0
[02:16:04.275 +  2.704s] [POP] STS_POP[1] = 0x00000080 tag=0x0 OKAY=1 err=- bytes=0 eof=0
[02:16:04.275 +  2.705s] [DM] pre_gemm_l2_read issued token=0x4 length=64
[02:16:04.275 +  2.705s] [pre_gemm_l2_read] 0x00000084 tag=0x4 OKAY=1 err=- bytes=0 eof=0
[02:16:04.275 +  2.705s] [L2READ] pre_gemm_l2_read raw=53454e54494e454c2d4c322d524553554c542d50524546494c4c2d5633352d4f5645525752495445000000000000000000000000000000000000000000000000
[02:16:04.275 +  2.705s] [L2READ] bf16 words=4553 544e 4e49 4c45 4c2d 2d32 4552 5553 544c 502d 4552 4946 4c4c 562d 3533 4f2d 4556 5752 4952 4554 0000 0000 0000 0000 0000 0000 0000 0000 0000 0000 0000 0000
[02:16:04.276 +  2.705s] [PASS] pre-GEMM L2 sentinel verified
[02:16:04.276 +  2.705s] ===================
[02:16:04.276 +  2.705s]   host -> L2 fmap
[02:16:04.276 +  2.705s] ===================
[02:16:04.276 +  2.706s] [DM] acp_fmap issued token=0x1 length=4096
[02:16:04.276 +  2.706s] [acp_fmap] 0x00000081 tag=0x1 OKAY=1 err=- bytes=0 eof=0
[02:16:04.276 +  2.706s] ================================
[02:16:04.276 +  2.706s]   constant HP0/HP1 weight fill
[02:16:04.276 +  2.706s] ================================
[02:16:04.277 +  2.706s] [HP0] 0x00000082 tag=0x2 OKAY=1 err=- bytes=0 eof=0
[02:16:04.277 +  2.706s] [HP1] 0x00000083 tag=0x3 OKAY=1 err=- bytes=0 eof=0
[02:16:04.277 +  2.706s] [POP] STS_POP[0] = 0x00000082 tag=0x2 OKAY=1 err=- bytes=0 eof=0
[02:16:04.277 +  2.706s] [POP] STS_POP[1] = 0x00000082 tag=0x2 OKAY=1 err=- bytes=0 eof=0
[02:16:04.277 +  2.707s] [POP] STS_POP[0] = 0x00000083 tag=0x3 OKAY=1 err=- bytes=0 eof=0
[02:16:04.277 +  2.707s] [POP] STS_POP[1] = 0x00000083 tag=0x3 OKAY=1 err=- bytes=0 eof=0
[02:16:04.277 +  2.707s] ==============
[02:16:04.277 +  2.707s]   GEMM issue
[02:16:04.277 +  2.707s] ==============
[02:16:04.277 +  2.707s] [GEMM] GEMM word=0x1028000400800000
[02:16:04.278 +  2.707s] [GEMM] sample=0 saw_low=0 activity=1 0x000000000008bffe busy=0 done=1 top=0x2fff mem=0x0008
[02:16:04.278 +  2.707s] [NPU] post-GEMM status: 0x000000000008bffe busy=0 done=1 top=0x2fff mem=0x0008
[02:16:04.278 +  2.707s] [DM] post_gemm_l2_read issued token=0x4 length=64
[02:16:04.278 +  2.708s] [post_gemm_l2_read] 0x00000084 tag=0x4 OKAY=1 err=- bytes=0 eof=0
[02:16:04.278 +  2.708s] [L2READ] post_gemm_l2_read raw=53454e54494e454c2d4c322d524553554c542d50524546494c4c2d5633352d4f5645525752495445000000000000000000000000000000000000000000000000
[02:16:04.278 +  2.708s] [L2READ] bf16 words=4553 544e 4e49 4c45 4c2d 2d32 4552 5553 544c 502d 4552 4946 4c4c 562d 3533 4f2d 4556 5752 4952 4554 0000 0000 0000 0000 0000 0000 0000 0000 0000 0000 0000 0000
[02:16:04.278 +  2.708s] [DUMP] --- cmdsts snapshot: after post-GEMM readback ---
[02:16:04.278 +  2.708s] [DUMP]        hp0 @0xA000_1000: flags=0x00000005 [cmd_empty=1 cmd_full=0 sts_empty=1 sts_full=0 err_sticky=0x0] cmd_lvl=0 sts_lvl=0
[02:16:04.279 +  2.708s] [DUMP]        hp1 @0xA000_2000: flags=0x00000005 [cmd_empty=1 cmd_full=0 sts_empty=1 sts_full=0 err_sticky=0x0] cmd_lvl=0 sts_lvl=0
[02:16:04.279 +  2.708s] [DUMP]        hp2 @0xA000_3000: flags=0x00000005 [cmd_empty=1 cmd_full=0 sts_empty=1 sts_full=0 err_sticky=0x0] cmd_lvl=0 sts_lvl=0
[02:16:04.279 +  2.708s] [DUMP]        hp3 @0xA000_4000: flags=0x00000005 [cmd_empty=1 cmd_full=0 sts_empty=1 sts_full=0 err_sticky=0x0] cmd_lvl=0 sts_lvl=0
[02:16:04.279 +  2.709s] [DUMP]   acp_fmap @0xA000_5000: flags=0x00000005 [cmd_empty=1 cmd_full=0 sts_empty=1 sts_full=0 err_sticky=0x0] cmd_lvl=0 sts_lvl=0
[02:16:04.279 +  2.709s] [DUMP] acp_result @0xA000_6000: flags=0x00000005 [cmd_empty=1 cmd_full=0 sts_empty=1 sts_full=0 err_sticky=0x0] cmd_lvl=0 sts_lvl=0
[02:16:04.279 +  2.709s] [RESULT] post-GEMM class=NON_ZERO
[02:16:04.279 +  2.709s] [RESULT] RESULT: FAIL_L2_SENTINEL_UNCHANGED
L2_OVERWRITE_V37_RC=8
