[07:38:24.137 +  0.006s] =============================================================
[07:38:24.138 +  0.006s]   stage1_weight_ingress_smoke — HP0/HP1 INT4 weight ingress
[07:38:24.138 +  0.006s] =============================================================
[07:38:24.138 +  0.006s] [BANNER] argv: ['stage1_weight_ingress_smoke.py']
[07:38:24.138 +  0.006s] [BANNER] cwd:  /tmp/pccx-v29-debug
[07:38:24.138 +  0.006s] [BANNER] uid:  0
[07:38:24.138 +  0.006s] [BANNER] python: 3.10.12 (/usr/bin/python3)
[07:38:24.138 +  0.006s] ==========================
[07:38:24.138 +  0.007s]   dmesg safety pre-check
[07:38:24.138 +  0.007s] ==========================
[07:38:24.159 +  0.028s] [dmesg] [Wed Jun  3 07:20:15 2026] loop16: detected capacity change from 0 to 72112
[07:38:24.159 +  0.028s] [dmesg] [Wed Jun  3 07:20:15 2026] loop17: detected capacity change from 0 to 87312
[07:38:24.159 +  0.028s] [dmesg] [Wed Jun  3 07:20:15 2026] loop18: detected capacity change from 0 to 1120
[07:38:24.159 +  0.028s] [dmesg] [Wed Jun  3 07:20:15 2026] loop19: detected capacity change from 0 to 832
[07:38:24.159 +  0.028s] [dmesg] [Wed Jun  3 07:20:16 2026] mali: module is from the staging directory, the quality is unknown, you have been warned.
[07:38:24.159 +  0.028s] [dmesg] [Wed Jun  3 07:20:16 2026] tpm_tis_spi spi2.0: 2.0 TPM (device-id 0x1B, rev-id 22)
[07:38:24.159 +  0.028s] [dmesg] [Wed Jun  3 07:20:16 2026] tpm tpm0: A TPM error (256) occurred attempting the self test
[07:38:24.160 +  0.028s] [dmesg] [Wed Jun  3 07:20:16 2026] tpm tpm0: starting up the TPM manually
[07:38:24.160 +  0.028s] [dmesg] [Wed Jun  3 07:20:20 2026] audit: type=1400 audit(1773420470.816:2): apparmor="STATUS" operation="profile_load" profile="unconfined" name="lsb_release" pid=824 comm="apparmor_parser"
[07:38:24.160 +  0.028s] [dmesg] [Wed Jun  3 07:20:20 2026] audit: type=1400 audit(1773420470.820:3): apparmor="STATUS" operation="profile_load" profile="unconfined" name="nvidia_modprobe" pid=825 comm="apparmor_parser"
[07:38:24.160 +  0.028s] [dmesg] [Wed Jun  3 07:20:20 2026] audit: type=1400 audit(1773420470.820:4): apparmor="STATUS" operation="profile_load" profile="unconfined" name="nvidia_modprobe//kmod" pid=825 comm="apparmor_parser"
[07:38:24.160 +  0.028s] [dmesg] [Wed Jun  3 07:20:20 2026] audit: type=1400 audit(1773420470.852:5): apparmor="STATUS" operation="profile_load" profile="unconfined" name="/usr/bin/man" pid=828 comm="apparmor_parser"
[07:38:24.160 +  0.028s] [dmesg] [Wed Jun  3 07:20:20 2026] audit: type=1400 audit(1773420470.852:6): apparmor="STATUS" operation="profile_load" profile="unconfined" name="man_filter" pid=828 comm="apparmor_parser"
[07:38:24.160 +  0.028s] [dmesg] [Wed Jun  3 07:20:20 2026] audit: type=1400 audit(1773420470.852:7): apparmor="STATUS" operation="profile_load" profile="unconfined" name="man_groff" pid=828 comm="apparmor_parser"
[07:38:24.160 +  0.028s] [dmesg] [Wed Jun  3 07:20:20 2026] audit: type=1400 audit(1773420470.868:8): apparmor="STATUS" operation="profile_load" profile="unconfined" name="tcpdump" pid=829 comm="apparmor_parser"
[07:38:24.160 +  0.028s] [dmesg] [Wed Jun  3 07:20:20 2026] audit: type=1400 audit(1773420470.880:9): apparmor="STATUS" operation="profile_load" profile="unconfined" name="/usr/lib/NetworkManager/nm-dhcp-client.action" pid=826 comm="apparmor_parser"
[07:38:24.160 +  0.029s] [dmesg] [Wed Jun  3 07:20:20 2026] audit: type=1400 audit(1773420470.880:10): apparmor="STATUS" operation="profile_load" profile="unconfined" name="/usr/lib/NetworkManager/nm-dhcp-helper" pid=826 comm="apparmor_parser"
[07:38:24.160 +  0.029s] [dmesg] [Wed Jun  3 07:20:20 2026] audit: type=1400 audit(1773420470.880:11): apparmor="STATUS" operation="profile_load" profile="unconfined" name="/usr/lib/connman/scripts/dhclient-script" pid=826 comm="apparmor_parser"
[07:38:24.160 +  0.029s] [dmesg] [Wed Jun  3 07:20:34 2026] macb ff0e0000.ethernet eth0: PHY [ff0e0000.ethernet-ffffffff:01] driver [TI DP83867] (irq=POLL)
[07:38:24.160 +  0.029s] [dmesg] [Wed Jun  3 07:20:34 2026] macb ff0e0000.ethernet eth0: configuring for phy/rgmii-id link mode
[07:38:24.160 +  0.029s] [dmesg] [Wed Jun  3 07:20:34 2026] pps pps0: new PPS source ptp0
[07:38:24.160 +  0.029s] [dmesg] [Wed Jun  3 07:20:34 2026] macb ff0e0000.ethernet: gem-ptp-timer ptp clock registered.
[07:38:24.160 +  0.029s] [dmesg] [Wed Jun  3 07:20:35 2026] OF: overlay: WARNING: memory leak will occur if overlay removed, property: /fpga-full/firmware-name
[07:38:24.160 +  0.029s] [dmesg] [Wed Jun  3 07:20:35 2026] OF: overlay: WARNING: memory leak will occur if overlay removed, property: /fpga-full/resets
[07:38:24.160 +  0.029s] [dmesg] [Wed Jun  3 07:20:39 2026] macb ff0e0000.ethernet eth0: Link is Up - 1Gbps/Full - flow control off
[07:38:24.161 +  0.029s] [dmesg] [Wed Jun  3 07:20:39 2026] IPv6: ADDRCONF(NETDEV_CHANGE): eth0: link becomes ready
[07:38:24.161 +  0.029s] [dmesg] [Wed Jun  3 07:20:39 2026] kauditd_printk_skb: 38 callbacks suppressed
[07:38:24.161 +  0.029s] [dmesg] [Wed Jun  3 07:20:39 2026] audit: type=1400 audit(1780470656.965:50): apparmor="DENIED" operation="capable" profile="/usr/sbin/cupsd" pid=1220 comm="cupsd" capability=12  capname="net_admin"
[07:38:24.161 +  0.029s] [dmesg] [Wed Jun  3 07:20:40 2026] audit: type=1400 audit(1780470658.761:51): apparmor="DENIED" operation="capable" profile="/usr/sbin/cups-browsed" pid=1287 comm="cups-browsed" capability=23  capname="sys_nice"
[07:38:24.161 +  0.029s] [dmesg] [Wed Jun  3 07:21:00 2026] rfkill: input handler disabled
[07:38:24.161 +  0.029s] [dmesg] [Wed Jun  3 07:21:27 2026] loop20: detected capacity change from 0 to 8
[07:38:24.161 +  0.029s] [dmesg] [Wed Jun  3 07:36:33 2026] OF: overlay: WARNING: memory leak will occur if overlay removed, property: /fpga-full/firmware-name
[07:38:24.161 +  0.029s] [dmesg] [Wed Jun  3 07:36:33 2026] OF: overlay: WARNING: memory leak will occur if overlay removed, property: /fpga-full/resets
[07:38:24.161 +  0.030s] [dmesg] [Wed Jun  3 07:36:33 2026] OF: overlay: WARNING: memory leak will occur if overlay removed, property: /__symbols__/pccx_npu_uio
[07:38:24.161 +  0.030s] [dmesg] [Wed Jun  3 07:37:32 2026] OF: overlay: WARNING: memory leak will occur if overlay removed, property: /fpga-full/firmware-name
[07:38:24.161 +  0.030s] [dmesg] [Wed Jun  3 07:37:32 2026] OF: overlay: WARNING: memory leak will occur if overlay removed, property: /fpga-full/resets
[07:38:24.161 +  0.030s] [dmesg] [Wed Jun  3 07:37:32 2026] OF: overlay: WARNING: memory leak will occur if overlay removed, property: /__symbols__/pccx_npu_uio
[07:38:24.161 +  0.030s] [dmesg] [Wed Jun  3 07:37:41 2026] OF: overlay: WARNING: memory leak will occur if overlay removed, property: /fpga-full/firmware-name
[07:38:24.161 +  0.030s] [dmesg] [Wed Jun  3 07:37:41 2026] OF: overlay: WARNING: memory leak will occur if overlay removed, property: /fpga-full/resets
[07:38:24.161 +  0.030s] [dmesg] [Wed Jun  3 07:37:41 2026] OF: overlay: WARNING: memory leak will occur if overlay removed, property: /__symbols__/pccx_npu_uio
[07:38:24.162 +  0.030s] [SAFETY] dmesg looks clean (no AXI bus error / SError in tail).
[07:38:24.162 +  0.030s] =============================
[07:38:24.162 +  0.030s]   xmutil reload pccx_npu_bd
[07:38:24.162 +  0.030s] =============================
[07:38:24.215 +  0.084s] [BIT] bitstream md5 = 06fcc0d825ee8ffdb782d098131cf6b7 (== expected v29 instalign 20260603T064753Z)
[07:38:24.216 +  0.084s] [XMUTIL] running: xmutil unloadapp
[07:38:24.567 +  0.436s] [xmutil/unloadapp] remove from slot 0 returns: 0 (Ok)
[07:38:24.568 +  0.436s] [XMUTIL] running: xmutil loadapp pccx_npu_bd
[07:38:25.214 +  1.082s] [xmutil/loadapp] pccx_npu_bd: loaded to slot 0
[07:38:26.716 +  2.584s] [XMUTIL] /sys/class/uio/uio4/name = 'pccx-npu'
[07:38:26.770 +  2.639s] [BIT] bitstream md5 = 06fcc0d825ee8ffdb782d098131cf6b7 (== expected v29 instalign 20260603T064753Z)
[07:38:26.771 +  2.639s] ========================
[07:38:26.771 +  2.639s]   payload construction
[07:38:26.771 +  2.639s] ========================
[07:38:26.781 +  2.650s] beats=64 bytes_per_lane_stream=1024
[07:38:26.781 +  2.650s] upper beat0 lanes=[-8, -7, -6, -5, -4, -3, -2, -1, 0, 1, 2, 3, 4, 5, 6, 7, -8, -7, -6, -5, -4, -3, -2, -1, 0, 1, 2, 3, 4, 5, 6, 7]
[07:38:26.781 +  2.650s] lower beat0 lanes=[7, 6, 5, 4, 3, 2, 1, 0, -1, -2, -3, -4, -5, -6, -7, -8, 7, 6, 5, 4, 3, 2, 1, 0, -1, -2, -3, -4, -5, -6, -7, -8]
[07:38:26.782 +  2.650s] upper beat0 little-endian hex=98badcfe1032547698badcfe10325476
[07:38:26.782 +  2.650s] lower beat0 little-endian hex=67452301efcdab8967452301efcdab89
[07:38:26.782 +  2.650s] ==================
[07:38:26.782 +  2.650s]   CMA allocation
[07:38:26.782 +  2.650s] ==================
[07:38:26.782 +  2.651s] [CMA] CMA OK: va=0xffff86171000 phys=0x0375b0000 size=0x1000 fd=4
[07:38:26.783 +  2.651s] [CMA] CMA OK: va=0xffff86145000 phys=0x0375b1000 size=0x1000 fd=6
[07:38:26.783 +  2.651s] upper phys=0x0375b0000 lower phys=0x0375b1000
[07:38:26.785 +  2.654s] [DUMP] --- cmdsts snapshot: before HP0/HP1 paired issue ---
[07:38:26.785 +  2.654s] [DUMP]        hp0 @0xA000_1000: flags=0x00000005 [cmd_empty=1 cmd_full=0 sts_empty=1 sts_full=0 err_sticky=0x0] cmd_lvl=0 sts_lvl=0
[07:38:26.786 +  2.654s] [DUMP]        hp1 @0xA000_2000: flags=0x00000005 [cmd_empty=1 cmd_full=0 sts_empty=1 sts_full=0 err_sticky=0x0] cmd_lvl=0 sts_lvl=0
[07:38:26.786 +  2.654s] [DUMP]        hp2 @0xA000_3000: flags=0x00000005 [cmd_empty=1 cmd_full=0 sts_empty=1 sts_full=0 err_sticky=0x0] cmd_lvl=0 sts_lvl=0
[07:38:26.786 +  2.654s] [DUMP]        hp3 @0xA000_4000: flags=0x00000005 [cmd_empty=1 cmd_full=0 sts_empty=1 sts_full=0 err_sticky=0x0] cmd_lvl=0 sts_lvl=0
[07:38:26.786 +  2.654s] [DUMP]   acp_fmap @0xA000_5000: flags=0x00000005 [cmd_empty=1 cmd_full=0 sts_empty=1 sts_full=0 err_sticky=0x0] cmd_lvl=0 sts_lvl=0
[07:38:26.786 +  2.655s] [DUMP] acp_result @0xA000_6000: flags=0x00000005 [cmd_empty=1 cmd_full=0 sts_empty=1 sts_full=0 err_sticky=0x0] cmd_lvl=0 sts_lvl=0
[07:38:26.786 +  2.655s] ========================
[07:38:26.786 +  2.655s]   paired HP0/HP1 issue
[07:38:26.786 +  2.655s] ========================
[07:38:26.786 +  2.655s] issued hp0 token=0x0 hp1 token=0x1
[07:38:26.787 +  2.655s] [HP0] 0x00000080 tag=0x0 OKAY=1 err=- bytes=0 eof=0
[07:38:26.787 +  2.655s] [HP1] 0x00000081 tag=0x1 OKAY=1 err=- bytes=0 eof=0
[07:38:26.787 +  2.655s] [POP] STS_POP[0] = 0x00000080 tag=0x0 OKAY=1 err=- bytes=0 eof=0
[07:38:26.787 +  2.655s] [POP] STS_POP[1] = 0x00000080 tag=0x0 OKAY=1 err=- bytes=0 eof=0
[07:38:26.787 +  2.656s] [POP] STS_POP[0] = 0x00000081 tag=0x1 OKAY=1 err=- bytes=0 eof=0
[07:38:26.787 +  2.656s] [POP] STS_POP[1] = 0x00000081 tag=0x1 OKAY=1 err=- bytes=0 eof=0
[07:38:26.787 +  2.656s] [HP0] hp0 status payloads checked=3
[07:38:26.787 +  2.656s] [HP1] hp1 status payloads checked=3
[07:38:26.787 +  2.656s] [DUMP] --- cmdsts snapshot: after HP0/HP1 paired issue ---
[07:38:26.788 +  2.656s] [DUMP]        hp0 @0xA000_1000: flags=0x00000005 [cmd_empty=1 cmd_full=0 sts_empty=1 sts_full=0 err_sticky=0x0] cmd_lvl=0 sts_lvl=0
[07:38:26.788 +  2.656s] [DUMP]        hp1 @0xA000_2000: flags=0x00000005 [cmd_empty=1 cmd_full=0 sts_empty=1 sts_full=0 err_sticky=0x0] cmd_lvl=0 sts_lvl=0
[07:38:26.788 +  2.656s] [DUMP]        hp2 @0xA000_3000: flags=0x00000005 [cmd_empty=1 cmd_full=0 sts_empty=1 sts_full=0 err_sticky=0x0] cmd_lvl=0 sts_lvl=0
[07:38:26.788 +  2.656s] [DUMP]        hp3 @0xA000_4000: flags=0x00000005 [cmd_empty=1 cmd_full=0 sts_empty=1 sts_full=0 err_sticky=0x0] cmd_lvl=0 sts_lvl=0
[07:38:26.788 +  2.657s] [DUMP]   acp_fmap @0xA000_5000: flags=0x00000005 [cmd_empty=1 cmd_full=0 sts_empty=1 sts_full=0 err_sticky=0x0] cmd_lvl=0 sts_lvl=0
[07:38:26.788 +  2.657s] [DUMP] acp_result @0xA000_6000: flags=0x00000005 [cmd_empty=1 cmd_full=0 sts_empty=1 sts_full=0 err_sticky=0x0] cmd_lvl=0 sts_lvl=0
[07:38:26.788 +  2.657s] ==================
[07:38:26.789 +  2.657s]   cleanup reload
[07:38:26.789 +  2.657s] ==================
[07:38:26.789 +  2.657s] =============================
[07:38:26.789 +  2.657s]   xmutil reload pccx_npu_bd
[07:38:26.789 +  2.657s] =============================
[07:38:26.842 +  2.711s] [BIT] bitstream md5 = 06fcc0d825ee8ffdb782d098131cf6b7 (== expected v29 instalign 20260603T064753Z)
[07:38:26.842 +  2.711s] [XMUTIL] running: xmutil unloadapp
[07:38:27.200 +  3.068s] [xmutil/unloadapp] remove from slot 0 returns: 0 (Ok)
[07:38:27.200 +  3.068s] [XMUTIL] running: xmutil loadapp pccx_npu_bd
[07:38:27.722 +  3.590s] [xmutil/loadapp] pccx_npu_bd: loaded to slot 0
[07:38:29.224 +  5.093s] [XMUTIL] /sys/class/uio/uio4/name = 'pccx-npu'
[07:38:29.279 +  5.147s] [BIT] bitstream md5 = 06fcc0d825ee8ffdb782d098131cf6b7 (== expected v29 instalign 20260603T064753Z)
[07:38:29.279 +  5.147s] [RESULT] RESULT: PASS_WEIGHT_INGRESS
