[12:19:13.013 +  0.031s] ==========================
[12:19:13.013 +  0.031s]   dmesg safety pre-check
[12:19:13.013 +  0.031s] ==========================
[12:19:13.036 +  0.054s] [dmesg] [Wed Jun  3 09:12:36 2026] OF: overlay: WARNING: memory leak will occur if overlay removed, property: /__symbols__/pccx_npu_uio
[12:19:13.036 +  0.054s] [dmesg] [Wed Jun  3 09:12:48 2026] OF: overlay: WARNING: memory leak will occur if overlay removed, property: /fpga-full/firmware-name
[12:19:13.036 +  0.054s] [dmesg] [Wed Jun  3 09:12:48 2026] OF: overlay: WARNING: memory leak will occur if overlay removed, property: /fpga-full/resets
[12:19:13.036 +  0.054s] [dmesg] [Wed Jun  3 09:12:48 2026] OF: overlay: WARNING: memory leak will occur if overlay removed, property: /__symbols__/pccx_npu_uio
[12:19:13.037 +  0.055s] [dmesg] [Wed Jun  3 09:13:10 2026] OF: overlay: WARNING: memory leak will occur if overlay removed, property: /fpga-full/firmware-name
[12:19:13.037 +  0.055s] [dmesg] [Wed Jun  3 09:13:10 2026] OF: overlay: WARNING: memory leak will occur if overlay removed, property: /fpga-full/resets
[12:19:13.037 +  0.055s] [dmesg] [Wed Jun  3 09:13:10 2026] OF: overlay: WARNING: memory leak will occur if overlay removed, property: /__symbols__/pccx_npu_uio
[12:19:13.037 +  0.055s] [dmesg] [Wed Jun  3 09:13:12 2026] OF: overlay: WARNING: memory leak will occur if overlay removed, property: /fpga-full/firmware-name
[12:19:13.037 +  0.055s] [dmesg] [Wed Jun  3 09:13:13 2026] OF: overlay: WARNING: memory leak will occur if overlay removed, property: /fpga-full/resets
[12:19:13.037 +  0.055s] [dmesg] [Wed Jun  3 09:13:13 2026] OF: overlay: WARNING: memory leak will occur if overlay removed, property: /__symbols__/pccx_npu_uio
[12:19:13.037 +  0.055s] [dmesg] [Wed Jun  3 09:14:18 2026] OF: overlay: WARNING: memory leak will occur if overlay removed, property: /fpga-full/firmware-name
[12:19:13.037 +  0.055s] [dmesg] [Wed Jun  3 09:14:18 2026] OF: overlay: WARNING: memory leak will occur if overlay removed, property: /fpga-full/resets
[12:19:13.037 +  0.055s] [dmesg] [Wed Jun  3 09:14:18 2026] OF: overlay: WARNING: memory leak will occur if overlay removed, property: /__symbols__/pccx_npu_uio
[12:19:13.037 +  0.055s] [dmesg] [Wed Jun  3 11:19:51 2026] OF: overlay: WARNING: memory leak will occur if overlay removed, property: /fpga-full/firmware-name
[12:19:13.037 +  0.055s] [dmesg] [Wed Jun  3 11:19:51 2026] OF: overlay: WARNING: memory leak will occur if overlay removed, property: /fpga-full/resets
[12:19:13.037 +  0.055s] [dmesg] [Wed Jun  3 11:19:51 2026] OF: overlay: WARNING: memory leak will occur if overlay removed, property: /__symbols__/pccx_npu_uio
[12:19:13.037 +  0.055s] [dmesg] [Wed Jun  3 11:20:56 2026] OF: overlay: WARNING: memory leak will occur if overlay removed, property: /fpga-full/firmware-name
[12:19:13.037 +  0.055s] [dmesg] [Wed Jun  3 11:20:56 2026] OF: overlay: WARNING: memory leak will occur if overlay removed, property: /fpga-full/resets
[12:19:13.037 +  0.055s] [dmesg] [Wed Jun  3 11:20:56 2026] OF: overlay: WARNING: memory leak will occur if overlay removed, property: /__symbols__/pccx_npu_uio
[12:19:13.037 +  0.055s] [dmesg] [Wed Jun  3 11:21:15 2026] OF: overlay: WARNING: memory leak will occur if overlay removed, property: /fpga-full/firmware-name
[12:19:13.038 +  0.056s] [dmesg] [Wed Jun  3 11:21:15 2026] OF: overlay: WARNING: memory leak will occur if overlay removed, property: /fpga-full/resets
[12:19:13.038 +  0.056s] [dmesg] [Wed Jun  3 11:21:15 2026] OF: overlay: WARNING: memory leak will occur if overlay removed, property: /__symbols__/pccx_npu_uio
[12:19:13.038 +  0.056s] [dmesg] [Wed Jun  3 11:21:18 2026] OF: overlay: WARNING: memory leak will occur if overlay removed, property: /fpga-full/firmware-name
[12:19:13.038 +  0.056s] [dmesg] [Wed Jun  3 11:21:18 2026] OF: overlay: WARNING: memory leak will occur if overlay removed, property: /fpga-full/resets
[12:19:13.038 +  0.056s] [dmesg] [Wed Jun  3 11:21:18 2026] OF: overlay: WARNING: memory leak will occur if overlay removed, property: /__symbols__/pccx_npu_uio
[12:19:13.038 +  0.056s] [dmesg] [Wed Jun  3 11:22:05 2026] OF: overlay: WARNING: memory leak will occur if overlay removed, property: /fpga-full/firmware-name
[12:19:13.038 +  0.056s] [dmesg] [Wed Jun  3 11:22:05 2026] OF: overlay: WARNING: memory leak will occur if overlay removed, property: /fpga-full/resets
[12:19:13.038 +  0.056s] [dmesg] [Wed Jun  3 11:22:05 2026] OF: overlay: WARNING: memory leak will occur if overlay removed, property: /__symbols__/pccx_npu_uio
[12:19:13.038 +  0.056s] [dmesg] [Wed Jun  3 11:22:45 2026] OF: overlay: WARNING: memory leak will occur if overlay removed, property: /fpga-full/firmware-name
[12:19:13.038 +  0.056s] [dmesg] [Wed Jun  3 11:22:45 2026] OF: overlay: WARNING: memory leak will occur if overlay removed, property: /fpga-full/resets
[12:19:13.038 +  0.056s] [dmesg] [Wed Jun  3 11:22:45 2026] OF: overlay: WARNING: memory leak will occur if overlay removed, property: /__symbols__/pccx_npu_uio
[12:19:13.038 +  0.056s] [dmesg] [Wed Jun  3 12:16:17 2026] OF: overlay: WARNING: memory leak will occur if overlay removed, property: /fpga-full/firmware-name
[12:19:13.038 +  0.056s] [dmesg] [Wed Jun  3 12:16:17 2026] OF: overlay: WARNING: memory leak will occur if overlay removed, property: /fpga-full/resets
[12:19:13.038 +  0.056s] [dmesg] [Wed Jun  3 12:16:17 2026] OF: overlay: WARNING: memory leak will occur if overlay removed, property: /__symbols__/pccx_npu_uio
[12:19:13.038 +  0.056s] [dmesg] [Wed Jun  3 12:16:54 2026] OF: overlay: WARNING: memory leak will occur if overlay removed, property: /fpga-full/firmware-name
[12:19:13.038 +  0.056s] [dmesg] [Wed Jun  3 12:16:54 2026] OF: overlay: WARNING: memory leak will occur if overlay removed, property: /fpga-full/resets
[12:19:13.038 +  0.056s] [dmesg] [Wed Jun  3 12:16:54 2026] OF: overlay: WARNING: memory leak will occur if overlay removed, property: /__symbols__/pccx_npu_uio
[12:19:13.039 +  0.057s] [dmesg] [Wed Jun  3 12:17:49 2026] OF: overlay: WARNING: memory leak will occur if overlay removed, property: /fpga-full/firmware-name
[12:19:13.039 +  0.057s] [dmesg] [Wed Jun  3 12:17:49 2026] OF: overlay: WARNING: memory leak will occur if overlay removed, property: /fpga-full/resets
[12:19:13.039 +  0.057s] [dmesg] [Wed Jun  3 12:17:49 2026] OF: overlay: WARNING: memory leak will occur if overlay removed, property: /__symbols__/pccx_npu_uio
[12:19:13.039 +  0.057s] [SAFETY] dmesg looks clean (no AXI bus error / SError in tail).
[12:19:13.039 +  0.057s] ==============================================================
[12:19:13.039 +  0.057s]   stage1_gemm_silicon — nonzero_weight_activity: HP0=1 HP1=1
[12:19:13.039 +  0.057s] ==============================================================
[12:19:13.039 +  0.057s] [BANNER] argv: ['debug/stage1_gemm_silicon.py', '--single-nonzero']
[12:19:13.039 +  0.057s] [BANNER] cwd:  /home/ubuntu/pccx-gemma-deploy
[12:19:13.039 +  0.057s] [BANNER] uid:  0
[12:19:13.040 +  0.058s] [BANNER] python: 3.10.12 (/usr/bin/python3)
[12:19:13.040 +  0.058s] =============================
[12:19:13.040 +  0.058s]   xmutil reload pccx_npu_bd
[12:19:13.040 +  0.058s] =============================
[12:19:13.093 +  0.111s] [BIT] bitstream md5 = 89e3c4e238c30cf02db537fd232dc5d3 (== expected v31 stage1_gemm 20260603T103103Z)
[12:19:13.093 +  0.111s] [XMUTIL] running: xmutil unloadapp
[12:19:13.453 +  0.471s] [xmutil/unloadapp] remove from slot 0 returns: 0 (Ok)
[12:19:13.453 +  0.471s] [XMUTIL] running: xmutil loadapp pccx_npu_bd
[12:19:13.977 +  0.995s] [xmutil/loadapp] pccx_npu_bd: loaded to slot 0
[12:19:15.479 +  2.497s] [XMUTIL] /sys/class/uio/uio4/name = 'pccx-npu'
[12:19:15.534 +  2.552s] [BIT] bitstream md5 = 89e3c4e238c30cf02db537fd232dc5d3 (== expected v31 stage1_gemm 20260603T103103Z)
[12:19:15.543 +  2.561s] ==================
[12:19:15.543 +  2.561s]   CMA allocation
[12:19:15.543 +  2.561s] ==================
[12:19:15.544 +  2.562s] [CMA] CMA OK: va=0xffff8808e000 phys=0x0375b0000 size=0x1000 fd=4
[12:19:15.544 +  2.562s] [CMA] CMA OK: va=0xffff88062000 phys=0x0375b1000 size=0x1000 fd=6
[12:19:15.544 +  2.562s] [CMA] CMA OK: va=0xffff8805e000 phys=0x0375b4000 size=0x4000 fd=8
[12:19:15.545 +  2.563s] [CMA] CMA OK: va=0xffff8805a000 phys=0x0375b8000 size=0x4000 fd=10
[12:19:15.545 +  2.563s] fmap_phys=0x0375b0000 result_phys=0x0375b1000
[12:19:15.545 +  2.563s] hp0_phys=0x0375b4000 hp1_phys=0x0375b8000
[12:19:15.545 +  2.563s] fmap bytes=4096 result bytes=64 hp bytes=16384
[12:19:15.547 +  2.565s] [DUMP] --- cmdsts snapshot: nonzero_weight_activity: before setup ---
[12:19:15.548 +  2.566s] [DUMP]        hp0 @0xA000_1000: flags=0x00000005 [cmd_empty=1 cmd_full=0 sts_empty=1 sts_full=0 err_sticky=0x0] cmd_lvl=0 sts_lvl=0
[12:19:15.548 +  2.566s] [DUMP]        hp1 @0xA000_2000: flags=0x00000005 [cmd_empty=1 cmd_full=0 sts_empty=1 sts_full=0 err_sticky=0x0] cmd_lvl=0 sts_lvl=0
[12:19:15.548 +  2.566s] [DUMP]        hp2 @0xA000_3000: flags=0x00000005 [cmd_empty=1 cmd_full=0 sts_empty=1 sts_full=0 err_sticky=0x0] cmd_lvl=0 sts_lvl=0
[12:19:15.548 +  2.566s] [DUMP]        hp3 @0xA000_4000: flags=0x00000005 [cmd_empty=1 cmd_full=0 sts_empty=1 sts_full=0 err_sticky=0x0] cmd_lvl=0 sts_lvl=0
[12:19:15.548 +  2.566s] [DUMP]   acp_fmap @0xA000_5000: flags=0x00000005 [cmd_empty=1 cmd_full=0 sts_empty=1 sts_full=0 err_sticky=0x0] cmd_lvl=0 sts_lvl=0
[12:19:15.548 +  2.566s] [DUMP] acp_result @0xA000_6000: flags=0x00000005 [cmd_empty=1 cmd_full=0 sts_empty=1 sts_full=0 err_sticky=0x0] cmd_lvl=0 sts_lvl=0
[12:19:15.548 +  2.566s] ===============
[12:19:15.548 +  2.566s]   shape setup
[12:19:15.548 +  2.566s] ===============
[12:19:15.599 +  2.617s] [NPU] after fmap shape: 0x0000000000008002 busy=0 done=1 top=0x2000 mem=0x0000
[12:19:15.649 +  2.667s] [NPU] after result shape: 0x0000000000008002 busy=0 done=1 top=0x2000 mem=0x0000
[12:19:15.649 +  2.667s] ===================
[12:19:15.649 +  2.667s]   host -> L2 fmap
[12:19:15.649 +  2.667s] ===================
[12:19:15.649 +  2.667s] [DM] acp_fmap issued token=0x0 length=4096
[12:19:15.649 +  2.668s] [acp_fmap] 0x00000080 tag=0x0 OKAY=1 err=- bytes=0 eof=0
[12:19:15.650 +  2.668s] ================================
[12:19:15.650 +  2.668s]   constant HP0/HP1 weight fill
[12:19:15.650 +  2.668s] ================================
[12:19:15.650 +  2.668s] [HP] hp0 token=0x2 hp1 token=0x3
[12:19:15.650 +  2.668s] [HP0] 0x00000082 tag=0x2 OKAY=1 err=- bytes=0 eof=0
[12:19:15.650 +  2.668s] [HP1] 0x00000083 tag=0x3 OKAY=1 err=- bytes=0 eof=0
[12:19:15.650 +  2.668s] [POP] STS_POP[0] = 0x00000082 tag=0x2 OKAY=1 err=- bytes=0 eof=0
[12:19:15.650 +  2.668s] [POP] STS_POP[1] = 0x00000082 tag=0x2 OKAY=1 err=- bytes=0 eof=0
[12:19:15.650 +  2.669s] [POP] STS_POP[0] = 0x00000083 tag=0x3 OKAY=1 err=- bytes=0 eof=0
[12:19:15.651 +  2.669s] [POP] STS_POP[1] = 0x00000083 tag=0x3 OKAY=1 err=- bytes=0 eof=0
[12:19:15.651 +  2.669s] ==============
[12:19:15.651 +  2.669s]   GEMM issue
[12:19:15.651 +  2.669s] ==============
[12:19:15.651 +  2.669s] GEMM word=0x1018000400800000 flags=0x08
[12:19:15.676 +  2.694s] [GEMM] t=0ms NPU 0x0000000000008002 busy=0 done=1 top=0x2000 mem=0x0000
[12:19:15.676 +  2.694s] =====================
[12:19:15.676 +  2.694s]   L2 -> host result
[12:19:15.676 +  2.694s] =====================
[12:19:15.677 +  2.695s] [DM] acp_result issued token=0x4 length=64
[12:19:15.677 +  2.695s] [acp_result] 0x00000084 tag=0x4 OKAY=1 err=- bytes=0 eof=0
[12:19:15.677 +  2.695s] [RESULT] result class=POISON_UNCHANGED raw=a5a5a5a5a5a5a5a5a5a5a5a5a5a5a5a5a5a5a5a5a5a5a5a5a5a5a5a5a5a5a5a5a5a5a5a5a5a5a5a5a5a5a5a5a5a5a5a5a5a5a5a5a5a5a5a5a5a5a5a5a5a5a5a5
[12:19:15.677 +  2.695s] [RESULT] bf16 words=a5a5 a5a5 a5a5 a5a5 a5a5 a5a5 a5a5 a5a5 a5a5 a5a5 a5a5 a5a5 a5a5 a5a5 a5a5 a5a5 a5a5 a5a5 a5a5 a5a5 a5a5 a5a5 a5a5 a5a5 a5a5 a5a5 a5a5 a5a5 a5a5 a5a5 a5a5 a5a5
[12:19:15.677 +  2.695s] [DUMP] --- cmdsts snapshot: nonzero_weight_activity: after result readback ---
[12:19:15.677 +  2.695s] [DUMP]        hp0 @0xA000_1000: flags=0x00000005 [cmd_empty=1 cmd_full=0 sts_empty=1 sts_full=0 err_sticky=0x0] cmd_lvl=0 sts_lvl=0
[12:19:15.677 +  2.695s] [DUMP]        hp1 @0xA000_2000: flags=0x00000005 [cmd_empty=1 cmd_full=0 sts_empty=1 sts_full=0 err_sticky=0x0] cmd_lvl=0 sts_lvl=0
[12:19:15.678 +  2.696s] [DUMP]        hp2 @0xA000_3000: flags=0x00000005 [cmd_empty=1 cmd_full=0 sts_empty=1 sts_full=0 err_sticky=0x0] cmd_lvl=0 sts_lvl=0
[12:19:15.678 +  2.696s] [DUMP]        hp3 @0xA000_4000: flags=0x00000005 [cmd_empty=1 cmd_full=0 sts_empty=1 sts_full=0 err_sticky=0x0] cmd_lvl=0 sts_lvl=0
[12:19:15.678 +  2.696s] [DUMP]   acp_fmap @0xA000_5000: flags=0x00000005 [cmd_empty=1 cmd_full=0 sts_empty=1 sts_full=0 err_sticky=0x0] cmd_lvl=0 sts_lvl=0
[12:19:15.678 +  2.696s] [DUMP] acp_result @0xA000_6000: flags=0x00000005 [cmd_empty=1 cmd_full=0 sts_empty=1 sts_full=0 err_sticky=0x0] cmd_lvl=0 sts_lvl=0
[12:19:15.678 +  2.696s] [FAIL] non-zero weight case did not produce non-zero result
