[12:17:49.644 +  0.031s] ==========================
[12:17:49.645 +  0.031s]   dmesg safety pre-check
[12:17:49.645 +  0.031s] ==========================
[12:17:49.668 +  0.054s] [dmesg] [Wed Jun  3 09:11:16 2026] OF: overlay: WARNING: memory leak will occur if overlay removed, property: /__symbols__/pccx_npu_uio
[12:17:49.668 +  0.054s] [dmesg] [Wed Jun  3 09:12:36 2026] OF: overlay: WARNING: memory leak will occur if overlay removed, property: /fpga-full/firmware-name
[12:17:49.668 +  0.054s] [dmesg] [Wed Jun  3 09:12:36 2026] OF: overlay: WARNING: memory leak will occur if overlay removed, property: /fpga-full/resets
[12:17:49.668 +  0.055s] [dmesg] [Wed Jun  3 09:12:36 2026] OF: overlay: WARNING: memory leak will occur if overlay removed, property: /__symbols__/pccx_npu_uio
[12:17:49.668 +  0.055s] [dmesg] [Wed Jun  3 09:12:48 2026] OF: overlay: WARNING: memory leak will occur if overlay removed, property: /fpga-full/firmware-name
[12:17:49.668 +  0.055s] [dmesg] [Wed Jun  3 09:12:48 2026] OF: overlay: WARNING: memory leak will occur if overlay removed, property: /fpga-full/resets
[12:17:49.668 +  0.055s] [dmesg] [Wed Jun  3 09:12:48 2026] OF: overlay: WARNING: memory leak will occur if overlay removed, property: /__symbols__/pccx_npu_uio
[12:17:49.668 +  0.055s] [dmesg] [Wed Jun  3 09:13:10 2026] OF: overlay: WARNING: memory leak will occur if overlay removed, property: /fpga-full/firmware-name
[12:17:49.668 +  0.055s] [dmesg] [Wed Jun  3 09:13:10 2026] OF: overlay: WARNING: memory leak will occur if overlay removed, property: /fpga-full/resets
[12:17:49.668 +  0.055s] [dmesg] [Wed Jun  3 09:13:10 2026] OF: overlay: WARNING: memory leak will occur if overlay removed, property: /__symbols__/pccx_npu_uio
[12:17:49.668 +  0.055s] [dmesg] [Wed Jun  3 09:13:12 2026] OF: overlay: WARNING: memory leak will occur if overlay removed, property: /fpga-full/firmware-name
[12:17:49.668 +  0.055s] [dmesg] [Wed Jun  3 09:13:13 2026] OF: overlay: WARNING: memory leak will occur if overlay removed, property: /fpga-full/resets
[12:17:49.669 +  0.055s] [dmesg] [Wed Jun  3 09:13:13 2026] OF: overlay: WARNING: memory leak will occur if overlay removed, property: /__symbols__/pccx_npu_uio
[12:17:49.669 +  0.055s] [dmesg] [Wed Jun  3 09:14:18 2026] OF: overlay: WARNING: memory leak will occur if overlay removed, property: /fpga-full/firmware-name
[12:17:49.669 +  0.055s] [dmesg] [Wed Jun  3 09:14:18 2026] OF: overlay: WARNING: memory leak will occur if overlay removed, property: /fpga-full/resets
[12:17:49.669 +  0.055s] [dmesg] [Wed Jun  3 09:14:18 2026] OF: overlay: WARNING: memory leak will occur if overlay removed, property: /__symbols__/pccx_npu_uio
[12:17:49.669 +  0.055s] [dmesg] [Wed Jun  3 11:19:51 2026] OF: overlay: WARNING: memory leak will occur if overlay removed, property: /fpga-full/firmware-name
[12:17:49.669 +  0.055s] [dmesg] [Wed Jun  3 11:19:51 2026] OF: overlay: WARNING: memory leak will occur if overlay removed, property: /fpga-full/resets
[12:17:49.669 +  0.055s] [dmesg] [Wed Jun  3 11:19:51 2026] OF: overlay: WARNING: memory leak will occur if overlay removed, property: /__symbols__/pccx_npu_uio
[12:17:49.669 +  0.055s] [dmesg] [Wed Jun  3 11:20:56 2026] OF: overlay: WARNING: memory leak will occur if overlay removed, property: /fpga-full/firmware-name
[12:17:49.669 +  0.056s] [dmesg] [Wed Jun  3 11:20:56 2026] OF: overlay: WARNING: memory leak will occur if overlay removed, property: /fpga-full/resets
[12:17:49.669 +  0.056s] [dmesg] [Wed Jun  3 11:20:56 2026] OF: overlay: WARNING: memory leak will occur if overlay removed, property: /__symbols__/pccx_npu_uio
[12:17:49.669 +  0.056s] [dmesg] [Wed Jun  3 11:21:15 2026] OF: overlay: WARNING: memory leak will occur if overlay removed, property: /fpga-full/firmware-name
[12:17:49.669 +  0.056s] [dmesg] [Wed Jun  3 11:21:15 2026] OF: overlay: WARNING: memory leak will occur if overlay removed, property: /fpga-full/resets
[12:17:49.669 +  0.056s] [dmesg] [Wed Jun  3 11:21:15 2026] OF: overlay: WARNING: memory leak will occur if overlay removed, property: /__symbols__/pccx_npu_uio
[12:17:49.669 +  0.056s] [dmesg] [Wed Jun  3 11:21:18 2026] OF: overlay: WARNING: memory leak will occur if overlay removed, property: /fpga-full/firmware-name
[12:17:49.669 +  0.056s] [dmesg] [Wed Jun  3 11:21:18 2026] OF: overlay: WARNING: memory leak will occur if overlay removed, property: /fpga-full/resets
[12:17:49.669 +  0.056s] [dmesg] [Wed Jun  3 11:21:18 2026] OF: overlay: WARNING: memory leak will occur if overlay removed, property: /__symbols__/pccx_npu_uio
[12:17:49.669 +  0.056s] [dmesg] [Wed Jun  3 11:22:05 2026] OF: overlay: WARNING: memory leak will occur if overlay removed, property: /fpga-full/firmware-name
[12:17:49.669 +  0.056s] [dmesg] [Wed Jun  3 11:22:05 2026] OF: overlay: WARNING: memory leak will occur if overlay removed, property: /fpga-full/resets
[12:17:49.670 +  0.056s] [dmesg] [Wed Jun  3 11:22:05 2026] OF: overlay: WARNING: memory leak will occur if overlay removed, property: /__symbols__/pccx_npu_uio
[12:17:49.670 +  0.056s] [dmesg] [Wed Jun  3 11:22:45 2026] OF: overlay: WARNING: memory leak will occur if overlay removed, property: /fpga-full/firmware-name
[12:17:49.670 +  0.056s] [dmesg] [Wed Jun  3 11:22:45 2026] OF: overlay: WARNING: memory leak will occur if overlay removed, property: /fpga-full/resets
[12:17:49.670 +  0.056s] [dmesg] [Wed Jun  3 11:22:45 2026] OF: overlay: WARNING: memory leak will occur if overlay removed, property: /__symbols__/pccx_npu_uio
[12:17:49.670 +  0.056s] [dmesg] [Wed Jun  3 12:16:17 2026] OF: overlay: WARNING: memory leak will occur if overlay removed, property: /fpga-full/firmware-name
[12:17:49.670 +  0.056s] [dmesg] [Wed Jun  3 12:16:17 2026] OF: overlay: WARNING: memory leak will occur if overlay removed, property: /fpga-full/resets
[12:17:49.670 +  0.056s] [dmesg] [Wed Jun  3 12:16:17 2026] OF: overlay: WARNING: memory leak will occur if overlay removed, property: /__symbols__/pccx_npu_uio
[12:17:49.670 +  0.056s] [dmesg] [Wed Jun  3 12:16:54 2026] OF: overlay: WARNING: memory leak will occur if overlay removed, property: /fpga-full/firmware-name
[12:17:49.670 +  0.057s] [dmesg] [Wed Jun  3 12:16:54 2026] OF: overlay: WARNING: memory leak will occur if overlay removed, property: /fpga-full/resets
[12:17:49.670 +  0.057s] [dmesg] [Wed Jun  3 12:16:54 2026] OF: overlay: WARNING: memory leak will occur if overlay removed, property: /__symbols__/pccx_npu_uio
[12:17:49.670 +  0.057s] [SAFETY] dmesg looks clean (no AXI bus error / SError in tail).
[12:17:49.671 +  0.057s] ==============================================================
[12:17:49.671 +  0.057s]   stage1_gemm_silicon — nonzero_weight_activity: HP0=1 HP1=1
[12:17:49.671 +  0.057s] ==============================================================
[12:17:49.671 +  0.057s] [BANNER] argv: ['debug/stage1_gemm_silicon.py', '--single-nonzero']
[12:17:49.671 +  0.057s] [BANNER] cwd:  /home/ubuntu/pccx-gemma-deploy
[12:17:49.671 +  0.057s] [BANNER] uid:  0
[12:17:49.671 +  0.057s] [BANNER] python: 3.10.12 (/usr/bin/python3)
[12:17:49.671 +  0.058s] =============================
[12:17:49.671 +  0.058s]   xmutil reload pccx_npu_bd
[12:17:49.671 +  0.058s] =============================
[12:17:49.726 +  0.112s] [BIT] bitstream md5 = 89e3c4e238c30cf02db537fd232dc5d3 (== expected v31 stage1_gemm 20260603T103103Z)
[12:17:49.726 +  0.112s] [XMUTIL] running: xmutil unloadapp
[12:17:50.093 +  0.479s] [xmutil/unloadapp] remove from slot 0 returns: 0 (Ok)
[12:17:50.093 +  0.479s] [XMUTIL] running: xmutil loadapp pccx_npu_bd
[12:17:50.615 +  1.001s] [xmutil/loadapp] pccx_npu_bd: loaded to slot 0
[12:17:52.117 +  2.504s] [XMUTIL] /sys/class/uio/uio4/name = 'pccx-npu'
[12:17:52.172 +  2.558s] [BIT] bitstream md5 = 89e3c4e238c30cf02db537fd232dc5d3 (== expected v31 stage1_gemm 20260603T103103Z)
[12:17:52.181 +  2.568s] ==================
[12:17:52.181 +  2.568s]   CMA allocation
[12:17:52.181 +  2.568s] ==================
[12:17:52.184 +  2.570s] [CMA] CMA OK: va=0xffff82922000 phys=0x0375b0000 size=0x1000 fd=4
[12:17:52.186 +  2.572s] [CMA] CMA OK: va=0xffff828f6000 phys=0x0375b1000 size=0x1000 fd=6
[12:17:52.186 +  2.573s] [CMA] CMA OK: va=0xffff828f2000 phys=0x0375b4000 size=0x4000 fd=8
[12:17:52.187 +  2.574s] [CMA] CMA OK: va=0xffff828ee000 phys=0x0375b8000 size=0x4000 fd=10
[12:17:52.187 +  2.574s] fmap_phys=0x0375b0000 result_phys=0x0375b1000
[12:17:52.187 +  2.574s] hp0_phys=0x0375b4000 hp1_phys=0x0375b8000
[12:17:52.187 +  2.574s] fmap bytes=4096 result bytes=64 hp bytes=16384
[12:17:52.190 +  2.576s] [DUMP] --- cmdsts snapshot: nonzero_weight_activity: before setup ---
[12:17:52.190 +  2.577s] [DUMP]        hp0 @0xA000_1000: flags=0x00000005 [cmd_empty=1 cmd_full=0 sts_empty=1 sts_full=0 err_sticky=0x0] cmd_lvl=0 sts_lvl=0
[12:17:52.190 +  2.577s] [DUMP]        hp1 @0xA000_2000: flags=0x00000005 [cmd_empty=1 cmd_full=0 sts_empty=1 sts_full=0 err_sticky=0x0] cmd_lvl=0 sts_lvl=0
[12:17:52.190 +  2.577s] [DUMP]        hp2 @0xA000_3000: flags=0x00000005 [cmd_empty=1 cmd_full=0 sts_empty=1 sts_full=0 err_sticky=0x0] cmd_lvl=0 sts_lvl=0
[12:17:52.191 +  2.577s] [DUMP]        hp3 @0xA000_4000: flags=0x00000005 [cmd_empty=1 cmd_full=0 sts_empty=1 sts_full=0 err_sticky=0x0] cmd_lvl=0 sts_lvl=0
[12:17:52.191 +  2.577s] [DUMP]   acp_fmap @0xA000_5000: flags=0x00000005 [cmd_empty=1 cmd_full=0 sts_empty=1 sts_full=0 err_sticky=0x0] cmd_lvl=0 sts_lvl=0
[12:17:52.191 +  2.577s] [DUMP] acp_result @0xA000_6000: flags=0x00000005 [cmd_empty=1 cmd_full=0 sts_empty=1 sts_full=0 err_sticky=0x0] cmd_lvl=0 sts_lvl=0
[12:17:52.191 +  2.577s] ===============
[12:17:52.191 +  2.577s]   shape setup
[12:17:52.191 +  2.578s] ===============
[12:17:52.241 +  2.628s] [NPU] after fmap shape: 0x0000000000008002 busy=0 done=1 top=0x2000 mem=0x0000
[12:17:52.292 +  2.678s] [NPU] after result shape: 0x0000000000008002 busy=0 done=1 top=0x2000 mem=0x0000
[12:17:52.292 +  2.678s] ===================
[12:17:52.292 +  2.678s]   host -> L2 fmap
[12:17:52.292 +  2.679s] ===================
[12:17:52.292 +  2.679s] [DM] acp_fmap issued token=0x0 length=4096
[12:17:52.292 +  2.679s] [acp_fmap] 0x00000080 tag=0x0 OKAY=1 err=- bytes=0 eof=0
[12:17:52.303 +  2.689s] [IDLE] after fmap host->L2: 0x0000000000008001 busy=1 done=0 top=0x2000 mem=0x0000
[12:17:52.313 +  2.699s] [IDLE] after fmap host->L2: 0x0000000000008001 busy=1 done=0 top=0x2000 mem=0x0000
[12:17:52.353 +  2.740s] [IDLE] after fmap host->L2: 0x0000000000008001 busy=1 done=0 top=0x2000 mem=0x0000
[12:17:52.504 +  2.891s] [IDLE] after fmap host->L2: 0x0000000000008001 busy=1 done=0 top=0x2000 mem=0x0000
[12:17:54.299 +  4.685s] [FAIL] after fmap host->L2: timeout waiting idle, last 0x0000000000008001 busy=1 done=0 top=0x2000 mem=0x0000
