[16:31:17.184 +  0.007s] =====================================================================
[16:31:17.185 +  0.008s]   board_post_gemm_small64_probe — no-reload Stage0 probe after GEMM
[16:31:17.185 +  0.008s] =====================================================================
[16:31:17.185 +  0.008s] [BANNER] argv: ['debug/board_post_gemm_small64_probe.py']
[16:31:17.185 +  0.008s] [BANNER] cwd:  /home/ubuntu/pccx-gemma-deploy
[16:31:17.186 +  0.008s] [BANNER] uid:  0
[16:31:17.186 +  0.009s] [BANNER] python: 3.10.12 (/usr/bin/python3)
[16:31:17.187 +  0.010s] [CMA] CMA OK: va=0xffff9fb8b000 phys=0x0375b0000 size=0x1000 fd=4
[16:31:17.188 +  0.011s] [CMA] CMA OK: va=0xffff9fb5f000 phys=0x0375b1000 size=0x1000 fd=6
[16:31:17.188 +  0.011s] [WARN] src: mmap.flush ignored: [Errno 22] Invalid argument
[16:31:17.189 +  0.011s] [WARN] dst: mmap.flush ignored: [Errno 22] Invalid argument
[16:31:17.189 +  0.012s] src_phys=0x0375b0000 dst_phys=0x0375b1000
[16:31:17.192 +  0.014s] [NPU] pre-status: 0x000000000000ffbd busy=1 done=0 top=0x3fef mem=0x0000
[16:31:17.192 +  0.015s] [DUMP] --- cmdsts snapshot: post-gemm small64: before probe ---
[16:31:17.192 +  0.015s] [DUMP]        hp0 @0xA000_1000: flags=0x00000005 [cmd_empty=1 cmd_full=0 sts_empty=1 sts_full=0 err_sticky=0x0] cmd_lvl=0 sts_lvl=0
[16:31:17.192 +  0.015s] [DUMP]        hp1 @0xA000_2000: flags=0x00000005 [cmd_empty=1 cmd_full=0 sts_empty=1 sts_full=0 err_sticky=0x0] cmd_lvl=0 sts_lvl=0
[16:31:17.193 +  0.015s] [DUMP]        hp2 @0xA000_3000: flags=0x00000005 [cmd_empty=1 cmd_full=0 sts_empty=1 sts_full=0 err_sticky=0x0] cmd_lvl=0 sts_lvl=0
[16:31:17.193 +  0.016s] [DUMP]        hp3 @0xA000_4000: flags=0x00000005 [cmd_empty=1 cmd_full=0 sts_empty=1 sts_full=0 err_sticky=0x0] cmd_lvl=0 sts_lvl=0
[16:31:17.193 +  0.016s] [DUMP]   acp_fmap @0xA000_5000: flags=0x00000005 [cmd_empty=1 cmd_full=0 sts_empty=1 sts_full=0 err_sticky=0x0] cmd_lvl=0 sts_lvl=0
[16:31:17.193 +  0.016s] [DUMP] acp_result @0xA000_6000: flags=0x00000005 [cmd_empty=1 cmd_full=0 sts_empty=1 sts_full=0 err_sticky=0x0] cmd_lvl=0 sts_lvl=0
[16:31:17.194 +  0.016s] ===============================
[16:31:17.194 +  0.016s]   shape[2] = 32 BF16 elements
[16:31:17.194 +  0.017s] ===============================
[16:31:17.244 +  0.067s] [NPU] after shape: 0x000000000000ffbe busy=0 done=1 top=0x3fef mem=0x0000
[16:31:17.245 +  0.068s] ======================
[16:31:17.245 +  0.068s]   host -> L2 small64
[16:31:17.245 +  0.068s] ======================
[16:31:17.245 +  0.068s] [DM] acp_fmap issued token=0x5 length=64
Traceback (most recent call last):
  File "/home/ubuntu/pccx-gemma-deploy/debug/board_post_gemm_small64_probe.py", line 196, in <module>
    sys.exit(main())
  File "/home/ubuntu/pccx-gemma-deploy/debug/board_post_gemm_small64_probe.py", line 143, in main
    st_h2l = issue_and_poll(
  File "/home/ubuntu/pccx-gemma-deploy/debug/board_post_gemm_small64_probe.py", line 90, in issue_and_poll
    status = channel.poll_status(token, timeout_sec=3.0)
  File "/home/ubuntu/pccx-gemma-deploy/pccx_npu/npu/dma.py", line 127, in poll_status
    raise TimeoutError(
TimeoutError: timed out waiting 3.000s for acp_fmap status
