[09:54:11.511 +  0.051s] ===================================================
[09:54:11.512 +  0.051s]   dbg_step_14 — ACP result S2MM readout isolation
[09:54:11.512 +  0.051s] ===================================================
[09:54:11.512 +  0.051s] [BANNER] argv: ['debug/dbg_step_14_acp_result_readout_isolation.py', '--poll-s', '1.5']
[09:54:11.512 +  0.052s] [BANNER] cwd:  /home/ubuntu/v002-kv260-deploy-debug-v24
[09:54:11.513 +  0.052s] [BANNER] uid:  0
[09:54:11.513 +  0.052s] [BANNER] python: 3.10.12 (/usr/bin/python3)
[09:54:11.573 +  0.112s] [BIT] bitstream md5 = a3e31f8529d3398a0a94ca5911e8a8e0 (UNEXPECTED — log it!)
[09:54:11.573 +  0.113s] ======================================
[09:54:11.574 +  0.113s]   case one_l2_word: shape_x=8 btt=16
[09:54:11.574 +  0.113s] ======================================
[09:54:11.574 +  0.113s] =============================
[09:54:11.574 +  0.113s]   xmutil reload pccx_npu_bd
[09:54:11.574 +  0.113s] =============================
[09:54:11.636 +  0.175s] [BIT] bitstream md5 = a3e31f8529d3398a0a94ca5911e8a8e0 (UNEXPECTED — log it!)
[09:54:11.636 +  0.175s] [XMUTIL] running: xmutil unloadapp
[09:54:12.087 +  0.626s] [xmutil/unloadapp] remove from slot 0 returns: 0 (Ok)
[09:54:12.087 +  0.626s] [XMUTIL] running: xmutil loadapp pccx_npu_bd
[09:54:12.645 +  1.184s] [xmutil/loadapp] pccx_npu_bd: loaded to slot 0
[09:54:14.147 +  2.687s] [XMUTIL] /sys/class/uio/uio4/name = 'pccx-npu'
[09:54:14.202 +  2.741s] [BIT] bitstream md5 = a3e31f8529d3398a0a94ca5911e8a8e0 (UNEXPECTED — log it!)
[09:54:14.207 +  2.747s] [UIO] opening NPU UIO at /dev/uio4
[09:54:14.208 +  2.747s] [UIO] mmap OK: path=/dev/uio4 size=0x10000 fd=3
[09:54:14.208 +  2.747s] [DUMP] --- cmdsts snapshot: one_l2_word-initial ---
[09:54:14.208 +  2.747s] [DUMP]        hp0 @0xA000_1000: flags=0x00000005 [cmd_empty=1 cmd_full=0 sts_empty=1 sts_full=0 err_sticky=0x0] cmd_lvl=0 sts_lvl=0
[09:54:14.208 +  2.747s] [DUMP]        hp1 @0xA000_2000: flags=0x00000005 [cmd_empty=1 cmd_full=0 sts_empty=1 sts_full=0 err_sticky=0x0] cmd_lvl=0 sts_lvl=0
[09:54:14.208 +  2.748s] [DUMP]        hp2 @0xA000_3000: flags=0x00000005 [cmd_empty=1 cmd_full=0 sts_empty=1 sts_full=0 err_sticky=0x0] cmd_lvl=0 sts_lvl=0
[09:54:14.208 +  2.748s] [DUMP]        hp3 @0xA000_4000: flags=0x00000005 [cmd_empty=1 cmd_full=0 sts_empty=1 sts_full=0 err_sticky=0x0] cmd_lvl=0 sts_lvl=0
[09:54:14.209 +  2.748s] [DUMP]   acp_fmap @0xA000_5000: flags=0x00000005 [cmd_empty=1 cmd_full=0 sts_empty=1 sts_full=0 err_sticky=0x0] cmd_lvl=0 sts_lvl=0
[09:54:14.209 +  2.748s] [DUMP] acp_result @0xA000_6000: flags=0x00000005 [cmd_empty=1 cmd_full=0 sts_empty=1 sts_full=0 err_sticky=0x0] cmd_lvl=0 sts_lvl=0
[09:54:14.209 +  2.749s] [CMA] CMA OK: va=0xffffb8ff4000 phys=0x0375b0000 size=0x1000 fd=6
[09:54:14.209 +  2.749s] [CMA] result buffer phys=0x0375b0000 before=cccccccccccccccccccccccccccccccccccccccccccccccccccccccccccccccc
[09:54:14.209 +  2.749s] [NPU] MEMSET fmap_shape[0] = (8, 1, 1)
[09:54:14.260 +  2.799s] [NPU] status after MEMSET: 0x0000000000008002 busy=0 done=1 top=0x2000 mem=0x0000
[09:54:14.260 +  2.799s] [NPU] MEMCPY L2 -> HOST only; no preceding acp_fmap write
[09:54:14.260 +  2.799s] [NPU] word=0x2400000100000000
[09:54:14.260 +  2.799s] [PUSH] push cmd → acp_result: addr=0x375b0000 btt=16 drr=0 eof=1 tag=4 xuser=0xf xcache=0xf
[09:54:14.260 +  2.799s] [PUSH]   CMD_LO=0x40800010 CMD_HI=0x375b0000 CMD_EXT=0xff04
[09:54:14.260 +  2.800s] [POLL] NPU 0x0000000003004001 busy=1 done=0 top=0x1000 mem=0x0300
[09:54:14.260 +  2.800s] [POLL] acp_result @0xA000_6000: flags=0x00000001 [cmd_empty=1 cmd_full=0 sts_empty=0 sts_full=0 err_sticky=0x0] cmd_lvl=0 sts_lvl=1
[09:54:14.261 +  2.800s] [POLL] acp_result status FIFO non-empty
[09:54:14.261 +  2.800s] [POP] STS_POP[0] = 0x00000014 tag=0x4 OKAY=0 err=INTERR bytes=0 eof=0
[09:54:14.261 +  2.800s] [CMA] result buffer after=cccccccccccccccccccccccccccccccccccccccccccccccccccccccccccccccc
[09:54:14.261 +  2.800s] [DUMP] --- cmdsts snapshot: one_l2_word-final ---
[09:54:14.261 +  2.800s] [DUMP]        hp0 @0xA000_1000: flags=0x00000005 [cmd_empty=1 cmd_full=0 sts_empty=1 sts_full=0 err_sticky=0x0] cmd_lvl=0 sts_lvl=0
[09:54:14.261 +  2.800s] [DUMP]        hp1 @0xA000_2000: flags=0x00000005 [cmd_empty=1 cmd_full=0 sts_empty=1 sts_full=0 err_sticky=0x0] cmd_lvl=0 sts_lvl=0
[09:54:14.261 +  2.800s] [DUMP]        hp2 @0xA000_3000: flags=0x00000005 [cmd_empty=1 cmd_full=0 sts_empty=1 sts_full=0 err_sticky=0x0] cmd_lvl=0 sts_lvl=0
[09:54:14.261 +  2.801s] [DUMP]        hp3 @0xA000_4000: flags=0x00000005 [cmd_empty=1 cmd_full=0 sts_empty=1 sts_full=0 err_sticky=0x0] cmd_lvl=0 sts_lvl=0
[09:54:14.261 +  2.801s] [DUMP]   acp_fmap @0xA000_5000: flags=0x00000005 [cmd_empty=1 cmd_full=0 sts_empty=1 sts_full=0 err_sticky=0x0] cmd_lvl=0 sts_lvl=0
[09:54:14.262 +  2.801s] [DUMP] acp_result @0xA000_6000: flags=0x00000005 [cmd_empty=1 cmd_full=0 sts_empty=1 sts_full=0 err_sticky=0x0] cmd_lvl=0 sts_lvl=0
[09:54:14.262 +  2.801s] [RESULT] RESULT case=one_l2_word status_okay=False payloads=0x00000014 tag=0x4 OKAY=0 err=INTERR bytes=0 eof=0 buffer_changed=False
[09:54:14.262 +  2.801s] ============================================
[09:54:14.262 +  2.801s]   case stage0_sized: shape_x=2048 btt=4096
[09:54:14.262 +  2.801s] ============================================
[09:54:14.262 +  2.801s] =============================
[09:54:14.262 +  2.801s]   xmutil reload pccx_npu_bd
[09:54:14.262 +  2.802s] =============================
[09:54:14.316 +  2.855s] [BIT] bitstream md5 = a3e31f8529d3398a0a94ca5911e8a8e0 (UNEXPECTED — log it!)
[09:54:14.316 +  2.855s] [XMUTIL] running: xmutil unloadapp
[09:54:14.686 +  3.225s] [xmutil/unloadapp] remove from slot 0 returns: 0 (Ok)
[09:54:14.686 +  3.225s] [XMUTIL] running: xmutil loadapp pccx_npu_bd
[09:54:15.208 +  3.747s] [xmutil/loadapp] pccx_npu_bd: loaded to slot 0
[09:54:16.710 +  5.249s] [XMUTIL] /sys/class/uio/uio4/name = 'pccx-npu'
[09:54:16.764 +  5.304s] [BIT] bitstream md5 = a3e31f8529d3398a0a94ca5911e8a8e0 (UNEXPECTED — log it!)
[09:54:16.766 +  5.305s] [UIO] opening NPU UIO at /dev/uio4
[09:54:16.766 +  5.305s] [UIO] mmap OK: path=/dev/uio4 size=0x10000 fd=3
[09:54:16.766 +  5.305s] [DUMP] --- cmdsts snapshot: stage0_sized-initial ---
[09:54:16.766 +  5.306s] [DUMP]        hp0 @0xA000_1000: flags=0x00000005 [cmd_empty=1 cmd_full=0 sts_empty=1 sts_full=0 err_sticky=0x0] cmd_lvl=0 sts_lvl=0
[09:54:16.766 +  5.306s] [DUMP]        hp1 @0xA000_2000: flags=0x00000005 [cmd_empty=1 cmd_full=0 sts_empty=1 sts_full=0 err_sticky=0x0] cmd_lvl=0 sts_lvl=0
[09:54:16.767 +  5.306s] [DUMP]        hp2 @0xA000_3000: flags=0x00000005 [cmd_empty=1 cmd_full=0 sts_empty=1 sts_full=0 err_sticky=0x0] cmd_lvl=0 sts_lvl=0
[09:54:16.767 +  5.306s] [DUMP]        hp3 @0xA000_4000: flags=0x00000005 [cmd_empty=1 cmd_full=0 sts_empty=1 sts_full=0 err_sticky=0x0] cmd_lvl=0 sts_lvl=0
[09:54:16.767 +  5.306s] [DUMP]   acp_fmap @0xA000_5000: flags=0x00000005 [cmd_empty=1 cmd_full=0 sts_empty=1 sts_full=0 err_sticky=0x0] cmd_lvl=0 sts_lvl=0
[09:54:16.767 +  5.306s] [DUMP] acp_result @0xA000_6000: flags=0x00000005 [cmd_empty=1 cmd_full=0 sts_empty=1 sts_full=0 err_sticky=0x0] cmd_lvl=0 sts_lvl=0
[09:54:16.768 +  5.307s] [CMA] CMA OK: va=0xffffb8ff4000 phys=0x0375b0000 size=0x1000 fd=6
[09:54:16.768 +  5.307s] [CMA] result buffer phys=0x0375b0000 before=cccccccccccccccccccccccccccccccccccccccccccccccccccccccccccccccc
[09:54:16.768 +  5.307s] [NPU] MEMSET fmap_shape[0] = (2048, 1, 1)
[09:54:16.818 +  5.357s] [NPU] status after MEMSET: 0x0000000000008002 busy=0 done=1 top=0x2000 mem=0x0000
[09:54:16.818 +  5.357s] [NPU] MEMCPY L2 -> HOST only; no preceding acp_fmap write
[09:54:16.818 +  5.357s] [NPU] word=0x2400000100000000
[09:54:16.818 +  5.358s] [PUSH] push cmd → acp_result: addr=0x375b0000 btt=4096 drr=0 eof=1 tag=5 xuser=0xf xcache=0xf
[09:54:16.818 +  5.358s] [PUSH]   CMD_LO=0x40801000 CMD_HI=0x375b0000 CMD_EXT=0xff05
[09:54:16.819 +  5.358s] [POLL] NPU 0x0000000013004001 busy=1 done=0 top=0x1000 mem=0x1300
[09:54:16.819 +  5.358s] [POLL] acp_result @0xA000_6000: flags=0x00000001 [cmd_empty=1 cmd_full=0 sts_empty=0 sts_full=0 err_sticky=0x0] cmd_lvl=0 sts_lvl=1
[09:54:16.819 +  5.358s] [POLL] acp_result status FIFO non-empty
[09:54:16.819 +  5.358s] [POP] STS_POP[0] = 0x00000055 tag=0x5 OKAY=0 err=SLVERR INTERR bytes=0 eof=0
[09:54:16.819 +  5.358s] [CMA] result buffer after=cccccccccccccccccccccccccccccccccccccccccccccccccccccccccccccccc
[09:54:16.819 +  5.358s] [DUMP] --- cmdsts snapshot: stage0_sized-final ---
[09:54:16.819 +  5.358s] [DUMP]        hp0 @0xA000_1000: flags=0x00000005 [cmd_empty=1 cmd_full=0 sts_empty=1 sts_full=0 err_sticky=0x0] cmd_lvl=0 sts_lvl=0
[09:54:16.819 +  5.359s] [DUMP]        hp1 @0xA000_2000: flags=0x00000005 [cmd_empty=1 cmd_full=0 sts_empty=1 sts_full=0 err_sticky=0x0] cmd_lvl=0 sts_lvl=0
[09:54:16.820 +  5.359s] [DUMP]        hp2 @0xA000_3000: flags=0x00000005 [cmd_empty=1 cmd_full=0 sts_empty=1 sts_full=0 err_sticky=0x0] cmd_lvl=0 sts_lvl=0
[09:54:16.820 +  5.359s] [DUMP]        hp3 @0xA000_4000: flags=0x00000005 [cmd_empty=1 cmd_full=0 sts_empty=1 sts_full=0 err_sticky=0x0] cmd_lvl=0 sts_lvl=0
[09:54:16.820 +  5.359s] [DUMP]   acp_fmap @0xA000_5000: flags=0x00000005 [cmd_empty=1 cmd_full=0 sts_empty=1 sts_full=0 err_sticky=0x0] cmd_lvl=0 sts_lvl=0
[09:54:16.820 +  5.359s] [DUMP] acp_result @0xA000_6000: flags=0x00000005 [cmd_empty=1 cmd_full=0 sts_empty=1 sts_full=0 err_sticky=0x0] cmd_lvl=0 sts_lvl=0
[09:54:16.820 +  5.359s] [RESULT] RESULT case=stage0_sized status_okay=False payloads=0x00000055 tag=0x5 OKAY=0 err=SLVERR INTERR bytes=0 eof=0 buffer_changed=False
