INFO: generated_verilog=hw/build/system_bd/pccx_v002_kv260_top.gen/sources_1/bd/pccx_v002_system/synth/pccx_v002_system.v
PASS: weight_dm_hp0_M_AXI_MM2S_ARADDR width [31:0]
PASS: weight_dm_hp1_M_AXI_MM2S_ARADDR width [31:0]
PASS: weight_dm_hp2_M_AXI_MM2S_ARADDR width [31:0]
PASS: weight_dm_hp3_M_AXI_MM2S_ARADDR width [31:0]
PASS: fmap_dm_acp_M_AXI_MM2S_ARADDR width [31:0]
PASS: result_dm_acp_M_AXI_S2MM_AWADDR width [31:0]
PASS: sc_hp0_stage0_M00_AXI_ARADDR width [48:0]
PASS: sc_hp0_stage0_M00_AXI_AWADDR width [48:0]
PASS: zynq_ps_M_AXI_HPM0_FPD_ARADDR width [39:0]
PASS: sc_hp0_stage0.S00_AXI_araddr exists
PASS: sc_hp0_stage0.S00_AXI_araddr wiring - actual=weight_dm_hp0_M_AXI_MM2S_ARADDR expected=weight_dm_hp0_M_AXI_MM2S_ARADDR
PASS: sc_hp0_stage0.S01_AXI_araddr exists
PASS: sc_hp0_stage0.S01_AXI_araddr wiring - actual=fmap_dm_acp_M_AXI_MM2S_ARADDR expected=fmap_dm_acp_M_AXI_MM2S_ARADDR
PASS: sc_hp0_stage0.S02_AXI_awaddr exists
PASS: sc_hp0_stage0.S02_AXI_awaddr wiring - actual=result_dm_acp_M_AXI_S2MM_AWADDR expected=result_dm_acp_M_AXI_S2MM_AWADDR
PASS: sc_hp0_stage0.M00_AXI_araddr exists
PASS: sc_hp0_stage0.M00_AXI_araddr wiring - actual=sc_hp0_stage0_M00_AXI_ARADDR expected=sc_hp0_stage0_M00_AXI_ARADDR
PASS: sc_hp0_stage0.M00_AXI_awaddr exists
PASS: sc_hp0_stage0.M00_AXI_awaddr wiring - actual=sc_hp0_stage0_M00_AXI_AWADDR expected=sc_hp0_stage0_M00_AXI_AWADDR
PASS: zynq_ps.saxigp2_araddr exists
PASS: zynq_ps.saxigp2_araddr wiring - actual=sc_hp0_stage0_M00_AXI_ARADDR expected=sc_hp0_stage0_M00_AXI_ARADDR
PASS: zynq_ps.saxigp2_awaddr exists
PASS: zynq_ps.saxigp2_awaddr wiring - actual=sc_hp0_stage0_M00_AXI_AWADDR expected=sc_hp0_stage0_M00_AXI_AWADDR
PASS: zynq_ps.saxigp3_araddr exists
PASS: zynq_ps.saxigp3_araddr zero-extends weight_dm_hp1_M_AXI_MM2S_ARADDR - zeros=17 parts=18
PASS: zynq_ps.saxigp4_araddr exists
PASS: zynq_ps.saxigp4_araddr zero-extends weight_dm_hp2_M_AXI_MM2S_ARADDR - zeros=17 parts=18
PASS: zynq_ps.saxigp5_araddr exists
PASS: zynq_ps.saxigp5_araddr zero-extends weight_dm_hp3_M_AXI_MM2S_ARADDR - zeros=17 parts=18
PASS: weight_dm_hp0.m_axi_mm2s_araddr exists
PASS: weight_dm_hp0.m_axi_mm2s_araddr wiring - actual=weight_dm_hp0_M_AXI_MM2S_ARADDR expected=weight_dm_hp0_M_AXI_MM2S_ARADDR
PASS: weight_dm_hp1.m_axi_mm2s_araddr exists
PASS: weight_dm_hp1.m_axi_mm2s_araddr wiring - actual=weight_dm_hp1_M_AXI_MM2S_ARADDR expected=weight_dm_hp1_M_AXI_MM2S_ARADDR
PASS: weight_dm_hp2.m_axi_mm2s_araddr exists
PASS: weight_dm_hp2.m_axi_mm2s_araddr wiring - actual=weight_dm_hp2_M_AXI_MM2S_ARADDR expected=weight_dm_hp2_M_AXI_MM2S_ARADDR
PASS: weight_dm_hp3.m_axi_mm2s_araddr exists
PASS: weight_dm_hp3.m_axi_mm2s_araddr wiring - actual=weight_dm_hp3_M_AXI_MM2S_ARADDR expected=weight_dm_hp3_M_AXI_MM2S_ARADDR
PASS: fmap_dm_acp.m_axi_mm2s_araddr exists
PASS: fmap_dm_acp.m_axi_mm2s_araddr wiring - actual=fmap_dm_acp_M_AXI_MM2S_ARADDR expected=fmap_dm_acp_M_AXI_MM2S_ARADDR
PASS: result_dm_acp.m_axi_s2mm_awaddr exists
PASS: result_dm_acp.m_axi_s2mm_awaddr wiring - actual=result_dm_acp_M_AXI_S2MM_AWADDR expected=result_dm_acp_M_AXI_S2MM_AWADDR
PASS: BD AXI address contract complete
INFO: generated_verilog=hw/build/system_bd/pccx_v002_kv260_top.gen/sources_1/bd/pccx_v002_system/synth/pccx_v002_system.v
PASS: weight_dm_hp0_M_AXI_MM2S_ARBURST width [1:0]
PASS: weight_dm_hp0_M_AXI_MM2S_ARLEN width [7:0]
PASS: weight_dm_hp0_M_AXI_MM2S_ARSIZE width [2:0]
PASS: weight_dm_hp0.m_axi_mm2s_arburst exists
PASS: weight_dm_hp0.m_axi_mm2s_arburst wiring - actual=weight_dm_hp0_M_AXI_MM2S_ARBURST expected=weight_dm_hp0_M_AXI_MM2S_ARBURST
PASS: weight_dm_hp0.m_axi_mm2s_arlen exists
PASS: weight_dm_hp0.m_axi_mm2s_arlen wiring - actual=weight_dm_hp0_M_AXI_MM2S_ARLEN expected=weight_dm_hp0_M_AXI_MM2S_ARLEN
PASS: weight_dm_hp0.m_axi_mm2s_arsize exists
PASS: weight_dm_hp0.m_axi_mm2s_arsize wiring - actual=weight_dm_hp0_M_AXI_MM2S_ARSIZE expected=weight_dm_hp0_M_AXI_MM2S_ARSIZE
PASS: weight_dm_hp1_M_AXI_MM2S_ARBURST width [1:0]
PASS: weight_dm_hp1_M_AXI_MM2S_ARLEN width [7:0]
PASS: weight_dm_hp1_M_AXI_MM2S_ARSIZE width [2:0]
PASS: weight_dm_hp1.m_axi_mm2s_arburst exists
PASS: weight_dm_hp1.m_axi_mm2s_arburst wiring - actual=weight_dm_hp1_M_AXI_MM2S_ARBURST expected=weight_dm_hp1_M_AXI_MM2S_ARBURST
PASS: weight_dm_hp1.m_axi_mm2s_arlen exists
PASS: weight_dm_hp1.m_axi_mm2s_arlen wiring - actual=weight_dm_hp1_M_AXI_MM2S_ARLEN expected=weight_dm_hp1_M_AXI_MM2S_ARLEN
PASS: weight_dm_hp1.m_axi_mm2s_arsize exists
PASS: weight_dm_hp1.m_axi_mm2s_arsize wiring - actual=weight_dm_hp1_M_AXI_MM2S_ARSIZE expected=weight_dm_hp1_M_AXI_MM2S_ARSIZE
PASS: weight_dm_hp2_M_AXI_MM2S_ARBURST width [1:0]
PASS: weight_dm_hp2_M_AXI_MM2S_ARLEN width [7:0]
PASS: weight_dm_hp2_M_AXI_MM2S_ARSIZE width [2:0]
PASS: weight_dm_hp2.m_axi_mm2s_arburst exists
PASS: weight_dm_hp2.m_axi_mm2s_arburst wiring - actual=weight_dm_hp2_M_AXI_MM2S_ARBURST expected=weight_dm_hp2_M_AXI_MM2S_ARBURST
PASS: weight_dm_hp2.m_axi_mm2s_arlen exists
PASS: weight_dm_hp2.m_axi_mm2s_arlen wiring - actual=weight_dm_hp2_M_AXI_MM2S_ARLEN expected=weight_dm_hp2_M_AXI_MM2S_ARLEN
PASS: weight_dm_hp2.m_axi_mm2s_arsize exists
PASS: weight_dm_hp2.m_axi_mm2s_arsize wiring - actual=weight_dm_hp2_M_AXI_MM2S_ARSIZE expected=weight_dm_hp2_M_AXI_MM2S_ARSIZE
PASS: weight_dm_hp3_M_AXI_MM2S_ARBURST width [1:0]
PASS: weight_dm_hp3_M_AXI_MM2S_ARLEN width [7:0]
PASS: weight_dm_hp3_M_AXI_MM2S_ARSIZE width [2:0]
PASS: weight_dm_hp3.m_axi_mm2s_arburst exists
PASS: weight_dm_hp3.m_axi_mm2s_arburst wiring - actual=weight_dm_hp3_M_AXI_MM2S_ARBURST expected=weight_dm_hp3_M_AXI_MM2S_ARBURST
PASS: weight_dm_hp3.m_axi_mm2s_arlen exists
PASS: weight_dm_hp3.m_axi_mm2s_arlen wiring - actual=weight_dm_hp3_M_AXI_MM2S_ARLEN expected=weight_dm_hp3_M_AXI_MM2S_ARLEN
PASS: weight_dm_hp3.m_axi_mm2s_arsize exists
PASS: weight_dm_hp3.m_axi_mm2s_arsize wiring - actual=weight_dm_hp3_M_AXI_MM2S_ARSIZE expected=weight_dm_hp3_M_AXI_MM2S_ARSIZE
PASS: fmap_dm_acp_M_AXI_MM2S_ARBURST width [1:0]
PASS: fmap_dm_acp_M_AXI_MM2S_ARLEN width [7:0]
PASS: fmap_dm_acp_M_AXI_MM2S_ARSIZE width [2:0]
PASS: fmap_dm_acp.m_axi_mm2s_arburst exists
PASS: fmap_dm_acp.m_axi_mm2s_arburst wiring - actual=fmap_dm_acp_M_AXI_MM2S_ARBURST expected=fmap_dm_acp_M_AXI_MM2S_ARBURST
PASS: fmap_dm_acp.m_axi_mm2s_arlen exists
PASS: fmap_dm_acp.m_axi_mm2s_arlen wiring - actual=fmap_dm_acp_M_AXI_MM2S_ARLEN expected=fmap_dm_acp_M_AXI_MM2S_ARLEN
PASS: fmap_dm_acp.m_axi_mm2s_arsize exists
PASS: fmap_dm_acp.m_axi_mm2s_arsize wiring - actual=fmap_dm_acp_M_AXI_MM2S_ARSIZE expected=fmap_dm_acp_M_AXI_MM2S_ARSIZE
PASS: sc_hp0_stage0_M00_AXI_ARBURST width [1:0]
PASS: sc_hp0_stage0_M00_AXI_ARLEN width [7:0]
PASS: sc_hp0_stage0_M00_AXI_ARSIZE width [2:0]
PASS: sc_hp0_stage0_M00_AXI_AWBURST width [1:0]
PASS: sc_hp0_stage0_M00_AXI_AWLEN width [7:0]
PASS: sc_hp0_stage0_M00_AXI_AWSIZE width [2:0]
PASS: result_dm_acp_M_AXI_S2MM_AWBURST width [1:0]
PASS: result_dm_acp_M_AXI_S2MM_AWLEN width [7:0]
PASS: result_dm_acp_M_AXI_S2MM_AWSIZE width [2:0]
PASS: sc_hp0_stage0.S00_AXI_arburst exists
PASS: sc_hp0_stage0.S00_AXI_arburst wiring - actual=weight_dm_hp0_M_AXI_MM2S_ARBURST expected=weight_dm_hp0_M_AXI_MM2S_ARBURST
PASS: sc_hp0_stage0.S00_AXI_arlen exists
PASS: sc_hp0_stage0.S00_AXI_arlen wiring - actual=weight_dm_hp0_M_AXI_MM2S_ARLEN expected=weight_dm_hp0_M_AXI_MM2S_ARLEN
PASS: sc_hp0_stage0.S00_AXI_arsize exists
PASS: sc_hp0_stage0.S00_AXI_arsize wiring - actual=weight_dm_hp0_M_AXI_MM2S_ARSIZE expected=weight_dm_hp0_M_AXI_MM2S_ARSIZE
PASS: sc_hp0_stage0.S01_AXI_arburst exists
PASS: sc_hp0_stage0.S01_AXI_arburst wiring - actual=fmap_dm_acp_M_AXI_MM2S_ARBURST expected=fmap_dm_acp_M_AXI_MM2S_ARBURST
PASS: sc_hp0_stage0.S01_AXI_arlen exists
PASS: sc_hp0_stage0.S01_AXI_arlen wiring - actual=fmap_dm_acp_M_AXI_MM2S_ARLEN expected=fmap_dm_acp_M_AXI_MM2S_ARLEN
PASS: sc_hp0_stage0.S01_AXI_arsize exists
PASS: sc_hp0_stage0.S01_AXI_arsize wiring - actual=fmap_dm_acp_M_AXI_MM2S_ARSIZE expected=fmap_dm_acp_M_AXI_MM2S_ARSIZE
PASS: sc_hp0_stage0.S02_AXI_awburst exists
PASS: sc_hp0_stage0.S02_AXI_awburst wiring - actual=result_dm_acp_M_AXI_S2MM_AWBURST expected=result_dm_acp_M_AXI_S2MM_AWBURST
PASS: sc_hp0_stage0.S02_AXI_awlen exists
PASS: sc_hp0_stage0.S02_AXI_awlen wiring - actual=result_dm_acp_M_AXI_S2MM_AWLEN expected=result_dm_acp_M_AXI_S2MM_AWLEN
PASS: sc_hp0_stage0.S02_AXI_awsize exists
PASS: sc_hp0_stage0.S02_AXI_awsize wiring - actual=result_dm_acp_M_AXI_S2MM_AWSIZE expected=result_dm_acp_M_AXI_S2MM_AWSIZE
PASS: sc_hp0_stage0.M00_AXI_arburst exists
PASS: sc_hp0_stage0.M00_AXI_arburst wiring - actual=sc_hp0_stage0_M00_AXI_ARBURST expected=sc_hp0_stage0_M00_AXI_ARBURST
PASS: sc_hp0_stage0.M00_AXI_arlen exists
PASS: sc_hp0_stage0.M00_AXI_arlen wiring - actual=sc_hp0_stage0_M00_AXI_ARLEN expected=sc_hp0_stage0_M00_AXI_ARLEN
PASS: sc_hp0_stage0.M00_AXI_arsize exists
PASS: sc_hp0_stage0.M00_AXI_arsize wiring - actual=sc_hp0_stage0_M00_AXI_ARSIZE expected=sc_hp0_stage0_M00_AXI_ARSIZE
PASS: sc_hp0_stage0.M00_AXI_awburst exists
PASS: sc_hp0_stage0.M00_AXI_awburst wiring - actual=sc_hp0_stage0_M00_AXI_AWBURST expected=sc_hp0_stage0_M00_AXI_AWBURST
PASS: sc_hp0_stage0.M00_AXI_awlen exists
PASS: sc_hp0_stage0.M00_AXI_awlen wiring - actual=sc_hp0_stage0_M00_AXI_AWLEN expected=sc_hp0_stage0_M00_AXI_AWLEN
PASS: sc_hp0_stage0.M00_AXI_awsize exists
PASS: sc_hp0_stage0.M00_AXI_awsize wiring - actual=sc_hp0_stage0_M00_AXI_AWSIZE expected=sc_hp0_stage0_M00_AXI_AWSIZE
PASS: zynq_ps.saxigp2_arburst exists
PASS: zynq_ps.saxigp2_arburst wiring - actual=sc_hp0_stage0_M00_AXI_ARBURST expected=sc_hp0_stage0_M00_AXI_ARBURST
PASS: zynq_ps.saxigp2_arlen exists
PASS: zynq_ps.saxigp2_arlen wiring - actual=sc_hp0_stage0_M00_AXI_ARLEN expected=sc_hp0_stage0_M00_AXI_ARLEN
PASS: zynq_ps.saxigp2_arsize exists
PASS: zynq_ps.saxigp2_arsize wiring - actual=sc_hp0_stage0_M00_AXI_ARSIZE expected=sc_hp0_stage0_M00_AXI_ARSIZE
PASS: zynq_ps.saxigp2_awburst exists
PASS: zynq_ps.saxigp2_awburst wiring - actual=sc_hp0_stage0_M00_AXI_AWBURST expected=sc_hp0_stage0_M00_AXI_AWBURST
PASS: zynq_ps.saxigp2_awlen exists
PASS: zynq_ps.saxigp2_awlen wiring - actual=sc_hp0_stage0_M00_AXI_AWLEN expected=sc_hp0_stage0_M00_AXI_AWLEN
PASS: zynq_ps.saxigp2_awsize exists
PASS: zynq_ps.saxigp2_awsize wiring - actual=sc_hp0_stage0_M00_AXI_AWSIZE expected=sc_hp0_stage0_M00_AXI_AWSIZE
PASS: zynq_ps.saxigp3_arburst exists
PASS: zynq_ps.saxigp3_arburst wiring - actual=weight_dm_hp1_M_AXI_MM2S_ARBURST expected=weight_dm_hp1_M_AXI_MM2S_ARBURST
PASS: zynq_ps.saxigp3_arlen exists
PASS: zynq_ps.saxigp3_arlen wiring - actual=weight_dm_hp1_M_AXI_MM2S_ARLEN expected=weight_dm_hp1_M_AXI_MM2S_ARLEN
PASS: zynq_ps.saxigp3_arsize exists
PASS: zynq_ps.saxigp3_arsize wiring - actual=weight_dm_hp1_M_AXI_MM2S_ARSIZE expected=weight_dm_hp1_M_AXI_MM2S_ARSIZE
PASS: zynq_ps.saxigp4_arburst exists
PASS: zynq_ps.saxigp4_arburst wiring - actual=weight_dm_hp2_M_AXI_MM2S_ARBURST expected=weight_dm_hp2_M_AXI_MM2S_ARBURST
PASS: zynq_ps.saxigp4_arlen exists
PASS: zynq_ps.saxigp4_arlen wiring - actual=weight_dm_hp2_M_AXI_MM2S_ARLEN expected=weight_dm_hp2_M_AXI_MM2S_ARLEN
PASS: zynq_ps.saxigp4_arsize exists
PASS: zynq_ps.saxigp4_arsize wiring - actual=weight_dm_hp2_M_AXI_MM2S_ARSIZE expected=weight_dm_hp2_M_AXI_MM2S_ARSIZE
PASS: zynq_ps.saxigp5_arburst exists
PASS: zynq_ps.saxigp5_arburst wiring - actual=weight_dm_hp3_M_AXI_MM2S_ARBURST expected=weight_dm_hp3_M_AXI_MM2S_ARBURST
PASS: zynq_ps.saxigp5_arlen exists
PASS: zynq_ps.saxigp5_arlen wiring - actual=weight_dm_hp3_M_AXI_MM2S_ARLEN expected=weight_dm_hp3_M_AXI_MM2S_ARLEN
PASS: zynq_ps.saxigp5_arsize exists
PASS: zynq_ps.saxigp5_arsize wiring - actual=weight_dm_hp3_M_AXI_MM2S_ARSIZE expected=weight_dm_hp3_M_AXI_MM2S_ARSIZE
PASS: weight_dm_hp0 XCI c_addr_width=32
PASS: weight_dm_hp0 XCI c_m_axi_mm2s_data_width=128
PASS: weight_dm_hp0 XCI c_m_axis_mm2s_tdata_width=128
PASS: weight_dm_hp0 XCI c_include_mm2s_dre=false
PASS: weight_dm_hp0 XCI c_mm2s_burst_size=16
PASS: weight_dm_hp0 XCI c_mm2s_btt_used=23
PASS: weight_dm_hp0 XCI c_enable_cache_user=true
PASS: weight_dm_hp1 XCI c_addr_width=32
PASS: weight_dm_hp1 XCI c_m_axi_mm2s_data_width=128
PASS: weight_dm_hp1 XCI c_m_axis_mm2s_tdata_width=128
PASS: weight_dm_hp1 XCI c_include_mm2s_dre=false
PASS: weight_dm_hp1 XCI c_mm2s_burst_size=16
PASS: weight_dm_hp1 XCI c_mm2s_btt_used=23
PASS: weight_dm_hp1 XCI c_enable_cache_user=true
PASS: weight_dm_hp2 XCI c_addr_width=32
PASS: weight_dm_hp2 XCI c_m_axi_mm2s_data_width=128
PASS: weight_dm_hp2 XCI c_m_axis_mm2s_tdata_width=128
PASS: weight_dm_hp2 XCI c_include_mm2s_dre=false
PASS: weight_dm_hp2 XCI c_mm2s_burst_size=16
PASS: weight_dm_hp2 XCI c_mm2s_btt_used=23
PASS: weight_dm_hp2 XCI c_enable_cache_user=true
PASS: weight_dm_hp3 XCI c_addr_width=32
PASS: weight_dm_hp3 XCI c_m_axi_mm2s_data_width=128
PASS: weight_dm_hp3 XCI c_m_axis_mm2s_tdata_width=128
PASS: weight_dm_hp3 XCI c_include_mm2s_dre=false
PASS: weight_dm_hp3 XCI c_mm2s_burst_size=16
PASS: weight_dm_hp3 XCI c_mm2s_btt_used=23
PASS: weight_dm_hp3 XCI c_enable_cache_user=true
PASS: fmap_dm_acp XCI c_addr_width=32
PASS: fmap_dm_acp XCI c_m_axi_mm2s_data_width=128
PASS: fmap_dm_acp XCI c_m_axis_mm2s_tdata_width=128
PASS: fmap_dm_acp XCI c_include_mm2s_dre=false
PASS: fmap_dm_acp XCI c_mm2s_burst_size=16
PASS: fmap_dm_acp XCI c_mm2s_btt_used=23
PASS: fmap_dm_acp XCI c_enable_cache_user=true
PASS: result_dm_acp XCI c_addr_width=32
PASS: result_dm_acp XCI c_m_axi_s2mm_data_width=128
PASS: result_dm_acp XCI c_s_axis_s2mm_tdata_width=128
PASS: result_dm_acp XCI c_include_s2mm_dre=false
PASS: result_dm_acp XCI c_s2mm_burst_size=16
PASS: result_dm_acp XCI c_s2mm_btt_used=23
PASS: result_dm_acp XCI c_s2mm_support_indet_btt=false
PASS: result_dm_acp XCI c_enable_cache_user=true
PASS: BD AXI transaction contract complete
