2026-06-02T09:47:07+00:00
pccx-vivado
PASS: BD interface weight_dm_hp0/M_AXIS_MM2S <-> u_npu/s_axis_hp0
PASS: BD interface weight_dm_hp1/M_AXIS_MM2S <-> u_npu/s_axis_hp1
PASS: BD interface weight_dm_hp2/M_AXIS_MM2S <-> u_npu/s_axis_hp2
PASS: BD interface weight_dm_hp3/M_AXIS_MM2S <-> u_npu/s_axis_hp3
PASS: BD interface fmap_dm_acp/M_AXIS_MM2S <-> u_npu/s_axis_acp_fmap
PASS: BD interface cmdsts_acp_fmap/m_axis_cmd <-> fmap_dm_acp/S_AXIS_MM2S_CMD
PASS: BD interface fmap_dm_acp/M_AXIS_MM2S_STS <-> cmdsts_acp_fmap/s_axis_sts
PASS: BD interface u_npu/m_axis_acp_result <-> result_dm_acp/S_AXIS_S2MM
PASS: BD interface fmap_dm_acp/M_AXI_MM2S <-> sc_acp/S00_AXI
PASS: BD interface result_dm_acp/M_AXI_S2MM <-> sc_acp/S01_AXI
PASS: BD interface sc_acp/M00_AXI <-> zynq_ps/S_AXI_ACP_FPD
PASS: BD has no stale cell/net sc_hp0_combined
PASS: BD has no stale cell/net sc_hp1_combined
PASS: BD has no stale cell/net system_ila_0
PASS: BD has no stale cell/net system_ila_1
PASS: generated fmap stream is 128-bit
PASS: generated fmap status wires exist
PASS: u_npu s_axis_acp_fmap_tdata uses fmap_dm_acp_M_AXIS_MM2S_TDATA
PASS: u_npu s_axis_acp_fmap_tvalid uses fmap_dm_acp_M_AXIS_MM2S_TVALID
PASS: u_npu s_axis_acp_fmap_tready uses fmap_dm_acp_M_AXIS_MM2S_TREADY
PASS: u_npu s_axis_acp_fmap_tlast uses fmap_dm_acp_M_AXIS_MM2S_TLAST
PASS: u_npu s_axis_acp_fmap_tkeep uses fmap_dm_acp_M_AXIS_MM2S_TKEEP
PASS: u_npu m_axis_acp_result_tdata uses u_npu_m_axis_acp_result_TDATA
PASS: u_npu m_axis_acp_result_tvalid uses u_npu_m_axis_acp_result_TVALID
PASS: u_npu m_axis_acp_result_tready uses u_npu_m_axis_acp_result_TREADY
PASS: u_npu m_axis_acp_result_tlast uses u_npu_m_axis_acp_result_TLAST
PASS: u_npu m_axis_acp_result_tkeep uses u_npu_m_axis_acp_result_TKEEP
PASS: u_npu s_axis_hp1_tdata uses weight_dm_hp1_M_AXIS_MM2S_TDATA
PASS: u_npu s_axis_hp1_tvalid uses weight_dm_hp1_M_AXIS_MM2S_TVALID
PASS: u_npu s_axis_hp1_tready uses weight_dm_hp1_M_AXIS_MM2S_TREADY
PASS: cmdsts_acp_fmap s_axis_sts_tdata uses fmap_dm_acp_M_AXIS_MM2S_STS_TDATA
PASS: cmdsts_acp_fmap s_axis_sts_tkeep uses fmap_dm_acp_M_AXIS_MM2S_STS_TKEEP
PASS: cmdsts_acp_fmap s_axis_sts_tlast uses fmap_dm_acp_M_AXIS_MM2S_STS_TLAST
PASS: cmdsts_acp_fmap s_axis_sts_tready uses fmap_dm_acp_M_AXIS_MM2S_STS_TREADY
PASS: cmdsts_acp_fmap s_axis_sts_tvalid uses fmap_dm_acp_M_AXIS_MM2S_STS_TVALID
PASS: fmap_dm_acp m_axis_mm2s_sts_tdata uses fmap_dm_acp_M_AXIS_MM2S_STS_TDATA
PASS: fmap_dm_acp m_axis_mm2s_sts_tkeep uses fmap_dm_acp_M_AXIS_MM2S_STS_TKEEP
PASS: fmap_dm_acp m_axis_mm2s_sts_tlast uses fmap_dm_acp_M_AXIS_MM2S_STS_TLAST
PASS: fmap_dm_acp m_axis_mm2s_sts_tready uses fmap_dm_acp_M_AXIS_MM2S_STS_TREADY
PASS: fmap_dm_acp m_axis_mm2s_sts_tvalid uses fmap_dm_acp_M_AXIS_MM2S_STS_TVALID
PASS: result_dm_acp s_axis_s2mm_tdata uses u_npu_m_axis_acp_result_TDATA
PASS: result_dm_acp s_axis_s2mm_tvalid uses u_npu_m_axis_acp_result_TVALID
PASS: result_dm_acp s_axis_s2mm_tready uses u_npu_m_axis_acp_result_TREADY
PASS: result_dm_acp s_axis_s2mm_tlast uses u_npu_m_axis_acp_result_TLAST
PASS: result_dm_acp s_axis_s2mm_tkeep uses u_npu_m_axis_acp_result_TKEEP
PASS: result_dm_acp s_axis_s2mm_tlast is not constant-tied - signal=u_npu_m_axis_acp_result_TLAST
PASS: result_dm_acp s_axis_s2mm_tkeep is not constant-tied - signal=u_npu_m_axis_acp_result_TKEEP
PASS: XCI c_m_axis_mm2s_tdata_width=128
PASS: XCI C_M_AXIS_MM2S_TDATA_WIDTH=128
PASS: VHDL C_M_AXIS_MM2S_TDATA_WIDTH => 128
PASS: VHDL m_axis_mm2s_tdata is 128-bit
PASS: v17 BD topology gate complete
INFO: generated_verilog=hw/build/system_bd/pccx_v002_kv260_top.gen/sources_1/bd/pccx_v002_system/synth/pccx_v002_system.v
PASS: fmap_dm_acp.m_axi_mm2s_arcache exists
PASS: fmap_dm_acp.m_axi_mm2s_arcache wiring - actual=fmap_dm_acp_M_AXI_MM2S_ARCACHE expected=fmap_dm_acp_M_AXI_MM2S_ARCACHE
PASS: fmap_dm_acp.m_axi_mm2s_aruser exists
PASS: fmap_dm_acp.m_axi_mm2s_aruser wiring - actual=fmap_dm_acp_M_AXI_MM2S_ARUSER expected=fmap_dm_acp_M_AXI_MM2S_ARUSER
PASS: fmap_dm_acp.m_axi_mm2s_arprot exists
PASS: fmap_dm_acp.m_axi_mm2s_arprot wiring - actual=fmap_dm_acp_M_AXI_MM2S_ARPROT expected=fmap_dm_acp_M_AXI_MM2S_ARPROT
PASS: result_dm_acp.m_axi_s2mm_awcache exists
PASS: result_dm_acp.m_axi_s2mm_awcache wiring - actual=result_dm_acp_M_AXI_S2MM_AWCACHE expected=result_dm_acp_M_AXI_S2MM_AWCACHE
PASS: result_dm_acp.m_axi_s2mm_awuser exists
PASS: result_dm_acp.m_axi_s2mm_awuser wiring - actual=result_dm_acp_M_AXI_S2MM_AWUSER expected=result_dm_acp_M_AXI_S2MM_AWUSER
PASS: result_dm_acp.m_axi_s2mm_awprot exists
PASS: result_dm_acp.m_axi_s2mm_awprot wiring - actual=result_dm_acp_M_AXI_S2MM_AWPROT expected=result_dm_acp_M_AXI_S2MM_AWPROT
PASS: sc_acp.S00_AXI_arcache exists
PASS: sc_acp.S00_AXI_arcache wiring - actual=fmap_dm_acp_M_AXI_MM2S_ARCACHE expected=fmap_dm_acp_M_AXI_MM2S_ARCACHE
PASS: sc_acp.S00_AXI_aruser exists
PASS: sc_acp.S00_AXI_aruser wiring - actual=fmap_dm_acp_M_AXI_MM2S_ARUSER expected=fmap_dm_acp_M_AXI_MM2S_ARUSER
PASS: sc_acp.S00_AXI_arprot exists
PASS: sc_acp.S00_AXI_arprot wiring - actual=fmap_dm_acp_M_AXI_MM2S_ARPROT expected=fmap_dm_acp_M_AXI_MM2S_ARPROT
PASS: sc_acp.S01_AXI_awcache exists
PASS: sc_acp.S01_AXI_awcache wiring - actual=result_dm_acp_M_AXI_S2MM_AWCACHE expected=result_dm_acp_M_AXI_S2MM_AWCACHE
PASS: sc_acp.S01_AXI_awuser exists
PASS: sc_acp.S01_AXI_awuser wiring - actual=result_dm_acp_M_AXI_S2MM_AWUSER expected=result_dm_acp_M_AXI_S2MM_AWUSER
PASS: sc_acp.S01_AXI_awprot exists
PASS: sc_acp.S01_AXI_awprot wiring - actual=result_dm_acp_M_AXI_S2MM_AWPROT expected=result_dm_acp_M_AXI_S2MM_AWPROT
PASS: sc_acp.M00_AXI_arcache exists
PASS: sc_acp.M00_AXI_arcache wiring - actual=sc_acp_M00_AXI_ARCACHE expected=sc_acp_M00_AXI_ARCACHE
PASS: sc_acp.M00_AXI_aruser exists
PASS: sc_acp.M00_AXI_aruser wiring - actual=sc_acp_M00_AXI_ARUSER expected=sc_acp_M00_AXI_ARUSER
WARN: sc_acp.M00_AXI_arprot not present after optimization
PASS: sc_acp.M00_AXI_awcache exists
PASS: sc_acp.M00_AXI_awcache wiring - actual=sc_acp_M00_AXI_AWCACHE expected=sc_acp_M00_AXI_AWCACHE
PASS: sc_acp.M00_AXI_awuser exists
PASS: sc_acp.M00_AXI_awuser wiring - actual=sc_acp_M00_AXI_AWUSER expected=sc_acp_M00_AXI_AWUSER
WARN: sc_acp.M00_AXI_awprot not present after optimization
PASS: zynq_ps.saxiacp_arcache exists
PASS: zynq_ps.saxiacp_arcache wiring - actual=sc_acp_M00_AXI_ARCACHE expected=sc_acp_M00_AXI_ARCACHE
PASS: zynq_ps.saxiacp_aruser exists
PASS: zynq_ps.saxiacp_aruser wiring - actual=sc_acp_M00_AXI_ARUSER[1:0] expected=('sc_acp_M00_AXI_ARUSER', 'sc_acp_M00_AXI_ARUSER[1:0]')
PASS: zynq_ps.saxigp2_arprot wiring - actual=const_ps_axprot_ns_dout expected=('const_ps_axprot_ns_dout', 'const_ps_axprot_ns_dout[2:0]')
PASS: zynq_ps.saxigp3_arprot wiring - actual=const_ps_axprot_ns_dout expected=('const_ps_axprot_ns_dout', 'const_ps_axprot_ns_dout[2:0]')
PASS: zynq_ps.saxigp4_arprot wiring - actual=const_ps_axprot_ns_dout expected=('const_ps_axprot_ns_dout', 'const_ps_axprot_ns_dout[2:0]')
PASS: zynq_ps.saxigp5_arprot wiring - actual=const_ps_axprot_ns_dout expected=('const_ps_axprot_ns_dout', 'const_ps_axprot_ns_dout[2:0]')
PASS: zynq_ps.saxiacp_arprot wiring - actual=const_ps_axprot_ns_dout expected=('const_ps_axprot_ns_dout', 'const_ps_axprot_ns_dout[2:0]')
PASS: zynq_ps.saxiacp_awcache exists
PASS: zynq_ps.saxiacp_awcache wiring - actual=sc_acp_M00_AXI_AWCACHE expected=sc_acp_M00_AXI_AWCACHE
PASS: zynq_ps.saxiacp_awuser exists
PASS: zynq_ps.saxiacp_awuser wiring - actual=sc_acp_M00_AXI_AWUSER[1:0] expected=('sc_acp_M00_AXI_AWUSER', 'sc_acp_M00_AXI_AWUSER[1:0]')
PASS: zynq_ps.saxiacp_awprot wiring - actual=const_ps_axprot_ns_dout expected=('const_ps_axprot_ns_dout', 'const_ps_axprot_ns_dout[2:0]')
WARN: netlist metadata does not expose C_ENABLE_CACHE_USER=1; BD Tcl/XCI gate must cover it
WARN: netlist metadata does not expose C_CMD_WIDTH=80; BD Tcl/XCI gate must cover it
WARN: netlist metadata does not expose C_M_AXI_MM2S_DATA_WIDTH=128; BD Tcl/XCI gate must cover it
WARN: netlist metadata does not expose C_M_AXI_S2MM_DATA_WIDTH=128; BD Tcl/XCI gate must cover it
INFO: routed_verilog=hw/build/system_bd/pccx_v002_system_routed_netlist_for_check.v
PASS: fmap_dm_acp.m_axi_mm2s_arcache exists
PASS: fmap_dm_acp.m_axi_mm2s_arcache wiring - actual=fmap_dm_acp_M_AXI_MM2S_ARCACHE expected=fmap_dm_acp_M_AXI_MM2S_ARCACHE
PASS: fmap_dm_acp.m_axi_mm2s_aruser exists
PASS: fmap_dm_acp.m_axi_mm2s_aruser wiring - actual=fmap_dm_acp_M_AXI_MM2S_ARUSER expected=fmap_dm_acp_M_AXI_MM2S_ARUSER
WARN: fmap_dm_acp.m_axi_mm2s_arprot not present after optimization
PASS: result_dm_acp.m_axi_s2mm_awcache exists
PASS: result_dm_acp.m_axi_s2mm_awcache wiring - actual=result_dm_acp_M_AXI_S2MM_AWCACHE expected=result_dm_acp_M_AXI_S2MM_AWCACHE
PASS: result_dm_acp.m_axi_s2mm_awuser exists
PASS: result_dm_acp.m_axi_s2mm_awuser wiring - actual=result_dm_acp_M_AXI_S2MM_AWUSER expected=result_dm_acp_M_AXI_S2MM_AWUSER
WARN: result_dm_acp.m_axi_s2mm_awprot not present after optimization
PASS: sc_acp.S00_AXI_arcache exists
PASS: sc_acp.S00_AXI_arcache wiring - actual=fmap_dm_acp_M_AXI_MM2S_ARCACHE expected=fmap_dm_acp_M_AXI_MM2S_ARCACHE
PASS: sc_acp.S00_AXI_aruser exists
PASS: sc_acp.S00_AXI_aruser wiring - actual=fmap_dm_acp_M_AXI_MM2S_ARUSER expected=fmap_dm_acp_M_AXI_MM2S_ARUSER
WARN: sc_acp.S00_AXI_arprot not present after optimization
PASS: sc_acp.S01_AXI_awcache exists
PASS: sc_acp.S01_AXI_awcache wiring - actual=result_dm_acp_M_AXI_S2MM_AWCACHE expected=result_dm_acp_M_AXI_S2MM_AWCACHE
PASS: sc_acp.S01_AXI_awuser exists
PASS: sc_acp.S01_AXI_awuser wiring - actual=result_dm_acp_M_AXI_S2MM_AWUSER expected=result_dm_acp_M_AXI_S2MM_AWUSER
WARN: sc_acp.S01_AXI_awprot not present after optimization
PASS: sc_acp.M00_AXI_arcache exists
PASS: sc_acp.M00_AXI_arcache wiring - actual=sc_acp_M00_AXI_ARCACHE expected=sc_acp_M00_AXI_ARCACHE
PASS: sc_acp.M00_AXI_aruser exists
PASS: sc_acp.M00_AXI_aruser wiring - actual=sc_acp_M00_AXI_ARUSER expected=sc_acp_M00_AXI_ARUSER
WARN: sc_acp.M00_AXI_arprot not present after optimization
PASS: sc_acp.M00_AXI_awcache exists
PASS: sc_acp.M00_AXI_awcache wiring - actual=sc_acp_M00_AXI_AWCACHE expected=sc_acp_M00_AXI_AWCACHE
PASS: sc_acp.M00_AXI_awuser exists
PASS: sc_acp.M00_AXI_awuser wiring - actual=sc_acp_M00_AXI_AWUSER expected=sc_acp_M00_AXI_AWUSER
WARN: sc_acp.M00_AXI_awprot not present after optimization
PASS: zynq_ps.saxiacp_arcache exists
PASS: zynq_ps.saxiacp_arcache wiring - actual=sc_acp_M00_AXI_ARCACHE expected=sc_acp_M00_AXI_ARCACHE
PASS: zynq_ps.saxiacp_aruser exists
PASS: zynq_ps.saxiacp_aruser wiring - actual=sc_acp_M00_AXI_ARUSER expected=('sc_acp_M00_AXI_ARUSER', 'sc_acp_M00_AXI_ARUSER[1:0]')
PASS: PS primitive SAXIGP2ARPROT constant - expected=3'b010
PASS: PS primitive SAXIGP3ARPROT constant - expected=3'b010
PASS: PS primitive SAXIGP4ARPROT constant - expected=3'b010
PASS: PS primitive SAXIGP5ARPROT constant - expected=3'b010
PASS: PS primitive SAXIACPARPROT constant - expected=3'b010
PASS: zynq_ps.saxiacp_awcache exists
PASS: zynq_ps.saxiacp_awcache wiring - actual=sc_acp_M00_AXI_AWCACHE expected=sc_acp_M00_AXI_AWCACHE
PASS: zynq_ps.saxiacp_awuser exists
PASS: zynq_ps.saxiacp_awuser wiring - actual=sc_acp_M00_AXI_AWUSER expected=('sc_acp_M00_AXI_AWUSER', 'sc_acp_M00_AXI_AWUSER[1:0]')
PASS: PS primitive SAXIACPAWPROT constant - expected=3'b010
PASS: netlist metadata contains C_ENABLE_CACHE_USER=1
PASS: netlist metadata contains C_CMD_WIDTH=80
PASS: netlist metadata contains C_M_AXI_MM2S_DATA_WIDTH=128
PASS: netlist metadata contains C_M_AXI_S2MM_DATA_WIDTH=128
PASS: BD AXI attribute contract complete
INFO: generated_verilog=hw/build/system_bd/pccx_v002_kv260_top.gen/sources_1/bd/pccx_v002_system/synth/pccx_v002_system.v
PASS: weight_dm_hp0_M_AXI_MM2S_ARADDR width [31:0]
PASS: weight_dm_hp1_M_AXI_MM2S_ARADDR width [31:0]
PASS: weight_dm_hp2_M_AXI_MM2S_ARADDR width [31:0]
PASS: weight_dm_hp3_M_AXI_MM2S_ARADDR width [31:0]
PASS: fmap_dm_acp_M_AXI_MM2S_ARADDR width [31:0]
PASS: result_dm_acp_M_AXI_S2MM_AWADDR width [31:0]
PASS: sc_acp_M00_AXI_ARADDR width [39:0]
PASS: sc_acp_M00_AXI_AWADDR width [39:0]
PASS: zynq_ps_M_AXI_HPM0_FPD_ARADDR width [39:0]
PASS: sc_acp.S00_AXI_araddr exists
PASS: sc_acp.S00_AXI_araddr wiring - actual=fmap_dm_acp_M_AXI_MM2S_ARADDR expected=fmap_dm_acp_M_AXI_MM2S_ARADDR
PASS: sc_acp.S01_AXI_awaddr exists
PASS: sc_acp.S01_AXI_awaddr wiring - actual=result_dm_acp_M_AXI_S2MM_AWADDR expected=result_dm_acp_M_AXI_S2MM_AWADDR
PASS: sc_acp.M00_AXI_araddr exists
PASS: sc_acp.M00_AXI_araddr wiring - actual=sc_acp_M00_AXI_ARADDR expected=sc_acp_M00_AXI_ARADDR
PASS: sc_acp.M00_AXI_awaddr exists
PASS: sc_acp.M00_AXI_awaddr wiring - actual=sc_acp_M00_AXI_AWADDR expected=sc_acp_M00_AXI_AWADDR
PASS: zynq_ps.saxiacp_araddr exists
PASS: zynq_ps.saxiacp_araddr wiring - actual=sc_acp_M00_AXI_ARADDR expected=sc_acp_M00_AXI_ARADDR
PASS: zynq_ps.saxiacp_awaddr exists
PASS: zynq_ps.saxiacp_awaddr wiring - actual=sc_acp_M00_AXI_AWADDR expected=sc_acp_M00_AXI_AWADDR
PASS: zynq_ps.saxigp2_araddr exists
PASS: zynq_ps.saxigp2_araddr zero-extends weight_dm_hp0_M_AXI_MM2S_ARADDR - zeros=17 parts=18
PASS: zynq_ps.saxigp3_araddr exists
PASS: zynq_ps.saxigp3_araddr zero-extends weight_dm_hp1_M_AXI_MM2S_ARADDR - zeros=17 parts=18
PASS: zynq_ps.saxigp4_araddr exists
PASS: zynq_ps.saxigp4_araddr zero-extends weight_dm_hp2_M_AXI_MM2S_ARADDR - zeros=17 parts=18
PASS: zynq_ps.saxigp5_araddr exists
PASS: zynq_ps.saxigp5_araddr zero-extends weight_dm_hp3_M_AXI_MM2S_ARADDR - zeros=17 parts=18
PASS: weight_dm_hp0.m_axi_mm2s_araddr exists
PASS: weight_dm_hp0.m_axi_mm2s_araddr wiring - actual=weight_dm_hp0_M_AXI_MM2S_ARADDR expected=weight_dm_hp0_M_AXI_MM2S_ARADDR
PASS: weight_dm_hp1.m_axi_mm2s_araddr exists
PASS: weight_dm_hp1.m_axi_mm2s_araddr wiring - actual=weight_dm_hp1_M_AXI_MM2S_ARADDR expected=weight_dm_hp1_M_AXI_MM2S_ARADDR
PASS: weight_dm_hp2.m_axi_mm2s_araddr exists
PASS: weight_dm_hp2.m_axi_mm2s_araddr wiring - actual=weight_dm_hp2_M_AXI_MM2S_ARADDR expected=weight_dm_hp2_M_AXI_MM2S_ARADDR
PASS: weight_dm_hp3.m_axi_mm2s_araddr exists
PASS: weight_dm_hp3.m_axi_mm2s_araddr wiring - actual=weight_dm_hp3_M_AXI_MM2S_ARADDR expected=weight_dm_hp3_M_AXI_MM2S_ARADDR
PASS: fmap_dm_acp.m_axi_mm2s_araddr exists
PASS: fmap_dm_acp.m_axi_mm2s_araddr wiring - actual=fmap_dm_acp_M_AXI_MM2S_ARADDR expected=fmap_dm_acp_M_AXI_MM2S_ARADDR
PASS: result_dm_acp.m_axi_s2mm_awaddr exists
PASS: result_dm_acp.m_axi_s2mm_awaddr wiring - actual=result_dm_acp_M_AXI_S2MM_AWADDR expected=result_dm_acp_M_AXI_S2MM_AWADDR
PASS: BD AXI address contract complete
INFO: generated_verilog=hw/build/system_bd/pccx_v002_kv260_top.gen/sources_1/bd/pccx_v002_system/synth/pccx_v002_system.v
PASS: weight_dm_hp0_M_AXI_MM2S_ARBURST width [1:0]
PASS: weight_dm_hp0_M_AXI_MM2S_ARLEN width [7:0]
PASS: weight_dm_hp0_M_AXI_MM2S_ARSIZE width [2:0]
PASS: weight_dm_hp0.m_axi_mm2s_arburst exists
PASS: weight_dm_hp0.m_axi_mm2s_arburst wiring - actual=weight_dm_hp0_M_AXI_MM2S_ARBURST expected=weight_dm_hp0_M_AXI_MM2S_ARBURST
PASS: weight_dm_hp0.m_axi_mm2s_arlen exists
PASS: weight_dm_hp0.m_axi_mm2s_arlen wiring - actual=weight_dm_hp0_M_AXI_MM2S_ARLEN expected=weight_dm_hp0_M_AXI_MM2S_ARLEN
PASS: weight_dm_hp0.m_axi_mm2s_arsize exists
PASS: weight_dm_hp0.m_axi_mm2s_arsize wiring - actual=weight_dm_hp0_M_AXI_MM2S_ARSIZE expected=weight_dm_hp0_M_AXI_MM2S_ARSIZE
PASS: weight_dm_hp1_M_AXI_MM2S_ARBURST width [1:0]
PASS: weight_dm_hp1_M_AXI_MM2S_ARLEN width [7:0]
PASS: weight_dm_hp1_M_AXI_MM2S_ARSIZE width [2:0]
PASS: weight_dm_hp1.m_axi_mm2s_arburst exists
PASS: weight_dm_hp1.m_axi_mm2s_arburst wiring - actual=weight_dm_hp1_M_AXI_MM2S_ARBURST expected=weight_dm_hp1_M_AXI_MM2S_ARBURST
PASS: weight_dm_hp1.m_axi_mm2s_arlen exists
PASS: weight_dm_hp1.m_axi_mm2s_arlen wiring - actual=weight_dm_hp1_M_AXI_MM2S_ARLEN expected=weight_dm_hp1_M_AXI_MM2S_ARLEN
PASS: weight_dm_hp1.m_axi_mm2s_arsize exists
PASS: weight_dm_hp1.m_axi_mm2s_arsize wiring - actual=weight_dm_hp1_M_AXI_MM2S_ARSIZE expected=weight_dm_hp1_M_AXI_MM2S_ARSIZE
PASS: weight_dm_hp2_M_AXI_MM2S_ARBURST width [1:0]
PASS: weight_dm_hp2_M_AXI_MM2S_ARLEN width [7:0]
PASS: weight_dm_hp2_M_AXI_MM2S_ARSIZE width [2:0]
PASS: weight_dm_hp2.m_axi_mm2s_arburst exists
PASS: weight_dm_hp2.m_axi_mm2s_arburst wiring - actual=weight_dm_hp2_M_AXI_MM2S_ARBURST expected=weight_dm_hp2_M_AXI_MM2S_ARBURST
PASS: weight_dm_hp2.m_axi_mm2s_arlen exists
PASS: weight_dm_hp2.m_axi_mm2s_arlen wiring - actual=weight_dm_hp2_M_AXI_MM2S_ARLEN expected=weight_dm_hp2_M_AXI_MM2S_ARLEN
PASS: weight_dm_hp2.m_axi_mm2s_arsize exists
PASS: weight_dm_hp2.m_axi_mm2s_arsize wiring - actual=weight_dm_hp2_M_AXI_MM2S_ARSIZE expected=weight_dm_hp2_M_AXI_MM2S_ARSIZE
PASS: weight_dm_hp3_M_AXI_MM2S_ARBURST width [1:0]
PASS: weight_dm_hp3_M_AXI_MM2S_ARLEN width [7:0]
PASS: weight_dm_hp3_M_AXI_MM2S_ARSIZE width [2:0]
PASS: weight_dm_hp3.m_axi_mm2s_arburst exists
PASS: weight_dm_hp3.m_axi_mm2s_arburst wiring - actual=weight_dm_hp3_M_AXI_MM2S_ARBURST expected=weight_dm_hp3_M_AXI_MM2S_ARBURST
PASS: weight_dm_hp3.m_axi_mm2s_arlen exists
PASS: weight_dm_hp3.m_axi_mm2s_arlen wiring - actual=weight_dm_hp3_M_AXI_MM2S_ARLEN expected=weight_dm_hp3_M_AXI_MM2S_ARLEN
PASS: weight_dm_hp3.m_axi_mm2s_arsize exists
PASS: weight_dm_hp3.m_axi_mm2s_arsize wiring - actual=weight_dm_hp3_M_AXI_MM2S_ARSIZE expected=weight_dm_hp3_M_AXI_MM2S_ARSIZE
PASS: fmap_dm_acp_M_AXI_MM2S_ARBURST width [1:0]
PASS: fmap_dm_acp_M_AXI_MM2S_ARLEN width [7:0]
PASS: fmap_dm_acp_M_AXI_MM2S_ARSIZE width [2:0]
PASS: fmap_dm_acp.m_axi_mm2s_arburst exists
PASS: fmap_dm_acp.m_axi_mm2s_arburst wiring - actual=fmap_dm_acp_M_AXI_MM2S_ARBURST expected=fmap_dm_acp_M_AXI_MM2S_ARBURST
PASS: fmap_dm_acp.m_axi_mm2s_arlen exists
PASS: fmap_dm_acp.m_axi_mm2s_arlen wiring - actual=fmap_dm_acp_M_AXI_MM2S_ARLEN expected=fmap_dm_acp_M_AXI_MM2S_ARLEN
PASS: fmap_dm_acp.m_axi_mm2s_arsize exists
PASS: fmap_dm_acp.m_axi_mm2s_arsize wiring - actual=fmap_dm_acp_M_AXI_MM2S_ARSIZE expected=fmap_dm_acp_M_AXI_MM2S_ARSIZE
PASS: sc_acp_M00_AXI_ARBURST width [1:0]
PASS: sc_acp_M00_AXI_ARLEN width [7:0]
PASS: sc_acp_M00_AXI_ARSIZE width [2:0]
PASS: sc_acp_M00_AXI_AWBURST width [1:0]
PASS: sc_acp_M00_AXI_AWLEN width [7:0]
PASS: sc_acp_M00_AXI_AWSIZE width [2:0]
PASS: result_dm_acp_M_AXI_S2MM_AWBURST width [1:0]
PASS: result_dm_acp_M_AXI_S2MM_AWLEN width [7:0]
PASS: result_dm_acp_M_AXI_S2MM_AWSIZE width [2:0]
PASS: sc_acp.S00_AXI_arburst exists
PASS: sc_acp.S00_AXI_arburst wiring - actual=fmap_dm_acp_M_AXI_MM2S_ARBURST expected=fmap_dm_acp_M_AXI_MM2S_ARBURST
PASS: sc_acp.S00_AXI_arlen exists
PASS: sc_acp.S00_AXI_arlen wiring - actual=fmap_dm_acp_M_AXI_MM2S_ARLEN expected=fmap_dm_acp_M_AXI_MM2S_ARLEN
PASS: sc_acp.S00_AXI_arsize exists
PASS: sc_acp.S00_AXI_arsize wiring - actual=fmap_dm_acp_M_AXI_MM2S_ARSIZE expected=fmap_dm_acp_M_AXI_MM2S_ARSIZE
PASS: sc_acp.S01_AXI_awburst exists
PASS: sc_acp.S01_AXI_awburst wiring - actual=result_dm_acp_M_AXI_S2MM_AWBURST expected=result_dm_acp_M_AXI_S2MM_AWBURST
PASS: sc_acp.S01_AXI_awlen exists
PASS: sc_acp.S01_AXI_awlen wiring - actual=result_dm_acp_M_AXI_S2MM_AWLEN expected=result_dm_acp_M_AXI_S2MM_AWLEN
PASS: sc_acp.S01_AXI_awsize exists
PASS: sc_acp.S01_AXI_awsize wiring - actual=result_dm_acp_M_AXI_S2MM_AWSIZE expected=result_dm_acp_M_AXI_S2MM_AWSIZE
PASS: sc_acp.M00_AXI_arburst exists
PASS: sc_acp.M00_AXI_arburst wiring - actual=sc_acp_M00_AXI_ARBURST expected=sc_acp_M00_AXI_ARBURST
PASS: sc_acp.M00_AXI_arlen exists
PASS: sc_acp.M00_AXI_arlen wiring - actual=sc_acp_M00_AXI_ARLEN expected=sc_acp_M00_AXI_ARLEN
PASS: sc_acp.M00_AXI_arsize exists
PASS: sc_acp.M00_AXI_arsize wiring - actual=sc_acp_M00_AXI_ARSIZE expected=sc_acp_M00_AXI_ARSIZE
PASS: sc_acp.M00_AXI_awburst exists
PASS: sc_acp.M00_AXI_awburst wiring - actual=sc_acp_M00_AXI_AWBURST expected=sc_acp_M00_AXI_AWBURST
PASS: sc_acp.M00_AXI_awlen exists
PASS: sc_acp.M00_AXI_awlen wiring - actual=sc_acp_M00_AXI_AWLEN expected=sc_acp_M00_AXI_AWLEN
PASS: sc_acp.M00_AXI_awsize exists
PASS: sc_acp.M00_AXI_awsize wiring - actual=sc_acp_M00_AXI_AWSIZE expected=sc_acp_M00_AXI_AWSIZE
PASS: zynq_ps.saxigp2_arburst exists
PASS: zynq_ps.saxigp2_arburst wiring - actual=weight_dm_hp0_M_AXI_MM2S_ARBURST expected=weight_dm_hp0_M_AXI_MM2S_ARBURST
PASS: zynq_ps.saxigp2_arlen exists
PASS: zynq_ps.saxigp2_arlen wiring - actual=weight_dm_hp0_M_AXI_MM2S_ARLEN expected=weight_dm_hp0_M_AXI_MM2S_ARLEN
PASS: zynq_ps.saxigp2_arsize exists
PASS: zynq_ps.saxigp2_arsize wiring - actual=weight_dm_hp0_M_AXI_MM2S_ARSIZE expected=weight_dm_hp0_M_AXI_MM2S_ARSIZE
PASS: zynq_ps.saxigp3_arburst exists
PASS: zynq_ps.saxigp3_arburst wiring - actual=weight_dm_hp1_M_AXI_MM2S_ARBURST expected=weight_dm_hp1_M_AXI_MM2S_ARBURST
PASS: zynq_ps.saxigp3_arlen exists
PASS: zynq_ps.saxigp3_arlen wiring - actual=weight_dm_hp1_M_AXI_MM2S_ARLEN expected=weight_dm_hp1_M_AXI_MM2S_ARLEN
PASS: zynq_ps.saxigp3_arsize exists
PASS: zynq_ps.saxigp3_arsize wiring - actual=weight_dm_hp1_M_AXI_MM2S_ARSIZE expected=weight_dm_hp1_M_AXI_MM2S_ARSIZE
PASS: zynq_ps.saxigp4_arburst exists
PASS: zynq_ps.saxigp4_arburst wiring - actual=weight_dm_hp2_M_AXI_MM2S_ARBURST expected=weight_dm_hp2_M_AXI_MM2S_ARBURST
PASS: zynq_ps.saxigp4_arlen exists
PASS: zynq_ps.saxigp4_arlen wiring - actual=weight_dm_hp2_M_AXI_MM2S_ARLEN expected=weight_dm_hp2_M_AXI_MM2S_ARLEN
PASS: zynq_ps.saxigp4_arsize exists
PASS: zynq_ps.saxigp4_arsize wiring - actual=weight_dm_hp2_M_AXI_MM2S_ARSIZE expected=weight_dm_hp2_M_AXI_MM2S_ARSIZE
PASS: zynq_ps.saxigp5_arburst exists
PASS: zynq_ps.saxigp5_arburst wiring - actual=weight_dm_hp3_M_AXI_MM2S_ARBURST expected=weight_dm_hp3_M_AXI_MM2S_ARBURST
PASS: zynq_ps.saxigp5_arlen exists
PASS: zynq_ps.saxigp5_arlen wiring - actual=weight_dm_hp3_M_AXI_MM2S_ARLEN expected=weight_dm_hp3_M_AXI_MM2S_ARLEN
PASS: zynq_ps.saxigp5_arsize exists
PASS: zynq_ps.saxigp5_arsize wiring - actual=weight_dm_hp3_M_AXI_MM2S_ARSIZE expected=weight_dm_hp3_M_AXI_MM2S_ARSIZE
PASS: zynq_ps.saxiacp_arburst exists
PASS: zynq_ps.saxiacp_arburst wiring - actual=sc_acp_M00_AXI_ARBURST expected=sc_acp_M00_AXI_ARBURST
PASS: zynq_ps.saxiacp_arlen exists
PASS: zynq_ps.saxiacp_arlen wiring - actual=sc_acp_M00_AXI_ARLEN expected=sc_acp_M00_AXI_ARLEN
PASS: zynq_ps.saxiacp_arsize exists
PASS: zynq_ps.saxiacp_arsize wiring - actual=sc_acp_M00_AXI_ARSIZE expected=sc_acp_M00_AXI_ARSIZE
PASS: zynq_ps.saxiacp_awburst exists
PASS: zynq_ps.saxiacp_awburst wiring - actual=sc_acp_M00_AXI_AWBURST expected=sc_acp_M00_AXI_AWBURST
PASS: zynq_ps.saxiacp_awlen exists
PASS: zynq_ps.saxiacp_awlen wiring - actual=sc_acp_M00_AXI_AWLEN expected=sc_acp_M00_AXI_AWLEN
PASS: zynq_ps.saxiacp_awsize exists
PASS: zynq_ps.saxiacp_awsize wiring - actual=sc_acp_M00_AXI_AWSIZE expected=sc_acp_M00_AXI_AWSIZE
PASS: weight_dm_hp0 XCI c_addr_width=32
PASS: weight_dm_hp0 XCI c_m_axi_mm2s_data_width=128
PASS: weight_dm_hp0 XCI c_m_axis_mm2s_tdata_width=128
PASS: weight_dm_hp0 XCI c_include_mm2s_dre=false
PASS: weight_dm_hp0 XCI c_mm2s_burst_size=16
PASS: weight_dm_hp0 XCI c_mm2s_btt_used=23
PASS: weight_dm_hp0 XCI c_enable_cache_user=true
PASS: weight_dm_hp1 XCI c_addr_width=32
PASS: weight_dm_hp1 XCI c_m_axi_mm2s_data_width=128
PASS: weight_dm_hp1 XCI c_m_axis_mm2s_tdata_width=128
PASS: weight_dm_hp1 XCI c_include_mm2s_dre=false
PASS: weight_dm_hp1 XCI c_mm2s_burst_size=16
PASS: weight_dm_hp1 XCI c_mm2s_btt_used=23
PASS: weight_dm_hp1 XCI c_enable_cache_user=true
PASS: weight_dm_hp2 XCI c_addr_width=32
PASS: weight_dm_hp2 XCI c_m_axi_mm2s_data_width=128
PASS: weight_dm_hp2 XCI c_m_axis_mm2s_tdata_width=128
PASS: weight_dm_hp2 XCI c_include_mm2s_dre=false
PASS: weight_dm_hp2 XCI c_mm2s_burst_size=16
PASS: weight_dm_hp2 XCI c_mm2s_btt_used=23
PASS: weight_dm_hp2 XCI c_enable_cache_user=true
PASS: weight_dm_hp3 XCI c_addr_width=32
PASS: weight_dm_hp3 XCI c_m_axi_mm2s_data_width=128
PASS: weight_dm_hp3 XCI c_m_axis_mm2s_tdata_width=128
PASS: weight_dm_hp3 XCI c_include_mm2s_dre=false
PASS: weight_dm_hp3 XCI c_mm2s_burst_size=16
PASS: weight_dm_hp3 XCI c_mm2s_btt_used=23
PASS: weight_dm_hp3 XCI c_enable_cache_user=true
PASS: fmap_dm_acp XCI c_addr_width=32
PASS: fmap_dm_acp XCI c_m_axi_mm2s_data_width=128
PASS: fmap_dm_acp XCI c_m_axis_mm2s_tdata_width=128
PASS: fmap_dm_acp XCI c_include_mm2s_dre=false
PASS: fmap_dm_acp XCI c_mm2s_burst_size=16
PASS: fmap_dm_acp XCI c_mm2s_btt_used=23
PASS: fmap_dm_acp XCI c_enable_cache_user=true
PASS: result_dm_acp XCI c_addr_width=32
PASS: result_dm_acp XCI c_m_axi_s2mm_data_width=128
PASS: result_dm_acp XCI c_s_axis_s2mm_tdata_width=128
PASS: result_dm_acp XCI c_include_s2mm_dre=false
PASS: result_dm_acp XCI c_s2mm_burst_size=16
PASS: result_dm_acp XCI c_s2mm_btt_used=23
PASS: result_dm_acp XCI c_s2mm_support_indet_btt=false
PASS: result_dm_acp XCI c_enable_cache_user=true
PASS: BD AXI transaction contract complete
