2026-06-02T10:40:57+00:00
STATUS
implementation_scope=FULL_TOP_LEVEL
mode=verify
target_part=xck26-sfvc784-2LV-c
target_board=xilinx.com:kv260_som:part0:1.4
bd_script=vivado/system_bd.tcl
bd_status=PRESENT
wrapper_status=PRESENT
filelist_status=PRESENT
constraints_status=PRESENT
board_part_status=AVAILABLE
full_top_level_flow=FULL_TOP_FLOW_SCAFFOLDED
bitstream_status=BITSTREAM_NOT_REQUESTED
blocker=verify_complete_no_impl_run
required_next_step=Run BD rebuild/synth/impl to validate HP/ACP DataMover topology; descriptors are still PS-issued.
HDL
hw/build/system_bd/pccx_v002_kv260_top.gen/sources_1/bd/pccx_v002_system/hdl/pccx_v002_system_wrapper.v
hw/build/system_bd/pccx_v002_kv260_top.gen/sources_1/bd/pccx_v002_system/sim/pccx_v002_system.v
hw/build/system_bd/pccx_v002_kv260_top.gen/sources_1/bd/pccx_v002_system/synth/pccx_v002_system.v
CHECKERS
PASS: BD interface weight_dm_hp0/M_AXIS_MM2S <-> u_npu/s_axis_hp0
PASS: BD interface weight_dm_hp1/M_AXIS_MM2S <-> u_npu/s_axis_hp1
PASS: BD interface weight_dm_hp2/M_AXIS_MM2S <-> u_npu/s_axis_hp2
PASS: BD interface weight_dm_hp3/M_AXIS_MM2S <-> u_npu/s_axis_hp3
PASS: BD interface fmap_dm_acp/M_AXIS_MM2S <-> u_npu/s_axis_acp_fmap
PASS: BD interface cmdsts_acp_fmap/m_axis_cmd <-> fmap_dm_acp/S_AXIS_MM2S_CMD
PASS: BD interface fmap_dm_acp/M_AXIS_MM2S_STS <-> cmdsts_acp_fmap/s_axis_sts
PASS: BD interface u_npu/m_axis_acp_result <-> result_dm_acp/S_AXIS_S2MM
PASS: BD interface weight_dm_hp0/M_AXI_MM2S <-> sc_hp0_stage0/S00_AXI
PASS: BD interface fmap_dm_acp/M_AXI_MM2S <-> sc_hp0_stage0/S01_AXI
PASS: BD interface result_dm_acp/M_AXI_S2MM <-> sc_hp0_stage0/S02_AXI
PASS: BD interface sc_hp0_stage0/M00_AXI <-> zynq_ps/S_AXI_HP0_FPD
PASS: BD has no stale cell/net sc_acp
PASS: BD has no stale cell/net sc_hp0_combined
PASS: BD has no stale cell/net sc_hp1_combined
PASS: BD has no stale cell/net system_ila_0
PASS: BD has no stale cell/net system_ila_1
PASS: generated fmap stream is 128-bit
PASS: generated fmap status wires exist
PASS: u_npu s_axis_acp_fmap_tdata uses fmap_dm_acp_M_AXIS_MM2S_TDATA
PASS: u_npu s_axis_acp_fmap_tvalid uses fmap_dm_acp_M_AXIS_MM2S_TVALID
PASS: u_npu s_axis_acp_fmap_tready uses fmap_dm_acp_M_AXIS_MM2S_TREADY
PASS: u_npu s_axis_acp_fmap_tlast uses fmap_dm_acp_M_AXIS_MM2S_TLAST
PASS: u_npu s_axis_acp_fmap_tkeep uses fmap_dm_acp_M_AXIS_MM2S_TKEEP
PASS: u_npu m_axis_acp_result_tdata uses u_npu_m_axis_acp_result_TDATA
PASS: u_npu m_axis_acp_result_tvalid uses u_npu_m_axis_acp_result_TVALID
PASS: u_npu m_axis_acp_result_tready uses u_npu_m_axis_acp_result_TREADY
PASS: u_npu m_axis_acp_result_tlast uses u_npu_m_axis_acp_result_TLAST
PASS: u_npu m_axis_acp_result_tkeep uses u_npu_m_axis_acp_result_TKEEP
PASS: u_npu s_axis_hp1_tdata uses weight_dm_hp1_M_AXIS_MM2S_TDATA
PASS: u_npu s_axis_hp1_tvalid uses weight_dm_hp1_M_AXIS_MM2S_TVALID
PASS: u_npu s_axis_hp1_tready uses weight_dm_hp1_M_AXIS_MM2S_TREADY
PASS: cmdsts_acp_fmap s_axis_sts_tdata uses fmap_dm_acp_M_AXIS_MM2S_STS_TDATA
PASS: cmdsts_acp_fmap s_axis_sts_tkeep uses fmap_dm_acp_M_AXIS_MM2S_STS_TKEEP
PASS: cmdsts_acp_fmap s_axis_sts_tlast uses fmap_dm_acp_M_AXIS_MM2S_STS_TLAST
PASS: cmdsts_acp_fmap s_axis_sts_tready uses fmap_dm_acp_M_AXIS_MM2S_STS_TREADY
PASS: cmdsts_acp_fmap s_axis_sts_tvalid uses fmap_dm_acp_M_AXIS_MM2S_STS_TVALID
PASS: fmap_dm_acp m_axis_mm2s_sts_tdata uses fmap_dm_acp_M_AXIS_MM2S_STS_TDATA
PASS: fmap_dm_acp m_axis_mm2s_sts_tkeep uses fmap_dm_acp_M_AXIS_MM2S_STS_TKEEP
PASS: fmap_dm_acp m_axis_mm2s_sts_tlast uses fmap_dm_acp_M_AXIS_MM2S_STS_TLAST
PASS: fmap_dm_acp m_axis_mm2s_sts_tready uses fmap_dm_acp_M_AXIS_MM2S_STS_TREADY
PASS: fmap_dm_acp m_axis_mm2s_sts_tvalid uses fmap_dm_acp_M_AXIS_MM2S_STS_TVALID
PASS: result_dm_acp s_axis_s2mm_tdata uses u_npu_m_axis_acp_result_TDATA
PASS: result_dm_acp s_axis_s2mm_tvalid uses u_npu_m_axis_acp_result_TVALID
PASS: result_dm_acp s_axis_s2mm_tready uses u_npu_m_axis_acp_result_TREADY
PASS: result_dm_acp s_axis_s2mm_tlast uses u_npu_m_axis_acp_result_TLAST
PASS: result_dm_acp s_axis_s2mm_tkeep uses u_npu_m_axis_acp_result_TKEEP
PASS: result_dm_acp s_axis_s2mm_tlast is not constant-tied - signal=u_npu_m_axis_acp_result_TLAST
PASS: result_dm_acp s_axis_s2mm_tkeep is not constant-tied - signal=u_npu_m_axis_acp_result_TKEEP
PASS: XCI c_m_axis_mm2s_tdata_width=128
PASS: XCI C_M_AXIS_MM2S_TDATA_WIDTH=128
PASS: v17 BD topology gate complete
INFO: generated_verilog=hw/build/system_bd/pccx_v002_kv260_top.gen/sources_1/bd/pccx_v002_system/synth/pccx_v002_system.v
PASS: weight_dm_hp0.m_axi_mm2s_arcache exists
PASS: weight_dm_hp0.m_axi_mm2s_arcache wiring - actual=weight_dm_hp0_M_AXI_MM2S_ARCACHE expected=weight_dm_hp0_M_AXI_MM2S_ARCACHE
PASS: weight_dm_hp0.m_axi_mm2s_aruser exists
PASS: weight_dm_hp0.m_axi_mm2s_aruser wiring - actual=weight_dm_hp0_M_AXI_MM2S_ARUSER expected=weight_dm_hp0_M_AXI_MM2S_ARUSER
PASS: fmap_dm_acp.m_axi_mm2s_arcache exists
PASS: fmap_dm_acp.m_axi_mm2s_arcache wiring - actual=fmap_dm_acp_M_AXI_MM2S_ARCACHE expected=fmap_dm_acp_M_AXI_MM2S_ARCACHE
PASS: fmap_dm_acp.m_axi_mm2s_aruser exists
PASS: fmap_dm_acp.m_axi_mm2s_aruser wiring - actual=fmap_dm_acp_M_AXI_MM2S_ARUSER expected=fmap_dm_acp_M_AXI_MM2S_ARUSER
PASS: weight_dm_hp0.m_axi_mm2s_arprot exists
PASS: weight_dm_hp0.m_axi_mm2s_arprot wiring - actual=weight_dm_hp0_M_AXI_MM2S_ARPROT expected=weight_dm_hp0_M_AXI_MM2S_ARPROT
PASS: fmap_dm_acp.m_axi_mm2s_arprot exists
PASS: fmap_dm_acp.m_axi_mm2s_arprot wiring - actual=fmap_dm_acp_M_AXI_MM2S_ARPROT expected=fmap_dm_acp_M_AXI_MM2S_ARPROT
PASS: result_dm_acp.m_axi_s2mm_awcache exists
PASS: result_dm_acp.m_axi_s2mm_awcache wiring - actual=result_dm_acp_M_AXI_S2MM_AWCACHE expected=result_dm_acp_M_AXI_S2MM_AWCACHE
PASS: result_dm_acp.m_axi_s2mm_awuser exists
PASS: result_dm_acp.m_axi_s2mm_awuser wiring - actual=result_dm_acp_M_AXI_S2MM_AWUSER expected=result_dm_acp_M_AXI_S2MM_AWUSER
PASS: result_dm_acp.m_axi_s2mm_awprot exists
PASS: result_dm_acp.m_axi_s2mm_awprot wiring - actual=result_dm_acp_M_AXI_S2MM_AWPROT expected=result_dm_acp_M_AXI_S2MM_AWPROT
PASS: sc_hp0_stage0.S00_AXI_arcache exists
PASS: sc_hp0_stage0.S00_AXI_arcache wiring - actual=weight_dm_hp0_M_AXI_MM2S_ARCACHE expected=weight_dm_hp0_M_AXI_MM2S_ARCACHE
PASS: sc_hp0_stage0.S00_AXI_aruser exists
PASS: sc_hp0_stage0.S00_AXI_aruser wiring - actual=weight_dm_hp0_M_AXI_MM2S_ARUSER expected=weight_dm_hp0_M_AXI_MM2S_ARUSER
PASS: sc_hp0_stage0.S01_AXI_arcache exists
PASS: sc_hp0_stage0.S01_AXI_arcache wiring - actual=fmap_dm_acp_M_AXI_MM2S_ARCACHE expected=fmap_dm_acp_M_AXI_MM2S_ARCACHE
PASS: sc_hp0_stage0.S01_AXI_aruser exists
PASS: sc_hp0_stage0.S01_AXI_aruser wiring - actual=fmap_dm_acp_M_AXI_MM2S_ARUSER expected=fmap_dm_acp_M_AXI_MM2S_ARUSER
PASS: sc_hp0_stage0.S00_AXI_arprot exists
PASS: sc_hp0_stage0.S00_AXI_arprot wiring - actual=weight_dm_hp0_M_AXI_MM2S_ARPROT expected=weight_dm_hp0_M_AXI_MM2S_ARPROT
PASS: sc_hp0_stage0.S01_AXI_arprot exists
PASS: sc_hp0_stage0.S01_AXI_arprot wiring - actual=fmap_dm_acp_M_AXI_MM2S_ARPROT expected=fmap_dm_acp_M_AXI_MM2S_ARPROT
PASS: sc_hp0_stage0.S02_AXI_awcache exists
PASS: sc_hp0_stage0.S02_AXI_awcache wiring - actual=result_dm_acp_M_AXI_S2MM_AWCACHE expected=result_dm_acp_M_AXI_S2MM_AWCACHE
PASS: sc_hp0_stage0.S02_AXI_awuser exists
PASS: sc_hp0_stage0.S02_AXI_awuser wiring - actual=result_dm_acp_M_AXI_S2MM_AWUSER expected=result_dm_acp_M_AXI_S2MM_AWUSER
PASS: sc_hp0_stage0.S02_AXI_awprot exists
PASS: sc_hp0_stage0.S02_AXI_awprot wiring - actual=result_dm_acp_M_AXI_S2MM_AWPROT expected=result_dm_acp_M_AXI_S2MM_AWPROT
PASS: sc_hp0_stage0.M00_AXI_arcache exists
PASS: sc_hp0_stage0.M00_AXI_arcache wiring - actual=sc_hp0_stage0_M00_AXI_ARCACHE expected=sc_hp0_stage0_M00_AXI_ARCACHE
PASS: sc_hp0_stage0.M00_AXI_aruser exists
PASS: sc_hp0_stage0.M00_AXI_aruser wiring - actual=sc_hp0_stage0_M00_AXI_ARUSER expected=sc_hp0_stage0_M00_AXI_ARUSER
WARN: sc_hp0_stage0.M00_AXI_arprot not present after optimization
PASS: sc_hp0_stage0.M00_AXI_awcache exists
PASS: sc_hp0_stage0.M00_AXI_awcache wiring - actual=sc_hp0_stage0_M00_AXI_AWCACHE expected=sc_hp0_stage0_M00_AXI_AWCACHE
PASS: sc_hp0_stage0.M00_AXI_awuser exists
PASS: sc_hp0_stage0.M00_AXI_awuser wiring - actual=sc_hp0_stage0_M00_AXI_AWUSER expected=sc_hp0_stage0_M00_AXI_AWUSER
WARN: sc_hp0_stage0.M00_AXI_awprot not present after optimization
PASS: zynq_ps.saxigp2_arcache exists
PASS: zynq_ps.saxigp2_arcache wiring - actual=sc_hp0_stage0_M00_AXI_ARCACHE expected=sc_hp0_stage0_M00_AXI_ARCACHE
PASS: zynq_ps.saxigp2_aruser exists
PASS: zynq_ps.saxigp2_aruser wiring - actual=sc_hp0_stage0_M00_AXI_ARUSER[0] expected=('sc_hp0_stage0_M00_AXI_ARUSER', 'sc_hp0_stage0_M00_AXI_ARUSER[0]', 'sc_hp0_stage0_M00_AXI_ARUSER[1:0]')
PASS: zynq_ps.saxigp2_arprot wiring - actual=const_ps_axprot_ns_dout expected=('const_ps_axprot_ns_dout', 'const_ps_axprot_ns_dout[2:0]')
PASS: zynq_ps.saxigp2_awprot wiring - actual=const_ps_axprot_ns_dout expected=('const_ps_axprot_ns_dout', 'const_ps_axprot_ns_dout[2:0]')
PASS: zynq_ps.saxigp3_arprot wiring - actual=const_ps_axprot_ns_dout expected=('const_ps_axprot_ns_dout', 'const_ps_axprot_ns_dout[2:0]')
PASS: zynq_ps.saxigp4_arprot wiring - actual=const_ps_axprot_ns_dout expected=('const_ps_axprot_ns_dout', 'const_ps_axprot_ns_dout[2:0]')
PASS: zynq_ps.saxigp5_arprot wiring - actual=const_ps_axprot_ns_dout expected=('const_ps_axprot_ns_dout', 'const_ps_axprot_ns_dout[2:0]')
PASS: zynq_ps.saxigp2_awcache exists
PASS: zynq_ps.saxigp2_awcache wiring - actual=sc_hp0_stage0_M00_AXI_AWCACHE expected=sc_hp0_stage0_M00_AXI_AWCACHE
PASS: zynq_ps.saxigp2_awuser exists
PASS: zynq_ps.saxigp2_awuser wiring - actual=sc_hp0_stage0_M00_AXI_AWUSER[0] expected=('sc_hp0_stage0_M00_AXI_AWUSER', 'sc_hp0_stage0_M00_AXI_AWUSER[0]', 'sc_hp0_stage0_M00_AXI_AWUSER[1:0]')
WARN: netlist metadata does not expose C_ENABLE_CACHE_USER=1; BD Tcl/XCI gate must cover it
WARN: netlist metadata does not expose C_CMD_WIDTH=80; BD Tcl/XCI gate must cover it
WARN: netlist metadata does not expose C_M_AXI_MM2S_DATA_WIDTH=128; BD Tcl/XCI gate must cover it
WARN: netlist metadata does not expose C_M_AXI_S2MM_DATA_WIDTH=128; BD Tcl/XCI gate must cover it
PASS: BD AXI attribute contract complete
INFO: generated_verilog=hw/build/system_bd/pccx_v002_kv260_top.gen/sources_1/bd/pccx_v002_system/synth/pccx_v002_system.v
PASS: weight_dm_hp0_M_AXI_MM2S_ARADDR width [31:0]
PASS: weight_dm_hp1_M_AXI_MM2S_ARADDR width [31:0]
PASS: weight_dm_hp2_M_AXI_MM2S_ARADDR width [31:0]
PASS: weight_dm_hp3_M_AXI_MM2S_ARADDR width [31:0]
PASS: fmap_dm_acp_M_AXI_MM2S_ARADDR width [31:0]
PASS: result_dm_acp_M_AXI_S2MM_AWADDR width [31:0]
FAIL: sc_hp0_stage0_M00_AXI_ARADDR width [39:0]
