

****** Bootgen v2025.2
  **** Build date : Nov 12 2025-13:58:15
    ** Copyright 1986-2022 Xilinx, Inc. All Rights Reserved.
    ** Copyright 2022-2025 Advanced Micro Devices, Inc. All Rights Reserved.


[INFO]   : Bootimage generated successfully

e047ee1fbad08bdf9e71fa69e35e158c348ecde9425681963247854684452050  hw/build/pccx_v002_system_wrapper.bit
7dc1d6004aff1159cfd44ca987156561fbda0c850fc919575cf814a969d27db2  hw/build/pccx_v002_system_wrapper.bit.bin
e047ee1fbad08bdf9e71fa69e35e158c348ecde9425681963247854684452050  hw/build/deploy/pccx_npu_bd/pccx_npu_bd.bit
7dc1d6004aff1159cfd44ca987156561fbda0c850fc919575cf814a969d27db2  hw/build/deploy/pccx_npu_bd/pccx_npu_bd.bit.bin
2f2259e2409afa4ac50a7e6a1fa71004cb8d4fd6ba5de956d541d9a37971a46c  hw/build/deploy/pccx_npu_bd/pccx_npu_bd.dtbo
a13dbd0a508de4656c3ba22aa9f8a41494a5082bcd585589fc366a56cc5ba1c1  hw/build/deploy/pccx_npu_bd/shell.json
db63540cb8b9257947a830ff36981c6c  hw/build/pccx_v002_system_wrapper.bit
89e3c4e238c30cf02db537fd232dc5d3  hw/build/pccx_v002_system_wrapper.bit.bin
WARN knowledge base path not set; using built-in v002 pre-deploy rules only
WARN knowledge rule warning: [v002-timing-whs-threshold] whs_ns=0.01 < 0.5: WHS is below 0.5 ns; add runtime watch and temperature review before deploy.
-- pre_deploy_check.py --
bit       : /home/hwkim/v002-rtl/hw/build/pccx_v002_system_wrapper.bit
dtbo      : hw/build/deploy/pccx_npu_bd/pccx_npu_bd.dtbo
bitbin    : hw/build/pccx_v002_system_wrapper.bit.bin
shell.json: hw/build/deploy/pccx_npu_bd/shell.json
allowed-parts: ('xck26-sfvc784-2LV-c',)

PASS bitstream present: /home/hwkim/v002-rtl/hw/build/pccx_v002_system_wrapper.bit  size=7797836 B
PASS bitstream MD5: db63540cb8b9257947a830ff36981c6c
PASS bitstream design = pccx_v002_system_wrapper
PASS bitstream part   = xck26-sfvc784-2LV-c
PASS bitstream date   = 2026/06/03 11:12:50
PASS bitstream payload= 7797692 bytes (header consumed 144 B)
PASS dtbo present: hw/build/deploy/pccx_npu_bd/pccx_npu_bd.dtbo  size=857 B  magic OK
PASS bit.bin present: hw/build/pccx_v002_system_wrapper.bit.bin  size=7797692 B
PASS bit.bin matches bootgen LE-swapped payload of .bit (canonical FPGA Manager format)
PASS shell.json valid: {'shell_type': 'XRT_FLAT', 'num_slots': '1'}

PASS pre-deploy check PASSED for pccx_v002_system_wrapper.bit
