WARN could not extract URAM percentage from hw/build/reports/utilization_post_impl_top.rpt
WARN could not extract WHS from hw/build/reports/timing_summary_post_impl_top.rpt
WARN knowledge base path not set; using built-in v002 pre-deploy rules only
WARN knowledge rule warning: [v002-timing-whs-threshold] whs_ns=0.01 < 0.5: WHS is below 0.5 ns; add runtime watch and temperature review before deploy.
-- pre_deploy_check.py --
bit       : /home/hwkim/v002-rtl/hw/build/pccx_v002_system_wrapper.bit
dtbo      : hw/build/deploy/pccx_npu_bd/pccx_npu_bd.dtbo
bitbin    : hw/build/pccx_v002_system_wrapper.bit.bin
shell.json: hw/build/deploy/pccx_npu_bd/shell.json
allowed-parts: ('xck26-sfvc784-2LV-c',)

PASS bitstream present: /home/hwkim/v002-rtl/hw/build/pccx_v002_system_wrapper.bit  size=7797836 B
PASS bitstream MD5: 0aa7562e4f36ba2f3dd96c68fc7a4b16
PASS bitstream design = pccx_v002_system_wrapper
PASS bitstream part   = xck26-sfvc784-2LV-c
PASS bitstream date   = 2026/06/03 09:06:21
PASS bitstream payload= 7797692 bytes (header consumed 144 B)
PASS dtbo present: hw/build/deploy/pccx_npu_bd/pccx_npu_bd.dtbo  size=857 B  magic OK
PASS bit.bin present: hw/build/pccx_v002_system_wrapper.bit.bin  size=7797692 B
PASS bit.bin matches bootgen LE-swapped payload of .bit (canonical FPGA Manager format)
PASS shell.json valid: {'shell_type': 'XRT_FLAT', 'num_slots': '1'}

PASS pre-deploy check PASSED for pccx_v002_system_wrapper.bit
