[02:36:09.107 +  0.016s] ==============================================================
[02:36:09.107 +  0.016s]   dbg_step_09 — High-resolution NPU activity during DM stall
[02:36:09.107 +  0.016s] ==============================================================
[02:36:09.108 +  0.016s] [BANNER] argv: ['debug/dbg_step_09_npu_activity_during_dm_stall.py']
[02:36:09.108 +  0.016s] [BANNER] cwd:  /home/ubuntu/pccx-gemma-deploy
[02:36:09.108 +  0.016s] [BANNER] uid:  0
[02:36:09.108 +  0.016s] [BANNER] python: 3.10.12 (/usr/bin/python3)
[02:36:09.162 +  0.070s] [BIT] bitstream md5 = 903527a5c3ad7b3de928768286c21b69 (UNEXPECTED — log it!)
[02:36:09.169 +  0.077s] [UIO] opening NPU UIO at /dev/uio4
[02:36:09.169 +  0.078s] [UIO] mmap OK: path=/dev/uio4 size=0x10000 fd=3
[02:36:09.169 +  0.078s] ============
[02:36:09.169 +  0.078s]   baseline
[02:36:09.169 +  0.078s] ============
[02:36:09.169 +  0.078s] [BASE]   acp_fmap: 0x00000005 [cmd_empty=1 cmd_full=0 sts_empty=1 sts_full=0 err_sticky=0x0]
[02:36:09.169 +  0.078s] [BASE]   hp0: 0x00000005 [cmd_empty=1 cmd_full=0 sts_empty=1 sts_full=0 err_sticky=0x0]
[02:36:09.169 +  0.078s] ==========================
[02:36:09.170 +  0.078s]   allocate CMA for stall
[02:36:09.170 +  0.078s] ==========================
[02:36:09.170 +  0.079s] [CMA] CMA OK: va=0xffffaba6c000 phys=0x0375b0000 size=0x1000 fd=6
[02:36:09.170 +  0.079s] [ADDR] Stall SADDR = 0x375b0000
[02:36:09.170 +  0.079s] ==========================
[02:36:09.170 +  0.079s]   push stall to acp_fmap
[02:36:09.170 +  0.079s] ==========================
[02:36:09.171 +  0.079s] [PUSH] push cmd →   acp_fmap: addr=0x375b0000 btt=256 drr=0 eof=1 tag=0 xuser=0xf xcache=0xf
[02:36:09.171 +  0.079s] [PUSH]   CMD_LO=0x40800100 CMD_HI=0x375b0000 CMD_EXT=0xff00
[02:36:09.171 +  0.079s] =====================================
[02:36:09.171 +  0.079s]   high-resolution observation phase
[02:36:09.171 +  0.080s] =====================================
[02:36:09.171 +  0.080s] [OBS] Observing for 5.0s at ~500 Hz...
[02:36:14.173 +  5.081s] ==============================
[02:36:14.173 +  5.082s]   timeline (first 30 events)
[02:36:14.173 +  5.082s] ==============================
[02:36:14.173 +  5.082s] [EVENT] [  0.000s] CMD  0x0000000000000000
[02:36:14.173 +  5.082s] [EVENT] [  0.000s] STAT 0x0000000000008002
[02:36:14.173 +  5.082s] [EVENT] [  0.002s] CMD  0x1000000000000001
[02:36:14.173 +  5.082s] [EVENT] [  0.002s] STAT 0x0000000000008001
[02:36:14.173 +  5.082s] [EVENT] [  0.004s] CMD  0x0000000000000000
[02:36:14.173 +  5.082s] [EVENT] [  0.004s] STAT 0x0000000000088202
[02:36:14.173 +  5.082s] [EVENT] [  0.006s] CMD  0x1000000000000001
[02:36:14.174 +  5.082s] [EVENT] [  0.006s] STAT 0x0000000000088201
[02:36:14.174 +  5.082s] [EVENT] [  0.008s] CMD  0x0000000000000000
[02:36:14.174 +  5.082s] [EVENT] [  0.008s] STAT 0x0000000000088202
[02:36:14.174 +  5.082s] [EVENT] [  0.011s] CMD  0x1000000000000001
[02:36:14.174 +  5.082s] [EVENT] [  0.011s] STAT 0x0000000000088201
[02:36:14.174 +  5.083s] [EVENT] [  0.013s] CMD  0x0000000000000000
[02:36:14.174 +  5.083s] [EVENT] [  0.013s] STAT 0x0000000000088202
[02:36:14.174 +  5.083s] [EVENT] [  0.015s] CMD  0x1000000000000001
[02:36:14.174 +  5.083s] [EVENT] [  0.015s] STAT 0x0000000000088201
[02:36:14.174 +  5.083s] [EVENT] [  0.017s] CMD  0x0000000000000000
[02:36:14.174 +  5.083s] [EVENT] [  0.017s] STAT 0x0000000000088202
[02:36:14.174 +  5.083s] [EVENT] [  0.019s] CMD  0x1000000000000001
[02:36:14.174 +  5.083s] [EVENT] [  0.019s] STAT 0x0000000000088201
[02:36:14.174 +  5.083s] [EVENT] [  0.021s] CMD  0x0000000000000000
[02:36:14.175 +  5.083s] [EVENT] [  0.021s] STAT 0x0000000000088202
[02:36:14.175 +  5.083s] [EVENT] [  0.023s] CMD  0x1000000000000001
[02:36:14.175 +  5.083s] [EVENT] [  0.023s] STAT 0x0000000000088201
[02:36:14.175 +  5.083s] [EVENT] [  0.025s] CMD  0x0000000000000000
[02:36:14.175 +  5.083s] [EVENT] [  0.025s] STAT 0x0000000000088202
[02:36:14.175 +  5.083s] [EVENT] [  0.027s] CMD  0x1000000000000001
[02:36:14.175 +  5.084s] [EVENT] [  0.027s] STAT 0x0000000000088201
[02:36:14.175 +  5.084s] [EVENT] [  0.030s] CMD  0x0000000000000000
[02:36:14.175 +  5.084s] [EVENT] [  0.030s] STAT 0x0000000000088202
[02:36:14.175 +  5.084s] [EVENT] ... (4720 more events truncated)
[02:36:14.175 +  5.084s] ===========
[02:36:14.175 +  5.084s]   summary
[02:36:14.175 +  5.084s] ===========
[02:36:14.179 +  5.088s] [SUMMARY] Total NPU commands attempted: 2375
[02:36:14.179 +  5.088s] [SUMMARY] Non-zero STAT words observed:   2375
[02:36:14.179 +  5.088s] [SUMMARY] First few observed status values:
[02:36:14.179 +  5.088s] [SUMMARY]   [  0.000s] 0x0000000000008002
[02:36:14.179 +  5.088s] [SUMMARY]   [  0.002s] 0x0000000000008001
[02:36:14.180 +  5.088s] [SUMMARY]   [  0.004s] 0x0000000000088202
[02:36:14.180 +  5.088s] [SUMMARY]   [  0.006s] 0x0000000000088201
[02:36:14.180 +  5.088s] [SUMMARY]   [  0.008s] 0x0000000000088202
[02:36:14.180 +  5.088s] [SUMMARY] Final acp_fmap state: flags=0x00000001 [cmd_empty=1 cmd_full=0 sts_empty=0 sts_full=0 err_sticky=0x0] sts_lvl=3
[02:36:14.180 +  5.089s] ============================
[02:36:14.180 +  5.089s]   verdict / interpretation
[02:36:14.180 +  5.089s] ============================
[02:36:14.180 +  5.089s] [VERDICT] NPU was able to produce status words while the DM channel was stalled.
[02:36:14.180 +  5.089s] [VERDICT] This suggests the NPU command/status path remains at least partially functional.
